Archive member included to satisfy reference by file (symbol)

e:/rm/ec/gcc-arm-none-eabi-10.3-2021.10-win32/arm-gnu-toolchian/bin/../lib/gcc/arm-none-eabi/10.3.1/../../../../arm-none-eabi/lib/thumb/v7e-m+fp/hard\libc_nano.a(lib_a-exit.o)
                              e:/rm/ec/gcc-arm-none-eabi-10.3-2021.10-win32/arm-gnu-toolchian/bin/../lib/gcc/arm-none-eabi/10.3.1/../../../../arm-none-eabi/lib/thumb/v7e-m+fp/hard/crt0.o (exit)
e:/rm/ec/gcc-arm-none-eabi-10.3-2021.10-win32/arm-gnu-toolchian/bin/../lib/gcc/arm-none-eabi/10.3.1/../../../../arm-none-eabi/lib/thumb/v7e-m+fp/hard\libc_nano.a(lib_a-impure.o)
                              e:/rm/ec/gcc-arm-none-eabi-10.3-2021.10-win32/arm-gnu-toolchian/bin/../lib/gcc/arm-none-eabi/10.3.1/../../../../arm-none-eabi/lib/thumb/v7e-m+fp/hard\libc_nano.a(lib_a-exit.o) (_global_impure_ptr)
e:/rm/ec/gcc-arm-none-eabi-10.3-2021.10-win32/arm-gnu-toolchian/bin/../lib/gcc/arm-none-eabi/10.3.1/../../../../arm-none-eabi/lib/thumb/v7e-m+fp/hard\libc_nano.a(lib_a-init.o)
                              e:/rm/ec/gcc-arm-none-eabi-10.3-2021.10-win32/arm-gnu-toolchian/bin/../lib/gcc/arm-none-eabi/10.3.1/../../../../arm-none-eabi/lib/thumb/v7e-m+fp/hard/crt0.o (__libc_init_array)
e:/rm/ec/gcc-arm-none-eabi-10.3-2021.10-win32/arm-gnu-toolchian/bin/../lib/gcc/arm-none-eabi/10.3.1/../../../../arm-none-eabi/lib/thumb/v7e-m+fp/hard\libc_nano.a(lib_a-memset.o)
                              e:/rm/ec/gcc-arm-none-eabi-10.3-2021.10-win32/arm-gnu-toolchian/bin/../lib/gcc/arm-none-eabi/10.3.1/../../../../arm-none-eabi/lib/thumb/v7e-m+fp/hard/crt0.o (memset)
e:/rm/ec/gcc-arm-none-eabi-10.3-2021.10-win32/arm-gnu-toolchian/bin/../lib/gcc/arm-none-eabi/10.3.1/../../../../arm-none-eabi/lib/thumb/v7e-m+fp/hard\libnosys.a(_exit.o)
                              e:/rm/ec/gcc-arm-none-eabi-10.3-2021.10-win32/arm-gnu-toolchian/bin/../lib/gcc/arm-none-eabi/10.3.1/../../../../arm-none-eabi/lib/thumb/v7e-m+fp/hard\libc_nano.a(lib_a-exit.o) (_exit)
e:/rm/ec/gcc-arm-none-eabi-10.3-2021.10-win32/arm-gnu-toolchian/bin/../lib/gcc/arm-none-eabi/10.3.1/thumb/v7e-m+fp/hard\libgcc.a(_aeabi_uldivmod.o)
                              build/stm32f4xx_hal_uart.o (__aeabi_uldivmod)
e:/rm/ec/gcc-arm-none-eabi-10.3-2021.10-win32/arm-gnu-toolchian/bin/../lib/gcc/arm-none-eabi/10.3.1/thumb/v7e-m+fp/hard\libgcc.a(_udivmoddi4.o)
                              e:/rm/ec/gcc-arm-none-eabi-10.3-2021.10-win32/arm-gnu-toolchian/bin/../lib/gcc/arm-none-eabi/10.3.1/thumb/v7e-m+fp/hard\libgcc.a(_aeabi_uldivmod.o) (__udivmoddi4)
e:/rm/ec/gcc-arm-none-eabi-10.3-2021.10-win32/arm-gnu-toolchian/bin/../lib/gcc/arm-none-eabi/10.3.1/thumb/v7e-m+fp/hard\libgcc.a(_dvmd_tls.o)
                              e:/rm/ec/gcc-arm-none-eabi-10.3-2021.10-win32/arm-gnu-toolchian/bin/../lib/gcc/arm-none-eabi/10.3.1/thumb/v7e-m+fp/hard\libgcc.a(_aeabi_uldivmod.o) (__aeabi_ldiv0)

Discarded input sections

 .text          0x00000000        0x0 e:/rm/ec/gcc-arm-none-eabi-10.3-2021.10-win32/arm-gnu-toolchian/bin/../lib/gcc/arm-none-eabi/10.3.1/thumb/v7e-m+fp/hard/crti.o
 .data          0x00000000        0x0 e:/rm/ec/gcc-arm-none-eabi-10.3-2021.10-win32/arm-gnu-toolchian/bin/../lib/gcc/arm-none-eabi/10.3.1/thumb/v7e-m+fp/hard/crti.o
 .bss           0x00000000        0x0 e:/rm/ec/gcc-arm-none-eabi-10.3-2021.10-win32/arm-gnu-toolchian/bin/../lib/gcc/arm-none-eabi/10.3.1/thumb/v7e-m+fp/hard/crti.o
 .data          0x00000000        0x4 e:/rm/ec/gcc-arm-none-eabi-10.3-2021.10-win32/arm-gnu-toolchian/bin/../lib/gcc/arm-none-eabi/10.3.1/thumb/v7e-m+fp/hard/crtbegin.o
 .rodata        0x00000000       0x24 e:/rm/ec/gcc-arm-none-eabi-10.3-2021.10-win32/arm-gnu-toolchian/bin/../lib/gcc/arm-none-eabi/10.3.1/thumb/v7e-m+fp/hard/crtbegin.o
 .text          0x00000000       0x7c e:/rm/ec/gcc-arm-none-eabi-10.3-2021.10-win32/arm-gnu-toolchian/bin/../lib/gcc/arm-none-eabi/10.3.1/../../../../arm-none-eabi/lib/thumb/v7e-m+fp/hard/crt0.o
 .data          0x00000000        0x0 e:/rm/ec/gcc-arm-none-eabi-10.3-2021.10-win32/arm-gnu-toolchian/bin/../lib/gcc/arm-none-eabi/10.3.1/../../../../arm-none-eabi/lib/thumb/v7e-m+fp/hard/crt0.o
 .bss           0x00000000        0x0 e:/rm/ec/gcc-arm-none-eabi-10.3-2021.10-win32/arm-gnu-toolchian/bin/../lib/gcc/arm-none-eabi/10.3.1/../../../../arm-none-eabi/lib/thumb/v7e-m+fp/hard/crt0.o
 .ARM.extab     0x00000000        0x0 e:/rm/ec/gcc-arm-none-eabi-10.3-2021.10-win32/arm-gnu-toolchian/bin/../lib/gcc/arm-none-eabi/10.3.1/../../../../arm-none-eabi/lib/thumb/v7e-m+fp/hard/crt0.o
 .ARM.exidx     0x00000000       0x10 e:/rm/ec/gcc-arm-none-eabi-10.3-2021.10-win32/arm-gnu-toolchian/bin/../lib/gcc/arm-none-eabi/10.3.1/../../../../arm-none-eabi/lib/thumb/v7e-m+fp/hard/crt0.o
 .ARM.attributes
                0x00000000       0x1c e:/rm/ec/gcc-arm-none-eabi-10.3-2021.10-win32/arm-gnu-toolchian/bin/../lib/gcc/arm-none-eabi/10.3.1/../../../../arm-none-eabi/lib/thumb/v7e-m+fp/hard/crt0.o
 .text          0x00000000        0x0 build/main.o
[...]
Memory Configuration

Name             Origin             Length             Attributes
RAM              0x20000000         0x00020000         xrw
CCMRAM           0x10000000         0x00010000         xrw
FLASH            0x08000000         0x00100000         xr
*default*        0x00000000         0xffffffff

Linker script and memory map

LOAD e:/rm/ec/gcc-arm-none-eabi-10.3-2021.10-win32/arm-gnu-toolchian/bin/../lib/gcc/arm-none-eabi/10.3.1/thumb/v7e-m+fp/hard/crti.o
LOAD e:/rm/ec/gcc-arm-none-eabi-10.3-2021.10-win32/arm-gnu-toolchian/bin/../lib/gcc/arm-none-eabi/10.3.1/thumb/v7e-m+fp/hard/crtbegin.o
LOAD e:/rm/ec/gcc-arm-none-eabi-10.3-2021.10-win32/arm-gnu-toolchian/bin/../lib/gcc/arm-none-eabi/10.3.1/../../../../arm-none-eabi/lib/thumb/v7e-m+fp/hard/crt0.o
LOAD build/main.o
LOAD build/gpio.o
LOAD build/usart.o
LOAD build/stm32f4xx_it.o
LOAD build/stm32f4xx_hal_msp.o
LOAD build/stm32f4xx_hal_tim.o
LOAD build/stm32f4xx_hal_tim_ex.o
LOAD build/stm32f4xx_hal_uart.o
LOAD build/stm32f4xx_hal_rcc.o
LOAD build/stm32f4xx_hal_rcc_ex.o
LOAD build/stm32f4xx_hal_flash.o
LOAD build/stm32f4xx_hal_flash_ex.o
LOAD build/stm32f4xx_hal_flash_ramfunc.o
LOAD build/stm32f4xx_hal_gpio.o
LOAD build/stm32f4xx_hal_dma_ex.o
LOAD build/stm32f4xx_hal_dma.o
LOAD build/stm32f4xx_hal_pwr.o
LOAD build/stm32f4xx_hal_pwr_ex.o
LOAD build/stm32f4xx_hal_cortex.o
LOAD build/stm32f4xx_hal.o
LOAD build/stm32f4xx_hal_exti.o
LOAD build/system_stm32f4xx.o
LOAD build/startup_stm32f405xx.o
LOAD e:/rm/ec/gcc-arm-none-eabi-10.3-2021.10-win32/arm-gnu-toolchian/bin/../lib/gcc/arm-none-eabi/10.3.1/../../../../arm-none-eabi/lib/thumb/v7e-m+fp/hard\libc_nano.a
LOAD e:/rm/ec/gcc-arm-none-eabi-10.3-2021.10-win32/arm-gnu-toolchian/bin/../lib/gcc/arm-none-eabi/10.3.1/../../../../arm-none-eabi/lib/thumb/v7e-m+fp/hard\libm.a
LOAD e:/rm/ec/gcc-arm-none-eabi-10.3-2021.10-win32/arm-gnu-toolchian/bin/../lib/gcc/arm-none-eabi/10.3.1/../../../../arm-none-eabi/lib/thumb/v7e-m+fp/hard\libnosys.a
START GROUP
LOAD e:/rm/ec/gcc-arm-none-eabi-10.3-2021.10-win32/arm-gnu-toolchian/bin/../lib/gcc/arm-none-eabi/10.3.1/thumb/v7e-m+fp/hard\libgcc.a
LOAD e:/rm/ec/gcc-arm-none-eabi-10.3-2021.10-win32/arm-gnu-toolchian/bin/../lib/gcc/arm-none-eabi/10.3.1/../../../../arm-none-eabi/lib/thumb/v7e-m+fp/hard\libc_nano.a
END GROUP
START GROUP
LOAD e:/rm/ec/gcc-arm-none-eabi-10.3-2021.10-win32/arm-gnu-toolchian/bin/../lib/gcc/arm-none-eabi/10.3.1/thumb/v7e-m+fp/hard\libgcc.a
LOAD e:/rm/ec/gcc-arm-none-eabi-10.3-2021.10-win32/arm-gnu-toolchian/bin/../lib/gcc/arm-none-eabi/10.3.1/../../../../arm-none-eabi/lib/thumb/v7e-m+fp/hard\libc_nano.a
END GROUP
LOAD e:/rm/ec/gcc-arm-none-eabi-10.3-2021.10-win32/arm-gnu-toolchian/bin/../lib/gcc/arm-none-eabi/10.3.1/thumb/v7e-m+fp/hard/crtend.o
LOAD e:/rm/ec/gcc-arm-none-eabi-10.3-2021.10-win32/arm-gnu-toolchian/bin/../lib/gcc/arm-none-eabi/10.3.1/thumb/v7e-m+fp/hard/crtn.o
                0x20020000                _estack = 0x20020000
                0x00000200                _Min_Heap_Size = 0x200
                0x00000400                _Min_Stack_Size = 0x400

.isr_vector     0x08000000      0x188
                0x08000000                . = ALIGN (0x4)
 *(.isr_vector)
 .isr_vector    0x08000000      0x188 build/startup_stm32f405xx.o
                0x08000000                g_pfnVectors
                0x08000188                . = ALIGN (0x4)

.text           0x08000188     0x1490
                0x08000188                . = ALIGN (0x4)
 *(.text)
 .text          0x08000188       0x40 e:/rm/ec/gcc-arm-none-eabi-10.3-2021.10-win32/arm-gnu-toolchian/bin/../lib/gcc/arm-none-eabi/10.3.1/thumb/v7e-m+fp/hard/crtbegin.o
 .text          0x080001c8       0x30 e:/rm/ec/gcc-arm-none-eabi-10.3-2021.10-win32/arm-gnu-toolchian/bin/../lib/gcc/arm-none-eabi/10.3.1/thumb/v7e-m+fp/hard\libgcc.a(_aeabi_uldivmod.o)
                0x080001c8                __aeabi_uldivmod
 .text          0x080001f8      0x2d0 e:/rm/ec/gcc-arm-none-eabi-10.3-2021.10-win32/arm-gnu-toolchian/bin/../lib/gcc/arm-none-eabi/10.3.1/thumb/v7e-m+fp/hard\libgcc.a(_udivmoddi4.o)
                0x080001f8                __udivmoddi4
 .text          0x080004c8        0x4 e:/rm/ec/gcc-arm-none-eabi-10.3-2021.10-win32/arm-gnu-toolchian/bin/../lib/gcc/arm-none-eabi/10.3.1/thumb/v7e-m+fp/hard\libgcc.a(_dvmd_tls.o)
                0x080004c8                __aeabi_idiv0
                0x080004c8                __aeabi_ldiv0
 *(.text*)
 .text.Error_Handler
                0x080004cc        0x4 build/main.o
                0x080004cc                Error_Handler
 .text.SystemClock_Config
                0x080004d0       0xac build/main.o
                0x080004d0                SystemClock_Config
 .text.main     0x0800057c       0x14 build/main.o
                0x0800057c                main
 .text.MX_GPIO_Init
                0x08000590       0x38 build/gpio.o
                0x08000590                MX_GPIO_Init
 .text.MX_USART3_UART_Init
                0x080005c8       0x34 build/usart.o
                0x080005c8                MX_USART3_UART_Init
 .text.HAL_UART_MspInit
                0x080005fc       0x80 build/usart.o
                0x080005fc                HAL_UART_MspInit
 .text.NMI_Handler
                0x0800067c        0x2 build/stm32f4xx_it.o
                0x0800067c                NMI_Handler
 .text.HardFault_Handler
                0x0800067e        0x2 build/stm32f4xx_it.o
                0x0800067e                HardFault_Handler
 .text.MemManage_Handler
                0x08000680        0x2 build/stm32f4xx_it.o
                0x08000680                MemManage_Handler
 .text.BusFault_Handler
                0x08000682        0x2 build/stm32f4xx_it.o
                0x08000682                BusFault_Handler
 .text.UsageFault_Handler
                0x08000684        0x2 build/stm32f4xx_it.o
                0x08000684                UsageFault_Handler
 .text.SVC_Handler
                0x08000686        0x2 build/stm32f4xx_it.o
                0x08000686                SVC_Handler
 .text.DebugMon_Handler
                0x08000688        0x2 build/stm32f4xx_it.o
                0x08000688                DebugMon_Handler
 .text.PendSV_Handler
                0x0800068a        0x2 build/stm32f4xx_it.o
                0x0800068a                PendSV_Handler
 .text.SysTick_Handler
                0x0800068c        0x8 build/stm32f4xx_it.o
                0x0800068c                SysTick_Handler
 .text.USART3_IRQHandler
                0x08000694       0x10 build/stm32f4xx_it.o
                0x08000694                USART3_IRQHandler
 .text.HAL_MspInit
                0x080006a4       0x38 build/stm32f4xx_hal_msp.o
                0x080006a4                HAL_MspInit
 .text.UART_EndRxTransfer
                0x080006dc       0x1c build/stm32f4xx_hal_uart.o
 .text.UART_Transmit_IT
                0x080006f8       0x66 build/stm32f4xx_hal_uart.o
 *fill*         0x0800075e        0x2 
 .text.UART_SetConfig
                0x08000760      0x1d4 build/stm32f4xx_hal_uart.o
 .text.HAL_UART_Init
                0x08000934       0x5e build/stm32f4xx_hal_uart.o
                0x08000934                HAL_UART_Init
 .text.HAL_UART_TxCpltCallback
                0x08000992        0x2 build/stm32f4xx_hal_uart.o
                0x08000992                HAL_UART_TxCpltCallback
 .text.UART_EndTransmit_IT
                0x08000994       0x1a build/stm32f4xx_hal_uart.o
 .text.HAL_UART_RxCpltCallback
                0x080009ae        0x2 build/stm32f4xx_hal_uart.o
                0x080009ae                HAL_UART_RxCpltCallback
 .text.UART_Receive_IT
                0x080009b0       0x9e build/stm32f4xx_hal_uart.o
 .text.HAL_UART_ErrorCallback
                0x08000a4e        0x2 build/stm32f4xx_hal_uart.o
                0x08000a4e                HAL_UART_ErrorCallback
 .text.HAL_UART_IRQHandler
                0x08000a50      0x128 build/stm32f4xx_hal_uart.o
                0x08000a50                HAL_UART_IRQHandler
 .text.UART_DMAAbortOnError
                0x08000b78       0x10 build/stm32f4xx_hal_uart.o
 .text.HAL_RCC_OscConfig
                0x08000b88      0x3ec build/stm32f4xx_hal_rcc.o
                0x08000b88                HAL_RCC_OscConfig
 .text.HAL_RCC_GetSysClockFreq
                0x08000f74       0xa4 build/stm32f4xx_hal_rcc.o
                0x08000f74                HAL_RCC_GetSysClockFreq
 .text.HAL_RCC_ClockConfig
                0x08001018      0x160 build/stm32f4xx_hal_rcc.o
                0x08001018                HAL_RCC_ClockConfig
 .text.HAL_RCC_GetHCLKFreq
                0x08001178        0xc build/stm32f4xx_hal_rcc.o
                0x08001178                HAL_RCC_GetHCLKFreq
 .text.HAL_RCC_GetPCLK1Freq
                0x08001184       0x20 build/stm32f4xx_hal_rcc.o
                0x08001184                HAL_RCC_GetPCLK1Freq
 .text.HAL_RCC_GetPCLK2Freq
                0x080011a4       0x20 build/stm32f4xx_hal_rcc.o
                0x080011a4                HAL_RCC_GetPCLK2Freq
 .text.HAL_GPIO_Init
                0x080011c4      0x1d0 build/stm32f4xx_hal_gpio.o
                0x080011c4                HAL_GPIO_Init
 .text.HAL_DMA_Abort_IT
                0x08001394       0x26 build/stm32f4xx_hal_dma.o
                0x08001394                HAL_DMA_Abort_IT
 *fill*         0x080013ba        0x2 
 .text.HAL_NVIC_SetPriorityGrouping
                0x080013bc       0x24 build/stm32f4xx_hal_cortex.o
                0x080013bc                HAL_NVIC_SetPriorityGrouping
 .text.HAL_NVIC_SetPriority
                0x080013e0       0x70 build/stm32f4xx_hal_cortex.o
                0x080013e0                HAL_NVIC_SetPriority
 .text.HAL_NVIC_EnableIRQ
                0x08001450       0x1c build/stm32f4xx_hal_cortex.o
                0x08001450                HAL_NVIC_EnableIRQ
 .text.HAL_SYSTICK_Config
                0x0800146c       0x28 build/stm32f4xx_hal_cortex.o
                0x0800146c                HAL_SYSTICK_Config
 .text.HAL_InitTick
                0x08001494       0x4c build/stm32f4xx_hal.o
                0x08001494                HAL_InitTick
 .text.HAL_Init
                0x080014e0       0x34 build/stm32f4xx_hal.o
                0x080014e0                HAL_Init
 .text.HAL_IncTick
                0x08001514       0x18 build/stm32f4xx_hal.o
                0x08001514                HAL_IncTick
 .text.HAL_GetTick
                0x0800152c        0xc build/stm32f4xx_hal.o
                0x0800152c                HAL_GetTick
 .text.SystemInit
                0x08001538       0x1c build/system_stm32f4xx.o
                0x08001538                SystemInit
 .text.Reset_Handler
                0x08001554       0x50 build/startup_stm32f405xx.o
                0x08001554                Reset_Handler
 .text.Default_Handler
                0x080015a4        0x2 build/startup_stm32f405xx.o
                0x080015a4                RTC_Alarm_IRQHandler
                0x080015a4                HASH_RNG_IRQHandler
                0x080015a4                EXTI2_IRQHandler
                0x080015a4                TIM8_CC_IRQHandler
                0x080015a4                TIM1_CC_IRQHandler
                0x080015a4                DMA2_Stream5_IRQHandler
                0x080015a4                DMA1_Stream5_IRQHandler
                0x080015a4                PVD_IRQHandler
                0x080015a4                SDIO_IRQHandler
                0x080015a4                TAMP_STAMP_IRQHandler
                0x080015a4                CAN2_RX1_IRQHandler
                0x080015a4                EXTI3_IRQHandler
                0x080015a4                TIM8_TRG_COM_TIM14_IRQHandler
                0x080015a4                TIM1_UP_TIM10_IRQHandler
                0x080015a4                TIM8_UP_TIM13_IRQHandler
                0x080015a4                I2C3_ER_IRQHandler
                0x080015a4                EXTI0_IRQHandler
                0x080015a4                I2C2_EV_IRQHandler
                0x080015a4                DMA1_Stream2_IRQHandler
                0x080015a4                CAN1_RX0_IRQHandler
                0x080015a4                FPU_IRQHandler
                0x080015a4                OTG_HS_WKUP_IRQHandler
                0x080015a4                CAN2_SCE_IRQHandler
                0x080015a4                DMA2_Stream2_IRQHandler
                0x080015a4                SPI1_IRQHandler
                0x080015a4                TIM6_DAC_IRQHandler
                0x080015a4                TIM1_BRK_TIM9_IRQHandler
                0x080015a4                CAN2_RX0_IRQHandler
                0x080015a4                DMA2_Stream3_IRQHandler
                0x080015a4                USART6_IRQHandler
                0x080015a4                CAN1_RX1_IRQHandler
                0x080015a4                UART5_IRQHandler
                0x080015a4                DMA2_Stream0_IRQHandler
                0x080015a4                TIM4_IRQHandler
                0x080015a4                I2C1_EV_IRQHandler
                0x080015a4                DMA1_Stream6_IRQHandler
                0x080015a4                DMA1_Stream1_IRQHandler
                0x080015a4                UART4_IRQHandler
                0x080015a4                TIM3_IRQHandler
                0x080015a4                RCC_IRQHandler
                0x080015a4                TIM8_BRK_TIM12_IRQHandler
                0x080015a4                Default_Handler
                0x080015a4                EXTI15_10_IRQHandler
                0x080015a4                ADC_IRQHandler
                0x080015a4                DMA1_Stream7_IRQHandler
                0x080015a4                TIM7_IRQHandler
                0x080015a4                CAN2_TX_IRQHandler
                0x080015a4                TIM5_IRQHandler
                0x080015a4                DMA2_Stream7_IRQHandler
                0x080015a4                I2C3_EV_IRQHandler
                0x080015a4                EXTI9_5_IRQHandler
                0x080015a4                RTC_WKUP_IRQHandler
                0x080015a4                SPI2_IRQHandler
                0x080015a4                OTG_HS_EP1_IN_IRQHandler
                0x080015a4                DMA1_Stream0_IRQHandler
                0x080015a4                CAN1_TX_IRQHandler
                0x080015a4                EXTI4_IRQHandler
                0x080015a4                FSMC_IRQHandler
                0x080015a4                OTG_HS_EP1_OUT_IRQHandler
                0x080015a4                WWDG_IRQHandler
                0x080015a4                TIM2_IRQHandler
                0x080015a4                OTG_FS_WKUP_IRQHandler
                0x080015a4                TIM1_TRG_COM_TIM11_IRQHandler
                0x080015a4                OTG_HS_IRQHandler
                0x080015a4                EXTI1_IRQHandler
                0x080015a4                USART2_IRQHandler
                0x080015a4                I2C2_ER_IRQHandler
                0x080015a4                DMA2_Stream1_IRQHandler
                0x080015a4                CAN1_SCE_IRQHandler
                0x080015a4                FLASH_IRQHandler
                0x080015a4                DMA2_Stream4_IRQHandler
                0x080015a4                USART1_IRQHandler
                0x080015a4                OTG_FS_IRQHandler
                0x080015a4                SPI3_IRQHandler
                0x080015a4                DMA1_Stream4_IRQHandler
                0x080015a4                I2C1_ER_IRQHandler
                0x080015a4                DMA2_Stream6_IRQHandler
                0x080015a4                DMA1_Stream3_IRQHandler
 *fill*         0x080015a6        0x2 
 .text.__libc_init_array
                0x080015a8       0x48 e:/rm/ec/gcc-arm-none-eabi-10.3-2021.10-win32/arm-gnu-toolchian/bin/../lib/gcc/arm-none-eabi/10.3.1/../../../../arm-none-eabi/lib/thumb/v7e-m+fp/hard\libc_nano.a(lib_a-init.o)
                0x080015a8                __libc_init_array
 .text.memset   0x080015f0       0x10 e:/rm/ec/gcc-arm-none-eabi-10.3-2021.10-win32/arm-gnu-toolchian/bin/../lib/gcc/arm-none-eabi/10.3.1/../../../../arm-none-eabi/lib/thumb/v7e-m+fp/hard\libc_nano.a(lib_a-memset.o)
                0x080015f0                memset
 *(.glue_7)
 .glue_7        0x08001600        0x0 linker stubs
 *(.glue_7t)
 .glue_7t       0x08001600        0x0 linker stubs
 *(.eh_frame)
 .eh_frame      0x08001600        0x0 e:/rm/ec/gcc-arm-none-eabi-10.3-2021.10-win32/arm-gnu-toolchian/bin/../lib/gcc/arm-none-eabi/10.3.1/thumb/v7e-m+fp/hard/crtbegin.o
 *(.init)
 .init          0x08001600        0x4 e:/rm/ec/gcc-arm-none-eabi-10.3-2021.10-win32/arm-gnu-toolchian/bin/../lib/gcc/arm-none-eabi/10.3.1/thumb/v7e-m+fp/hard/crti.o
                0x08001600                _init
 .init          0x08001604        0x8 e:/rm/ec/gcc-arm-none-eabi-10.3-2021.10-win32/arm-gnu-toolchian/bin/../lib/gcc/arm-none-eabi/10.3.1/thumb/v7e-m+fp/hard/crtn.o
 *(.fini)
 .fini          0x0800160c        0x4 e:/rm/ec/gcc-arm-none-eabi-10.3-2021.10-win32/arm-gnu-toolchian/bin/../lib/gcc/arm-none-eabi/10.3.1/thumb/v7e-m+fp/hard/crti.o
                0x0800160c                _fini
 .fini          0x08001610        0x8 e:/rm/ec/gcc-arm-none-eabi-10.3-2021.10-win32/arm-gnu-toolchian/bin/../lib/gcc/arm-none-eabi/10.3.1/thumb/v7e-m+fp/hard/crtn.o
                0x08001618                . = ALIGN (0x4)
                0x08001618                _etext = .

.vfp11_veneer   0x08001618        0x0
 .vfp11_veneer  0x08001618        0x0 linker stubs

.v4_bx          0x08001618        0x0
 .v4_bx         0x08001618        0x0 linker stubs

.iplt           0x08001618        0x0
 .iplt          0x08001618        0x0 e:/rm/ec/gcc-arm-none-eabi-10.3-2021.10-win32/arm-gnu-toolchian/bin/../lib/gcc/arm-none-eabi/10.3.1/thumb/v7e-m+fp/hard/crtbegin.o

.rodata         0x08001618       0x18
                0x08001618                . = ALIGN (0x4)
 *(.rodata)
 *(.rodata*)
 .rodata.AHBPrescTable
                0x08001618       0x10 build/system_stm32f4xx.o
                0x08001618                AHBPrescTable
 .rodata.APBPrescTable
                0x08001628        0x8 build/system_stm32f4xx.o
                0x08001628                APBPrescTable
                0x08001630                . = ALIGN (0x4)

.ARM.extab
 *(.ARM.extab* .gnu.linkonce.armextab.*)

.ARM            0x08001630        0x8
                0x08001630                __exidx_start = .
 *(.ARM.exidx*)
 .ARM.exidx     0x08001630        0x8 e:/rm/ec/gcc-arm-none-eabi-10.3-2021.10-win32/arm-gnu-toolchian/bin/../lib/gcc/arm-none-eabi/10.3.1/thumb/v7e-m+fp/hard\libgcc.a(_udivmoddi4.o)
                0x08001638                __exidx_end = .

.rel.dyn        0x08001638        0x0
 .rel.iplt      0x08001638        0x0 e:/rm/ec/gcc-arm-none-eabi-10.3-2021.10-win32/arm-gnu-toolchian/bin/../lib/gcc/arm-none-eabi/10.3.1/thumb/v7e-m+fp/hard/crtbegin.o

.preinit_array  0x08001638        0x0
                0x08001638                PROVIDE (__preinit_array_start = .)
 *(.preinit_array*)
                0x08001638                PROVIDE (__preinit_array_end = .)

.init_array     0x08001638        0x4
                0x08001638                PROVIDE (__init_array_start = .)
 *(SORT_BY_NAME(.init_array.*))
 *(.init_array*)
 .init_array    0x08001638        0x4 e:/rm/ec/gcc-arm-none-eabi-10.3-2021.10-win32/arm-gnu-toolchian/bin/../lib/gcc/arm-none-eabi/10.3.1/thumb/v7e-m+fp/hard/crtbegin.o
                0x0800163c                PROVIDE (__init_array_end = .)

.fini_array     0x0800163c        0x4
                [!provide]                PROVIDE (__fini_array_start = .)
 *(SORT_BY_NAME(.fini_array.*))
 *(.fini_array*)
 .fini_array    0x0800163c        0x4 e:/rm/ec/gcc-arm-none-eabi-10.3-2021.10-win32/arm-gnu-toolchian/bin/../lib/gcc/arm-none-eabi/10.3.1/thumb/v7e-m+fp/hard/crtbegin.o
                [!provide]                PROVIDE (__fini_array_end = .)
                0x08001640                _sidata = LOADADDR (.data)

.data           0x20000000        0xc load address 0x08001640
                0x20000000                . = ALIGN (0x4)
                0x20000000                _sdata = .
 *(.data)
 *(.data*)
 .data.uwTickFreq
                0x20000000        0x1 build/stm32f4xx_hal.o
                0x20000000                uwTickFreq
 *fill*         0x20000001        0x3 
 .data.uwTickPrio
                0x20000004        0x4 build/stm32f4xx_hal.o
                0x20000004                uwTickPrio
 .data.SystemCoreClock
                0x20000008        0x4 build/system_stm32f4xx.o
                0x20000008                SystemCoreClock
                0x2000000c                . = ALIGN (0x4)
                0x2000000c                _edata = .
                0x0800164c                _siccmram = LOADADDR (.ccmram)

.igot.plt       0x2000000c        0x0 load address 0x0800164c
 .igot.plt      0x2000000c        0x0 e:/rm/ec/gcc-arm-none-eabi-10.3-2021.10-win32/arm-gnu-toolchian/bin/../lib/gcc/arm-none-eabi/10.3.1/thumb/v7e-m+fp/hard/crtbegin.o

.ccmram         0x10000000        0x0 load address 0x0800164c
                0x10000000                . = ALIGN (0x4)
                0x10000000                _sccmram = .
 *(.ccmram)
 *(.ccmram*)
                0x10000000                . = ALIGN (0x4)
                0x10000000                _eccmram = .
                0x10000000                . = ALIGN (0x4)

.bss            0x2000000c       0x60
                0x2000000c                _sbss = .
                0x2000000c                __bss_start__ = _sbss
 *(.bss)
 .bss           0x2000000c       0x1c e:/rm/ec/gcc-arm-none-eabi-10.3-2021.10-win32/arm-gnu-toolchian/bin/../lib/gcc/arm-none-eabi/10.3.1/thumb/v7e-m+fp/hard/crtbegin.o
 *(.bss*)
 .bss.huart3    0x20000028       0x40 build/usart.o
                0x20000028                huart3
 .bss.uwTick    0x20000068        0x4 build/stm32f4xx_hal.o
                0x20000068                uwTick
 *(COMMON)
                0x2000006c                . = ALIGN (0x4)
                0x2000006c                _ebss = .
                0x2000006c                __bss_end__ = _ebss

._user_heap_stack
                0x2000006c      0x604
                0x20000070                . = ALIGN (0x8)
 *fill*         0x2000006c        0x4 
                [!provide]                PROVIDE (end = .)
                [!provide]                PROVIDE (_end = .)
                0x20000270                . = (. + _Min_Heap_Size)
 *fill*         0x20000070      0x200 
                0x20000670                . = (. + _Min_Stack_Size)
 *fill*         0x20000270      0x400 
                0x20000670                . = ALIGN (0x8)

/DISCARD/
 libc.a(*)
 libm.a(*)
 libgcc.a(*)

.ARM.attributes
                0x00000000       0x30
 *(.ARM.attributes)
 .ARM.attributes
                0x00000000       0x1e e:/rm/ec/gcc-arm-none-eabi-10.3-2021.10-win32/arm-gnu-toolchian/bin/../lib/gcc/arm-none-eabi/10.3.1/thumb/v7e-m+fp/hard/crti.o
 .ARM.attributes
                0x0000001e       0x34 e:/rm/ec/gcc-arm-none-eabi-10.3-2021.10-win32/arm-gnu-toolchian/bin/../lib/gcc/arm-none-eabi/10.3.1/thumb/v7e-m+fp/hard/crtbegin.o
 .ARM.attributes
                0x00000052       0x34 build/main.o
 .ARM.attributes
                0x00000086       0x34 build/gpio.o
 .ARM.attributes
                0x000000ba       0x34 build/usart.o
 .ARM.attributes
                0x000000ee       0x34 build/stm32f4xx_it.o
 .ARM.attributes
                0x00000122       0x34 build/stm32f4xx_hal_msp.o
 .ARM.attributes
                0x00000156       0x34 build/stm32f4xx_hal_uart.o
 .ARM.attributes
                0x0000018a       0x34 build/stm32f4xx_hal_rcc.o
 .ARM.attributes
                0x000001be       0x34 build/stm32f4xx_hal_gpio.o
 .ARM.attributes
                0x000001f2       0x34 build/stm32f4xx_hal_dma.o
 .ARM.attributes
                0x00000226       0x34 build/stm32f4xx_hal_cortex.o
 .ARM.attributes
                0x0000025a       0x34 build/stm32f4xx_hal.o
 .ARM.attributes
                0x0000028e       0x34 build/system_stm32f4xx.o
 .ARM.attributes
                0x000002c2       0x21 build/startup_stm32f405xx.o
 .ARM.attributes
                0x000002e3       0x34 e:/rm/ec/gcc-arm-none-eabi-10.3-2021.10-win32/arm-gnu-toolchian/bin/../lib/gcc/arm-none-eabi/10.3.1/../../../../arm-none-eabi/lib/thumb/v7e-m+fp/hard\libc_nano.a(lib_a-init.o)
 .ARM.attributes
                0x00000317       0x34 e:/rm/ec/gcc-arm-none-eabi-10.3-2021.10-win32/arm-gnu-toolchian/bin/../lib/gcc/arm-none-eabi/10.3.1/../../../../arm-none-eabi/lib/thumb/v7e-m+fp/hard\libc_nano.a(lib_a-memset.o)
 .ARM.attributes
                0x0000034b       0x1e e:/rm/ec/gcc-arm-none-eabi-10.3-2021.10-win32/arm-gnu-toolchian/bin/../lib/gcc/arm-none-eabi/10.3.1/thumb/v7e-m+fp/hard\libgcc.a(_aeabi_uldivmod.o)
 .ARM.attributes
                0x00000369       0x34 e:/rm/ec/gcc-arm-none-eabi-10.3-2021.10-win32/arm-gnu-toolchian/bin/../lib/gcc/arm-none-eabi/10.3.1/thumb/v7e-m+fp/hard\libgcc.a(_udivmoddi4.o)
 .ARM.attributes
                0x0000039d       0x1e e:/rm/ec/gcc-arm-none-eabi-10.3-2021.10-win32/arm-gnu-toolchian/bin/../lib/gcc/arm-none-eabi/10.3.1/thumb/v7e-m+fp/hard\libgcc.a(_dvmd_tls.o)
 .ARM.attributes
                0x000003bb       0x1e e:/rm/ec/gcc-arm-none-eabi-10.3-2021.10-win32/arm-gnu-toolchian/bin/../lib/gcc/arm-none-eabi/10.3.1/thumb/v7e-m+fp/hard/crtn.o
OUTPUT(build/Guided_Dart.elf elf32-littlearm)
LOAD linker stubs
LOAD e:/rm/ec/gcc-arm-none-eabi-10.3-2021.10-win32/arm-gnu-toolchian/bin/../lib/gcc/arm-none-eabi/10.3.1/../../../../arm-none-eabi/lib/thumb/v7e-m+fp/hard\libc.a
LOAD e:/rm/ec/gcc-arm-none-eabi-10.3-2021.10-win32/arm-gnu-toolchian/bin/../lib/gcc/arm-none-eabi/10.3.1/../../../../arm-none-eabi/lib/thumb/v7e-m+fp/hard\libm.a
LOAD e:/rm/ec/gcc-arm-none-eabi-10.3-2021.10-win32/arm-gnu-toolchian/bin/../lib/gcc/arm-none-eabi/10.3.1/thumb/v7e-m+fp/hard\libgcc.a

.debug_info     0x00000000     0x7c54
 .debug_info    0x00000000      0x60c build/main.o
 .debug_info    0x0000060c      0x2eb build/gpio.o
 .debug_info    0x000008f7      0xd1d build/usart.o
 .debug_info    0x00001614      0x6f9 build/stm32f4xx_it.o
 .debug_info    0x00001d0d      0x2eb build/stm32f4xx_hal_msp.o
 .debug_info    0x00001ff8     0x1a7e build/stm32f4xx_hal_uart.o
 .debug_info    0x00003a76      0xbe6 build/stm32f4xx_hal_rcc.o
 .debug_info    0x0000465c      0x833 build/stm32f4xx_hal_gpio.o
 .debug_info    0x00004e8f      0xbd1 build/stm32f4xx_hal_dma.o
 .debug_info    0x00005a60     0x1162 build/stm32f4xx_hal_cortex.o
 .debug_info    0x00006bc2      0xabd build/stm32f4xx_hal.o
 .debug_info    0x0000767f      0x5b3 build/system_stm32f4xx.o
 .debug_info    0x00007c32       0x22 build/startup_stm32f405xx.o

.debug_abbrev   0x00000000     0x1822
 .debug_abbrev  0x00000000      0x1d8 build/main.o
 .debug_abbrev  0x000001d8       0xd3 build/gpio.o
 .debug_abbrev  0x000002ab      0x1e0 build/usart.o
 .debug_abbrev  0x0000048b      0x16b build/stm32f4xx_it.o
 .debug_abbrev  0x000005f6       0xd3 build/stm32f4xx_hal_msp.o
 .debug_abbrev  0x000006c9      0x2cd build/stm32f4xx_hal_uart.o
 .debug_abbrev  0x00000996      0x2aa build/stm32f4xx_hal_rcc.o
 .debug_abbrev  0x00000c40      0x22b build/stm32f4xx_hal_gpio.o
 .debug_abbrev  0x00000e6b      0x2ff build/stm32f4xx_hal_dma.o
 .debug_abbrev  0x0000116a      0x382 build/stm32f4xx_hal_cortex.o
 .debug_abbrev  0x000014ec      0x209 build/stm32f4xx_hal.o
 .debug_abbrev  0x000016f5      0x11b build/system_stm32f4xx.o
 .debug_abbrev  0x00001810       0x12 build/startup_stm32f405xx.o

.debug_loc      0x00000000     0x4465
 .debug_loc     0x00000000       0x66 build/main.o
 .debug_loc     0x00000066       0x2c build/gpio.o
 .debug_loc     0x00000092      0x108 build/usart.o
 .debug_loc     0x0000019a       0x40 build/stm32f4xx_it.o
 .debug_loc     0x000001da       0x2c build/stm32f4xx_hal_msp.o
 .debug_loc     0x00000206     0x1d6a build/stm32f4xx_hal_uart.o
 .debug_loc     0x00001f70      0x6e4 build/stm32f4xx_hal_rcc.o
 .debug_loc     0x00002654      0x5c7 build/stm32f4xx_hal_gpio.o
 .debug_loc     0x00002c1b      0xd6d build/stm32f4xx_hal_dma.o
 .debug_loc     0x00003988      0x7a4 build/stm32f4xx_hal_cortex.o
 .debug_loc     0x0000412c      0x1e1 build/stm32f4xx_hal.o
 .debug_loc     0x0000430d      0x158 build/system_stm32f4xx.o

.debug_aranges  0x00000000      0x630
 .debug_aranges
                0x00000000       0x30 build/main.o
 .debug_aranges
                0x00000030       0x20 build/gpio.o
 .debug_aranges
                0x00000050       0x30 build/usart.o
 .debug_aranges
                0x00000080       0x68 build/stm32f4xx_it.o
 .debug_aranges
                0x000000e8       0x20 build/stm32f4xx_hal_msp.o
 .debug_aranges
                0x00000108      0x1d0 build/stm32f4xx_hal_uart.o
 .debug_aranges
                0x000002d8       0x88 build/stm32f4xx_hal_rcc.o
 .debug_aranges
                0x00000360       0x58 build/stm32f4xx_hal_gpio.o
 .debug_aranges
                0x000003b8       0x90 build/stm32f4xx_hal_dma.o
 .debug_aranges
                0x00000448       0xa8 build/stm32f4xx_hal_cortex.o
 .debug_aranges
                0x000004f0       0xf0 build/stm32f4xx_hal.o
 .debug_aranges
                0x000005e0       0x28 build/system_stm32f4xx.o
 .debug_aranges
                0x00000608       0x28 build/startup_stm32f405xx.o

.debug_ranges   0x00000000      0x5e0
 .debug_ranges  0x00000000       0x20 build/main.o
 .debug_ranges  0x00000020       0x10 build/gpio.o
 .debug_ranges  0x00000030       0x20 build/usart.o
 .debug_ranges  0x00000050       0x58 build/stm32f4xx_it.o
 .debug_ranges  0x000000a8       0x10 build/stm32f4xx_hal_msp.o
 .debug_ranges  0x000000b8      0x1c0 build/stm32f4xx_hal_uart.o
 .debug_ranges  0x00000278       0x90 build/stm32f4xx_hal_rcc.o
 .debug_ranges  0x00000308       0x48 build/stm32f4xx_hal_gpio.o
 .debug_ranges  0x00000350       0x80 build/stm32f4xx_hal_dma.o
 .debug_ranges  0x000003d0       0xf8 build/stm32f4xx_hal_cortex.o
 .debug_ranges  0x000004c8       0xe0 build/stm32f4xx_hal.o
 .debug_ranges  0x000005a8       0x18 build/system_stm32f4xx.o
 .debug_ranges  0x000005c0       0x20 build/startup_stm32f405xx.o

.debug_line     0x00000000     0x585a
 .debug_line    0x00000000      0x325 build/main.o
 .debug_line    0x00000325      0x167 build/gpio.o
 .debug_line    0x0000048c      0x2fc build/usart.o
 .debug_line    0x00000788      0x2ea build/stm32f4xx_it.o
 .debug_line    0x00000a72      0x175 build/stm32f4xx_hal_msp.o
 .debug_line    0x00000be7     0x1c44 build/stm32f4xx_hal_uart.o
 .debug_line    0x0000282b      0xb2b build/stm32f4xx_hal_rcc.o
 .debug_line    0x00003356      0x6f6 build/stm32f4xx_hal_gpio.o
 .debug_line    0x00003a4c      0xe18 build/stm32f4xx_hal_dma.o
 .debug_line    0x00004864      0x792 build/stm32f4xx_hal_cortex.o
 .debug_line    0x00004ff6      0x57f build/stm32f4xx_hal.o
 .debug_line    0x00005575      0x272 build/system_stm32f4xx.o
 .debug_line    0x000057e7       0x73 build/startup_stm32f405xx.o

.debug_str      0x00000000     0x226b
 .debug_str     0x00000000      0x410 build/main.o
                                0x461 (size before relaxing)
 .debug_str     0x00000410       0x10 build/gpio.o
                                0x280 (size before relaxing)
 .debug_str     0x00000420      0x9ad build/usart.o
                                0xcb1 (size before relaxing)
 .debug_str     0x00000dcd       0xda build/stm32f4xx_it.o
                                0x663 (size before relaxing)
 .debug_str     0x00000ea7       0x29 build/stm32f4xx_hal_msp.o
                                0x28c (size before relaxing)
 .debug_str     0x00000ed0      0x5c2 build/stm32f4xx_hal_uart.o
                                0xc03 (size before relaxing)
 .debug_str     0x00001492      0x1d7 build/stm32f4xx_hal_rcc.o
                                0x6d7 (size before relaxing)
 .debug_str     0x00001669      0x153 build/stm32f4xx_hal_gpio.o
                                0x4b1 (size before relaxing)
 .debug_str     0x000017bc      0x2d0 build/stm32f4xx_hal_dma.o
                                0x747 (size before relaxing)
 .debug_str     0x00001a8c      0x4d5 build/stm32f4xx_hal_cortex.o
                                0xbdc (size before relaxing)
 .debug_str     0x00001f61      0x29f build/stm32f4xx_hal.o
                                0xb0a (size before relaxing)
 .debug_str     0x00002200       0x47 build/system_stm32f4xx.o
                                0x346 (size before relaxing)
 .debug_str     0x00002247       0x24 build/startup_stm32f405xx.o
                                 0x3b (size before relaxing)

.comment        0x00000000       0x49
 .comment       0x00000000       0x49 build/main.o
                                 0x4a (size before relaxing)
 .comment       0x00000049       0x4a build/gpio.o
 .comment       0x00000049       0x4a build/usart.o
 .comment       0x00000049       0x4a build/stm32f4xx_it.o
 .comment       0x00000049       0x4a build/stm32f4xx_hal_msp.o
 .comment       0x00000049       0x4a build/stm32f4xx_hal_uart.o
 .comment       0x00000049       0x4a build/stm32f4xx_hal_rcc.o
 .comment       0x00000049       0x4a build/stm32f4xx_hal_gpio.o
 .comment       0x00000049       0x4a build/stm32f4xx_hal_dma.o
 .comment       0x00000049       0x4a build/stm32f4xx_hal_cortex.o
 .comment       0x00000049       0x4a build/stm32f4xx_hal.o
 .comment       0x00000049       0x4a build/system_stm32f4xx.o

.debug_frame    0x00000000      0xe90
 .debug_frame   0x00000000       0x58 build/main.o
 .debug_frame   0x00000058       0x28 build/gpio.o
 .debug_frame   0x00000080       0x60 build/usart.o
 .debug_frame   0x000000e0       0xc0 build/stm32f4xx_it.o
 .debug_frame   0x000001a0       0x28 build/stm32f4xx_hal_msp.o
 .debug_frame   0x000001c8      0x4ec build/stm32f4xx_hal_uart.o
 .debug_frame   0x000006b4      0x16c build/stm32f4xx_hal_rcc.o
 .debug_frame   0x00000820       0xd8 build/stm32f4xx_hal_gpio.o
 .debug_frame   0x000008f8      0x188 build/stm32f4xx_hal_dma.o
 .debug_frame   0x00000a80      0x148 build/stm32f4xx_hal_cortex.o
 .debug_frame   0x00000bc8      0x1ec build/stm32f4xx_hal.o
 .debug_frame   0x00000db4       0x30 build/system_stm32f4xx.o
 .debug_frame   0x00000de4       0x2c e:/rm/ec/gcc-arm-none-eabi-10.3-2021.10-win32/arm-gnu-toolchian/bin/../lib/gcc/arm-none-eabi/10.3.1/../../../../arm-none-eabi/lib/thumb/v7e-m+fp/hard\libc_nano.a(lib_a-init.o)
 .debug_frame   0x00000e10       0x20 e:/rm/ec/gcc-arm-none-eabi-10.3-2021.10-win32/arm-gnu-toolchian/bin/../lib/gcc/arm-none-eabi/10.3.1/../../../../arm-none-eabi/lib/thumb/v7e-m+fp/hard\libc_nano.a(lib_a-memset.o)
 .debug_frame   0x00000e30       0x2c e:/rm/ec/gcc-arm-none-eabi-10.3-2021.10-win32/arm-gnu-toolchian/bin/../lib/gcc/arm-none-eabi/10.3.1/thumb/v7e-m+fp/hard\libgcc.a(_aeabi_uldivmod.o)
 .debug_frame   0x00000e5c       0x34 e:/rm/ec/gcc-arm-none-eabi-10.3-2021.10-win32/arm-gnu-toolchian/bin/../lib/gcc/arm-none-eabi/10.3.1/thumb/v7e-m+fp/hard\libgcc.a(_udivmoddi4.o)

Cross Reference Table

Symbol                                            File
ADC_IRQHandler                                    build/startup_stm32f405xx.o
AHBPrescTable                                     build/system_stm32f4xx.o
                                                  build/stm32f4xx_hal_rcc.o
APBPrescTable                                     build/system_stm32f4xx.o
                                                  build/stm32f4xx_hal_rcc.o
BusFault_Handler                                  build/stm32f4xx_it.o
CAN1_RX0_IRQHandler                               build/startup_stm32f405xx.o
CAN1_RX1_IRQHandler                               build/startup_stm32f405xx.o
CAN1_SCE_IRQHandler                               build/startup_stm32f405xx.o
CAN1_TX_IRQHandler                                build/startup_stm32f405xx.o
CAN2_RX0_IRQHandler                               build/startup_stm32f405xx.o
CAN2_RX1_IRQHandler                               build/startup_stm32f405xx.o
CAN2_SCE_IRQHandler                               build/startup_stm32f405xx.o
CAN2_TX_IRQHandler                                build/startup_stm32f405xx.o
DMA1_Stream0_IRQHandler                           build/startup_stm32f405xx.o
DMA1_Stream1_IRQHandler                           build/startup_stm32f405xx.o
DMA1_Stream2_IRQHandler                           build/startup_stm32f405xx.o
DMA1_Stream3_IRQHandler                           build/startup_stm32f405xx.o
DMA1_Stream4_IRQHandler                           build/startup_stm32f405xx.o
DMA1_Stream5_IRQHandler                           build/startup_stm32f405xx.o
DMA1_Stream6_IRQHandler                           build/startup_stm32f405xx.o
DMA1_Stream7_IRQHandler                           build/startup_stm32f405xx.o
DMA2_Stream0_IRQHandler                           build/startup_stm32f405xx.o
DMA2_Stream1_IRQHandler                           build/startup_stm32f405xx.o
DMA2_Stream2_IRQHandler                           build/startup_stm32f405xx.o
DMA2_Stream3_IRQHandler                           build/startup_stm32f405xx.o
DMA2_Stream4_IRQHandler                           build/startup_stm32f405xx.o
DMA2_Stream5_IRQHandler                           build/startup_stm32f405xx.o
DMA2_Stream6_IRQHandler                           build/startup_stm32f405xx.o
DMA2_Stream7_IRQHandler                           build/startup_stm32f405xx.o
DebugMon_Handler                                  build/stm32f4xx_it.o
Default_Handler                                   build/startup_stm32f405xx.o
EXTI0_IRQHandler                                  build/startup_stm32f405xx.o
EXTI15_10_IRQHandler                              build/startup_stm32f405xx.o
EXTI1_IRQHandler                                  build/startup_stm32f405xx.o
EXTI2_IRQHandler                                  build/startup_stm32f405xx.o
EXTI3_IRQHandler                                  build/startup_stm32f405xx.o
EXTI4_IRQHandler                                  build/startup_stm32f405xx.o
EXTI9_5_IRQHandler                                build/startup_stm32f405xx.o
Error_Handler                                     build/main.o
                                                  build/usart.o
FLASH_Erase_Sector                                build/stm32f4xx_hal_flash_ex.o
                                                  build/stm32f4xx_hal_flash.o
FLASH_FlushCaches                                 build/stm32f4xx_hal_flash_ex.o
                                                  build/stm32f4xx_hal_flash.o
FLASH_IRQHandler                                  build/startup_stm32f405xx.o
FLASH_WaitForLastOperation                        build/stm32f4xx_hal_flash.o
                                                  build/stm32f4xx_hal_flash_ex.o
FPU_IRQHandler                                    build/startup_stm32f405xx.o
FSMC_IRQHandler                                   build/startup_stm32f405xx.o
HAL_DBGMCU_DisableDBGSleepMode                    build/stm32f4xx_hal.o
HAL_DBGMCU_DisableDBGStandbyMode                  build/stm32f4xx_hal.o
HAL_DBGMCU_DisableDBGStopMode                     build/stm32f4xx_hal.o
HAL_DBGMCU_EnableDBGSleepMode                     build/stm32f4xx_hal.o
HAL_DBGMCU_EnableDBGStandbyMode                   build/stm32f4xx_hal.o
HAL_DBGMCU_EnableDBGStopMode                      build/stm32f4xx_hal.o
HAL_DMAEx_ChangeMemory                            build/stm32f4xx_hal_dma_ex.o
HAL_DMAEx_MultiBufferStart                        build/stm32f4xx_hal_dma_ex.o
HAL_DMAEx_MultiBufferStart_IT                     build/stm32f4xx_hal_dma_ex.o
HAL_DMA_Abort                                     build/stm32f4xx_hal_dma.o
                                                  build/stm32f4xx_hal_uart.o
HAL_DMA_Abort_IT                                  build/stm32f4xx_hal_dma.o
                                                  build/stm32f4xx_hal_uart.o
HAL_DMA_DeInit                                    build/stm32f4xx_hal_dma.o
HAL_DMA_GetError                                  build/stm32f4xx_hal_dma.o
                                                  build/stm32f4xx_hal_uart.o
HAL_DMA_GetState                                  build/stm32f4xx_hal_dma.o
HAL_DMA_IRQHandler                                build/stm32f4xx_hal_dma.o
HAL_DMA_Init                                      build/stm32f4xx_hal_dma.o
HAL_DMA_PollForTransfer                           build/stm32f4xx_hal_dma.o
HAL_DMA_RegisterCallback                          build/stm32f4xx_hal_dma.o
HAL_DMA_Start                                     build/stm32f4xx_hal_dma.o
HAL_DMA_Start_IT                                  build/stm32f4xx_hal_dma.o
                                                  build/stm32f4xx_hal_uart.o
HAL_DMA_UnRegisterCallback                        build/stm32f4xx_hal_dma.o
HAL_DeInit                                        build/stm32f4xx_hal.o
HAL_Delay                                         build/stm32f4xx_hal.o
HAL_DisableCompensationCell                       build/stm32f4xx_hal.o
HAL_EXTI_ClearConfigLine                          build/stm32f4xx_hal_exti.o
HAL_EXTI_ClearPending                             build/stm32f4xx_hal_exti.o
HAL_EXTI_GenerateSWI                              build/stm32f4xx_hal_exti.o
HAL_EXTI_GetConfigLine                            build/stm32f4xx_hal_exti.o
HAL_EXTI_GetHandle                                build/stm32f4xx_hal_exti.o
HAL_EXTI_GetPending                               build/stm32f4xx_hal_exti.o
HAL_EXTI_IRQHandler                               build/stm32f4xx_hal_exti.o
HAL_EXTI_RegisterCallback                         build/stm32f4xx_hal_exti.o
HAL_EXTI_SetConfigLine                            build/stm32f4xx_hal_exti.o
HAL_EnableCompensationCell                        build/stm32f4xx_hal.o
HAL_FLASHEx_Erase                                 build/stm32f4xx_hal_flash_ex.o
HAL_FLASHEx_Erase_IT                              build/stm32f4xx_hal_flash_ex.o
HAL_FLASHEx_OBGetConfig                           build/stm32f4xx_hal_flash_ex.o
HAL_FLASHEx_OBProgram                             build/stm32f4xx_hal_flash_ex.o
HAL_FLASH_EndOfOperationCallback                  build/stm32f4xx_hal_flash.o
HAL_FLASH_GetError                                build/stm32f4xx_hal_flash.o
HAL_FLASH_IRQHandler                              build/stm32f4xx_hal_flash.o
HAL_FLASH_Lock                                    build/stm32f4xx_hal_flash.o
HAL_FLASH_OB_Launch                               build/stm32f4xx_hal_flash.o
HAL_FLASH_OB_Lock                                 build/stm32f4xx_hal_flash.o
HAL_FLASH_OB_Unlock                               build/stm32f4xx_hal_flash.o
HAL_FLASH_OperationErrorCallback                  build/stm32f4xx_hal_flash.o
HAL_FLASH_Program                                 build/stm32f4xx_hal_flash.o
HAL_FLASH_Program_IT                              build/stm32f4xx_hal_flash.o
HAL_FLASH_Unlock                                  build/stm32f4xx_hal_flash.o
HAL_GPIO_DeInit                                   build/stm32f4xx_hal_gpio.o
                                                  build/usart.o
HAL_GPIO_EXTI_Callback                            build/stm32f4xx_hal_gpio.o
HAL_GPIO_EXTI_IRQHandler                          build/stm32f4xx_hal_gpio.o
HAL_GPIO_Init                                     build/stm32f4xx_hal_gpio.o
                                                  build/stm32f4xx_hal_rcc.o
                                                  build/usart.o
HAL_GPIO_LockPin                                  build/stm32f4xx_hal_gpio.o
HAL_GPIO_ReadPin                                  build/stm32f4xx_hal_gpio.o
HAL_GPIO_TogglePin                                build/stm32f4xx_hal_gpio.o
HAL_GPIO_WritePin                                 build/stm32f4xx_hal_gpio.o
HAL_GetDEVID                                      build/stm32f4xx_hal.o
HAL_GetHalVersion                                 build/stm32f4xx_hal.o
HAL_GetREVID                                      build/stm32f4xx_hal.o
HAL_GetTick                                       build/stm32f4xx_hal.o
                                                  build/stm32f4xx_hal_pwr_ex.o
                                                  build/stm32f4xx_hal_dma.o
                                                  build/stm32f4xx_hal_flash.o
                                                  build/stm32f4xx_hal_rcc_ex.o
                                                  build/stm32f4xx_hal_rcc.o
                                                  build/stm32f4xx_hal_uart.o
HAL_GetTickFreq                                   build/stm32f4xx_hal.o
HAL_GetTickPrio                                   build/stm32f4xx_hal.o
HAL_GetUIDw0                                      build/stm32f4xx_hal.o
HAL_GetUIDw1                                      build/stm32f4xx_hal.o
HAL_GetUIDw2                                      build/stm32f4xx_hal.o
HAL_HalfDuplex_EnableReceiver                     build/stm32f4xx_hal_uart.o
HAL_HalfDuplex_EnableTransmitter                  build/stm32f4xx_hal_uart.o
HAL_HalfDuplex_Init                               build/stm32f4xx_hal_uart.o
HAL_IncTick                                       build/stm32f4xx_hal.o
                                                  build/stm32f4xx_it.o
HAL_Init                                          build/stm32f4xx_hal.o
                                                  build/main.o
HAL_InitTick                                      build/stm32f4xx_hal.o
                                                  build/stm32f4xx_hal_rcc_ex.o
                                                  build/stm32f4xx_hal_rcc.o
HAL_LIN_Init                                      build/stm32f4xx_hal_uart.o
HAL_LIN_SendBreak                                 build/stm32f4xx_hal_uart.o
HAL_MPU_ConfigRegion                              build/stm32f4xx_hal_cortex.o
HAL_MPU_Disable                                   build/stm32f4xx_hal_cortex.o
HAL_MPU_Enable                                    build/stm32f4xx_hal_cortex.o
HAL_MspDeInit                                     build/stm32f4xx_hal.o
HAL_MspInit                                       build/stm32f4xx_hal_msp.o
HAL_MultiProcessor_EnterMuteMode                  build/stm32f4xx_hal_uart.o
HAL_MultiProcessor_ExitMuteMode                   build/stm32f4xx_hal_uart.o
HAL_MultiProcessor_Init                           build/stm32f4xx_hal_uart.o
HAL_NVIC_ClearPendingIRQ                          build/stm32f4xx_hal_cortex.o
HAL_NVIC_DisableIRQ                               build/stm32f4xx_hal_cortex.o
                                                  build/usart.o
HAL_NVIC_EnableIRQ                                build/stm32f4xx_hal_cortex.o
                                                  build/usart.o
HAL_NVIC_GetActive                                build/stm32f4xx_hal_cortex.o
HAL_NVIC_GetPendingIRQ                            build/stm32f4xx_hal_cortex.o
HAL_NVIC_GetPriority                              build/stm32f4xx_hal_cortex.o
HAL_NVIC_GetPriorityGrouping                      build/stm32f4xx_hal_cortex.o
HAL_NVIC_SetPendingIRQ                            build/stm32f4xx_hal_cortex.o
HAL_NVIC_SetPriority                              build/stm32f4xx_hal_cortex.o
                                                  build/stm32f4xx_hal.o
                                                  build/usart.o
HAL_NVIC_SetPriorityGrouping                      build/stm32f4xx_hal_cortex.o
                                                  build/stm32f4xx_hal.o
HAL_NVIC_SystemReset                              build/stm32f4xx_hal_cortex.o
HAL_PWREx_ControlVoltageScaling                   build/stm32f4xx_hal_pwr_ex.o
HAL_PWREx_DisableBkUpReg                          build/stm32f4xx_hal_pwr_ex.o
HAL_PWREx_DisableFlashPowerDown                   build/stm32f4xx_hal_pwr_ex.o
HAL_PWREx_EnableBkUpReg                           build/stm32f4xx_hal_pwr_ex.o
HAL_PWREx_EnableFlashPowerDown                    build/stm32f4xx_hal_pwr_ex.o
HAL_PWREx_GetVoltageRange                         build/stm32f4xx_hal_pwr_ex.o
HAL_PWR_ConfigPVD                                 build/stm32f4xx_hal_pwr.o
HAL_PWR_DeInit                                    build/stm32f4xx_hal_pwr.o
HAL_PWR_DisableBkUpAccess                         build/stm32f4xx_hal_pwr.o
HAL_PWR_DisablePVD                                build/stm32f4xx_hal_pwr.o
HAL_PWR_DisableSEVOnPend                          build/stm32f4xx_hal_pwr.o
HAL_PWR_DisableSleepOnExit                        build/stm32f4xx_hal_pwr.o
HAL_PWR_DisableWakeUpPin                          build/stm32f4xx_hal_pwr.o
HAL_PWR_EnableBkUpAccess                          build/stm32f4xx_hal_pwr.o
HAL_PWR_EnablePVD                                 build/stm32f4xx_hal_pwr.o
HAL_PWR_EnableSEVOnPend                           build/stm32f4xx_hal_pwr.o
HAL_PWR_EnableSleepOnExit                         build/stm32f4xx_hal_pwr.o
HAL_PWR_EnableWakeUpPin                           build/stm32f4xx_hal_pwr.o
HAL_PWR_EnterSLEEPMode                            build/stm32f4xx_hal_pwr.o
HAL_PWR_EnterSTANDBYMode                          build/stm32f4xx_hal_pwr.o
HAL_PWR_EnterSTOPMode                             build/stm32f4xx_hal_pwr.o
HAL_PWR_PVDCallback                               build/stm32f4xx_hal_pwr.o
HAL_PWR_PVD_IRQHandler                            build/stm32f4xx_hal_pwr.o
HAL_RCCEx_DisablePLLI2S                           build/stm32f4xx_hal_rcc_ex.o
HAL_RCCEx_EnablePLLI2S                            build/stm32f4xx_hal_rcc_ex.o
HAL_RCCEx_GetPeriphCLKConfig                      build/stm32f4xx_hal_rcc_ex.o
HAL_RCCEx_GetPeriphCLKFreq                        build/stm32f4xx_hal_rcc_ex.o
HAL_RCCEx_PeriphCLKConfig                         build/stm32f4xx_hal_rcc_ex.o
HAL_RCC_CSSCallback                               build/stm32f4xx_hal_rcc.o
HAL_RCC_ClockConfig                               build/stm32f4xx_hal_rcc.o
                                                  build/main.o
HAL_RCC_DeInit                                    build/stm32f4xx_hal_rcc_ex.o
                                                  build/stm32f4xx_hal_rcc.o
HAL_RCC_DisableCSS                                build/stm32f4xx_hal_rcc.o
HAL_RCC_EnableCSS                                 build/stm32f4xx_hal_rcc.o
HAL_RCC_GetClockConfig                            build/stm32f4xx_hal_rcc.o
HAL_RCC_GetHCLKFreq                               build/stm32f4xx_hal_rcc.o
HAL_RCC_GetOscConfig                              build/stm32f4xx_hal_rcc.o
HAL_RCC_GetPCLK1Freq                              build/stm32f4xx_hal_rcc.o
                                                  build/stm32f4xx_hal_uart.o
HAL_RCC_GetPCLK2Freq                              build/stm32f4xx_hal_rcc.o
                                                  build/stm32f4xx_hal_uart.o
HAL_RCC_GetSysClockFreq                           build/stm32f4xx_hal_rcc.o
HAL_RCC_MCOConfig                                 build/stm32f4xx_hal_rcc.o
HAL_RCC_NMI_IRQHandler                            build/stm32f4xx_hal_rcc.o
HAL_RCC_OscConfig                                 build/stm32f4xx_hal_rcc.o
                                                  build/main.o
HAL_ResumeTick                                    build/stm32f4xx_hal.o
HAL_SYSTICK_CLKSourceConfig                       build/stm32f4xx_hal_cortex.o
HAL_SYSTICK_Callback                              build/stm32f4xx_hal_cortex.o
HAL_SYSTICK_Config                                build/stm32f4xx_hal_cortex.o
                                                  build/stm32f4xx_hal.o
HAL_SYSTICK_IRQHandler                            build/stm32f4xx_hal_cortex.o
HAL_SetTickFreq                                   build/stm32f4xx_hal.o
HAL_SuspendTick                                   build/stm32f4xx_hal.o
HAL_UART_Abort                                    build/stm32f4xx_hal_uart.o
HAL_UART_AbortCpltCallback                        build/stm32f4xx_hal_uart.o
HAL_UART_AbortReceive                             build/stm32f4xx_hal_uart.o
HAL_UART_AbortReceiveCpltCallback                 build/stm32f4xx_hal_uart.o
HAL_UART_AbortReceive_IT                          build/stm32f4xx_hal_uart.o
HAL_UART_AbortTransmit                            build/stm32f4xx_hal_uart.o
HAL_UART_AbortTransmitCpltCallback                build/stm32f4xx_hal_uart.o
HAL_UART_AbortTransmit_IT                         build/stm32f4xx_hal_uart.o
HAL_UART_Abort_IT                                 build/stm32f4xx_hal_uart.o
HAL_UART_DMAPause                                 build/stm32f4xx_hal_uart.o
HAL_UART_DMAResume                                build/stm32f4xx_hal_uart.o
HAL_UART_DMAStop                                  build/stm32f4xx_hal_uart.o
HAL_UART_DeInit                                   build/stm32f4xx_hal_uart.o
HAL_UART_ErrorCallback                            build/stm32f4xx_hal_uart.o
HAL_UART_GetError                                 build/stm32f4xx_hal_uart.o
HAL_UART_GetState                                 build/stm32f4xx_hal_uart.o
HAL_UART_IRQHandler                               build/stm32f4xx_hal_uart.o
                                                  build/stm32f4xx_it.o
HAL_UART_Init                                     build/stm32f4xx_hal_uart.o
                                                  build/usart.o
HAL_UART_MspDeInit                                build/usart.o
HAL_UART_MspInit                                  build/usart.o
HAL_UART_Receive                                  build/stm32f4xx_hal_uart.o
HAL_UART_Receive_DMA                              build/stm32f4xx_hal_uart.o
HAL_UART_Receive_IT                               build/stm32f4xx_hal_uart.o
HAL_UART_RxCpltCallback                           build/stm32f4xx_hal_uart.o
HAL_UART_RxHalfCpltCallback                       build/stm32f4xx_hal_uart.o
HAL_UART_Transmit                                 build/stm32f4xx_hal_uart.o
HAL_UART_Transmit_DMA                             build/stm32f4xx_hal_uart.o
HAL_UART_Transmit_IT                              build/stm32f4xx_hal_uart.o
HAL_UART_TxCpltCallback                           build/stm32f4xx_hal_uart.o
HAL_UART_TxHalfCpltCallback                       build/stm32f4xx_hal_uart.o
HASH_RNG_IRQHandler                               build/startup_stm32f405xx.o
HardFault_Handler                                 build/stm32f4xx_it.o
I2C1_ER_IRQHandler                                build/startup_stm32f405xx.o
I2C1_EV_IRQHandler                                build/startup_stm32f405xx.o
I2C2_ER_IRQHandler                                build/startup_stm32f405xx.o
I2C2_EV_IRQHandler                                build/startup_stm32f405xx.o
I2C3_ER_IRQHandler                                build/startup_stm32f405xx.o
I2C3_EV_IRQHandler                                build/startup_stm32f405xx.o
MX_GPIO_Init                                      build/gpio.o
                                                  build/main.o
MX_USART3_UART_Init                               build/usart.o
                                                  build/main.o
MemManage_Handler                                 build/stm32f4xx_it.o
NMI_Handler                                       build/stm32f4xx_it.o
OTG_FS_IRQHandler                                 build/startup_stm32f405xx.o
OTG_FS_WKUP_IRQHandler                            build/startup_stm32f405xx.o
OTG_HS_EP1_IN_IRQHandler                          build/startup_stm32f405xx.o
OTG_HS_EP1_OUT_IRQHandler                         build/startup_stm32f405xx.o
OTG_HS_IRQHandler                                 build/startup_stm32f405xx.o
OTG_HS_WKUP_IRQHandler                            build/startup_stm32f405xx.o
PVD_IRQHandler                                    build/startup_stm32f405xx.o
PendSV_Handler                                    build/stm32f4xx_it.o
RCC_IRQHandler                                    build/startup_stm32f405xx.o
RTC_Alarm_IRQHandler                              build/startup_stm32f405xx.o
RTC_WKUP_IRQHandler                               build/startup_stm32f405xx.o
Reset_Handler                                     build/startup_stm32f405xx.o
SDIO_IRQHandler                                   build/startup_stm32f405xx.o
SPI1_IRQHandler                                   build/startup_stm32f405xx.o
SPI2_IRQHandler                                   build/startup_stm32f405xx.o
SPI3_IRQHandler                                   build/startup_stm32f405xx.o
SVC_Handler                                       build/stm32f4xx_it.o
SysTick_Handler                                   build/stm32f4xx_it.o
SystemClock_Config                                build/main.o
SystemCoreClock                                   build/system_stm32f4xx.o
                                                  build/stm32f4xx_hal.o
                                                  build/stm32f4xx_hal_dma.o
                                                  build/stm32f4xx_hal_rcc_ex.o
                                                  build/stm32f4xx_hal_rcc.o
SystemCoreClockUpdate                             build/system_stm32f4xx.o
SystemInit                                        build/system_stm32f4xx.o
                                                  build/startup_stm32f405xx.o
TAMP_STAMP_IRQHandler                             build/startup_stm32f405xx.o
TIM1_BRK_TIM9_IRQHandler                          build/startup_stm32f405xx.o
TIM1_CC_IRQHandler                                build/startup_stm32f405xx.o
TIM1_TRG_COM_TIM11_IRQHandler                     build/startup_stm32f405xx.o
TIM1_UP_TIM10_IRQHandler                          build/startup_stm32f405xx.o
TIM2_IRQHandler                                   build/startup_stm32f405xx.o
TIM3_IRQHandler                                   build/startup_stm32f405xx.o
TIM4_IRQHandler                                   build/startup_stm32f405xx.o
TIM5_IRQHandler                                   build/startup_stm32f405xx.o
TIM6_DAC_IRQHandler                               build/startup_stm32f405xx.o
TIM7_IRQHandler                                   build/startup_stm32f405xx.o
TIM8_BRK_TIM12_IRQHandler                         build/startup_stm32f405xx.o
TIM8_CC_IRQHandler                                build/startup_stm32f405xx.o
TIM8_TRG_COM_TIM14_IRQHandler                     build/startup_stm32f405xx.o
TIM8_UP_TIM13_IRQHandler                          build/startup_stm32f405xx.o
UART4_IRQHandler                                  build/startup_stm32f405xx.o
UART5_IRQHandler                                  build/startup_stm32f405xx.o
USART1_IRQHandler                                 build/startup_stm32f405xx.o
USART2_IRQHandler                                 build/startup_stm32f405xx.o
USART3_IRQHandler                                 build/stm32f4xx_it.o
USART6_IRQHandler                                 build/startup_stm32f405xx.o
UsageFault_Handler                                build/stm32f4xx_it.o
WWDG_IRQHandler                                   build/startup_stm32f405xx.o
__aeabi_idiv0                                     e:/rm/ec/gcc-arm-none-eabi-10.3-2021.10-win32/arm-gnu-toolchian/bin/../lib/gcc/arm-none-eabi/10.3.1/thumb/v7e-m+fp/hard\libgcc.a(_dvmd_tls.o)
__aeabi_ldiv0                                     e:/rm/ec/gcc-arm-none-eabi-10.3-2021.10-win32/arm-gnu-toolchian/bin/../lib/gcc/arm-none-eabi/10.3.1/thumb/v7e-m+fp/hard\libgcc.a(_dvmd_tls.o)
                                                  e:/rm/ec/gcc-arm-none-eabi-10.3-2021.10-win32/arm-gnu-toolchian/bin/../lib/gcc/arm-none-eabi/10.3.1/thumb/v7e-m+fp/hard\libgcc.a(_aeabi_uldivmod.o)
__aeabi_uldivmod                                  e:/rm/ec/gcc-arm-none-eabi-10.3-2021.10-win32/arm-gnu-toolchian/bin/../lib/gcc/arm-none-eabi/10.3.1/thumb/v7e-m+fp/hard\libgcc.a(_aeabi_uldivmod.o)
                                                  build/stm32f4xx_hal_rcc.o
                                                  build/stm32f4xx_hal_uart.o
__bss_end__                                       e:/rm/ec/gcc-arm-none-eabi-10.3-2021.10-win32/arm-gnu-toolchian/bin/../lib/gcc/arm-none-eabi/10.3.1/../../../../arm-none-eabi/lib/thumb/v7e-m+fp/hard/crt0.o
__bss_start__                                     e:/rm/ec/gcc-arm-none-eabi-10.3-2021.10-win32/arm-gnu-toolchian/bin/../lib/gcc/arm-none-eabi/10.3.1/../../../../arm-none-eabi/lib/thumb/v7e-m+fp/hard/crt0.o
__call_exitprocs                                  e:/rm/ec/gcc-arm-none-eabi-10.3-2021.10-win32/arm-gnu-toolchian/bin/../lib/gcc/arm-none-eabi/10.3.1/../../../../arm-none-eabi/lib/thumb/v7e-m+fp/hard\libc_nano.a(lib_a-exit.o)
__deregister_frame_info                           e:/rm/ec/gcc-arm-none-eabi-10.3-2021.10-win32/arm-gnu-toolchian/bin/../lib/gcc/arm-none-eabi/10.3.1/thumb/v7e-m+fp/hard/crtbegin.o
__dso_handle                                      e:/rm/ec/gcc-arm-none-eabi-10.3-2021.10-win32/arm-gnu-toolchian/bin/../lib/gcc/arm-none-eabi/10.3.1/thumb/v7e-m+fp/hard/crtbegin.o
__init_array_end                                  e:/rm/ec/gcc-arm-none-eabi-10.3-2021.10-win32/arm-gnu-toolchian/bin/../lib/gcc/arm-none-eabi/10.3.1/../../../../arm-none-eabi/lib/thumb/v7e-m+fp/hard\libc_nano.a(lib_a-init.o)
__init_array_start                                e:/rm/ec/gcc-arm-none-eabi-10.3-2021.10-win32/arm-gnu-toolchian/bin/../lib/gcc/arm-none-eabi/10.3.1/../../../../arm-none-eabi/lib/thumb/v7e-m+fp/hard\libc_nano.a(lib_a-init.o)
__libc_fini_array                                 e:/rm/ec/gcc-arm-none-eabi-10.3-2021.10-win32/arm-gnu-toolchian/bin/../lib/gcc/arm-none-eabi/10.3.1/../../../../arm-none-eabi/lib/thumb/v7e-m+fp/hard/crt0.o
__libc_init_array                                 e:/rm/ec/gcc-arm-none-eabi-10.3-2021.10-win32/arm-gnu-toolchian/bin/../lib/gcc/arm-none-eabi/10.3.1/../../../../arm-none-eabi/lib/thumb/v7e-m+fp/hard\libc_nano.a(lib_a-init.o)
                                                  build/startup_stm32f405xx.o
                                                  e:/rm/ec/gcc-arm-none-eabi-10.3-2021.10-win32/arm-gnu-toolchian/bin/../lib/gcc/arm-none-eabi/10.3.1/../../../../arm-none-eabi/lib/thumb/v7e-m+fp/hard/crt0.o
__preinit_array_end                               e:/rm/ec/gcc-arm-none-eabi-10.3-2021.10-win32/arm-gnu-toolchian/bin/../lib/gcc/arm-none-eabi/10.3.1/../../../../arm-none-eabi/lib/thumb/v7e-m+fp/hard\libc_nano.a(lib_a-init.o)
__preinit_array_start                             e:/rm/ec/gcc-arm-none-eabi-10.3-2021.10-win32/arm-gnu-toolchian/bin/../lib/gcc/arm-none-eabi/10.3.1/../../../../arm-none-eabi/lib/thumb/v7e-m+fp/hard\libc_nano.a(lib_a-init.o)
__register_frame_info                             e:/rm/ec/gcc-arm-none-eabi-10.3-2021.10-win32/arm-gnu-toolchian/bin/../lib/gcc/arm-none-eabi/10.3.1/thumb/v7e-m+fp/hard/crtbegin.o
__sf_fake_stderr                                  e:/rm/ec/gcc-arm-none-eabi-10.3-2021.10-win32/arm-gnu-toolchian/bin/../lib/gcc/arm-none-eabi/10.3.1/../../../../arm-none-eabi/lib/thumb/v7e-m+fp/hard\libc_nano.a(lib_a-impure.o)
__sf_fake_stdin                                   e:/rm/ec/gcc-arm-none-eabi-10.3-2021.10-win32/arm-gnu-toolchian/bin/../lib/gcc/arm-none-eabi/10.3.1/../../../../arm-none-eabi/lib/thumb/v7e-m+fp/hard\libc_nano.a(lib_a-impure.o)
__sf_fake_stdout                                  e:/rm/ec/gcc-arm-none-eabi-10.3-2021.10-win32/arm-gnu-toolchian/bin/../lib/gcc/arm-none-eabi/10.3.1/../../../../arm-none-eabi/lib/thumb/v7e-m+fp/hard\libc_nano.a(lib_a-impure.o)
__stack                                           e:/rm/ec/gcc-arm-none-eabi-10.3-2021.10-win32/arm-gnu-toolchian/bin/../lib/gcc/arm-none-eabi/10.3.1/../../../../arm-none-eabi/lib/thumb/v7e-m+fp/hard/crt0.o
__udivmoddi4                                      e:/rm/ec/gcc-arm-none-eabi-10.3-2021.10-win32/arm-gnu-toolchian/bin/../lib/gcc/arm-none-eabi/10.3.1/thumb/v7e-m+fp/hard\libgcc.a(_udivmoddi4.o)
                                                  e:/rm/ec/gcc-arm-none-eabi-10.3-2021.10-win32/arm-gnu-toolchian/bin/../lib/gcc/arm-none-eabi/10.3.1/thumb/v7e-m+fp/hard\libgcc.a(_aeabi_uldivmod.o)
_ebss                                             build/startup_stm32f405xx.o
_edata                                            build/startup_stm32f405xx.o
_estack                                           build/startup_stm32f405xx.o
_exit                                             e:/rm/ec/gcc-arm-none-eabi-10.3-2021.10-win32/arm-gnu-toolchian/bin/../lib/gcc/arm-none-eabi/10.3.1/../../../../arm-none-eabi/lib/thumb/v7e-m+fp/hard\libnosys.a(_exit.o)
                                                  e:/rm/ec/gcc-arm-none-eabi-10.3-2021.10-win32/arm-gnu-toolchian/bin/../lib/gcc/arm-none-eabi/10.3.1/../../../../arm-none-eabi/lib/thumb/v7e-m+fp/hard\libc_nano.a(lib_a-exit.o)
_fini                                             e:/rm/ec/gcc-arm-none-eabi-10.3-2021.10-win32/arm-gnu-toolchian/bin/../lib/gcc/arm-none-eabi/10.3.1/thumb/v7e-m+fp/hard/crti.o
_global_impure_ptr                                e:/rm/ec/gcc-arm-none-eabi-10.3-2021.10-win32/arm-gnu-toolchian/bin/../lib/gcc/arm-none-eabi/10.3.1/../../../../arm-none-eabi/lib/thumb/v7e-m+fp/hard\libc_nano.a(lib_a-impure.o)
                                                  e:/rm/ec/gcc-arm-none-eabi-10.3-2021.10-win32/arm-gnu-toolchian/bin/../lib/gcc/arm-none-eabi/10.3.1/../../../../arm-none-eabi/lib/thumb/v7e-m+fp/hard\libc_nano.a(lib_a-exit.o)
_impure_ptr                                       e:/rm/ec/gcc-arm-none-eabi-10.3-2021.10-win32/arm-gnu-toolchian/bin/../lib/gcc/arm-none-eabi/10.3.1/../../../../arm-none-eabi/lib/thumb/v7e-m+fp/hard\libc_nano.a(lib_a-impure.o)
_init                                             e:/rm/ec/gcc-arm-none-eabi-10.3-2021.10-win32/arm-gnu-toolchian/bin/../lib/gcc/arm-none-eabi/10.3.1/thumb/v7e-m+fp/hard/crti.o
                                                  e:/rm/ec/gcc-arm-none-eabi-10.3-2021.10-win32/arm-gnu-toolchian/bin/../lib/gcc/arm-none-eabi/10.3.1/../../../../arm-none-eabi/lib/thumb/v7e-m+fp/hard\libc_nano.a(lib_a-init.o)
_mainCRTStartup                                   e:/rm/ec/gcc-arm-none-eabi-10.3-2021.10-win32/arm-gnu-toolchian/bin/../lib/gcc/arm-none-eabi/10.3.1/../../../../arm-none-eabi/lib/thumb/v7e-m+fp/hard/crt0.o
_sbss                                             build/startup_stm32f405xx.o
_sdata                                            build/startup_stm32f405xx.o
_sidata                                           build/startup_stm32f405xx.o
_stack_init                                       e:/rm/ec/gcc-arm-none-eabi-10.3-2021.10-win32/arm-gnu-toolchian/bin/../lib/gcc/arm-none-eabi/10.3.1/../../../../arm-none-eabi/lib/thumb/v7e-m+fp/hard/crt0.o
_start                                            e:/rm/ec/gcc-arm-none-eabi-10.3-2021.10-win32/arm-gnu-toolchian/bin/../lib/gcc/arm-none-eabi/10.3.1/../../../../arm-none-eabi/lib/thumb/v7e-m+fp/hard/crt0.o
atexit                                            e:/rm/ec/gcc-arm-none-eabi-10.3-2021.10-win32/arm-gnu-toolchian/bin/../lib/gcc/arm-none-eabi/10.3.1/../../../../arm-none-eabi/lib/thumb/v7e-m+fp/hard/crt0.o
exit                                              e:/rm/ec/gcc-arm-none-eabi-10.3-2021.10-win32/arm-gnu-toolchian/bin/../lib/gcc/arm-none-eabi/10.3.1/../../../../arm-none-eabi/lib/thumb/v7e-m+fp/hard\libc_nano.a(lib_a-exit.o)
                                                  e:/rm/ec/gcc-arm-none-eabi-10.3-2021.10-win32/arm-gnu-toolchian/bin/../lib/gcc/arm-none-eabi/10.3.1/../../../../arm-none-eabi/lib/thumb/v7e-m+fp/hard/crt0.o
g_pfnVectors                                      build/startup_stm32f405xx.o
hardware_init_hook                                e:/rm/ec/gcc-arm-none-eabi-10.3-2021.10-win32/arm-gnu-toolchian/bin/../lib/gcc/arm-none-eabi/10.3.1/../../../../arm-none-eabi/lib/thumb/v7e-m+fp/hard/crt0.o
huart3                                            build/usart.o
                                                  build/stm32f4xx_it.o
main                                              build/main.o
                                                  build/startup_stm32f405xx.o
                                                  e:/rm/ec/gcc-arm-none-eabi-10.3-2021.10-win32/arm-gnu-toolchian/bin/../lib/gcc/arm-none-eabi/10.3.1/../../../../arm-none-eabi/lib/thumb/v7e-m+fp/hard/crt0.o
memset                                            e:/rm/ec/gcc-arm-none-eabi-10.3-2021.10-win32/arm-gnu-toolchian/bin/../lib/gcc/arm-none-eabi/10.3.1/../../../../arm-none-eabi/lib/thumb/v7e-m+fp/hard\libc_nano.a(lib_a-memset.o)
                                                  build/main.o
                                                  e:/rm/ec/gcc-arm-none-eabi-10.3-2021.10-win32/arm-gnu-toolchian/bin/../lib/gcc/arm-none-eabi/10.3.1/../../../../arm-none-eabi/lib/thumb/v7e-m+fp/hard/crt0.o
pFlash                                            build/stm32f4xx_hal_flash.o
                                                  build/stm32f4xx_hal_flash_ex.o
software_init_hook                                e:/rm/ec/gcc-arm-none-eabi-10.3-2021.10-win32/arm-gnu-toolchian/bin/../lib/gcc/arm-none-eabi/10.3.1/../../../../arm-none-eabi/lib/thumb/v7e-m+fp/hard/crt0.o
uwTick                                            build/stm32f4xx_hal.o
uwTickFreq                                        build/stm32f4xx_hal.o
uwTickPrio                                        build/stm32f4xx_hal.o
                                                  build/stm32f4xx_hal_rcc_ex.o
                                                  build/stm32f4xx_hal_rcc.o
