Archive member included to satisfy reference by file (symbol)

d:/baidunetdiskdownload/archive/ec/vscode_ozone/gcc-arm-none-eabi-10.3-2021.10-win32/arm-gnu-toolchian/bin/../lib/gcc/arm-none-eabi/10.3.1/../../../../arm-none-eabi/lib/thumb/v7e-m+fp/hard\libc_nano.a(lib_a-errno.o)
                              build/sysmem.o (__errno)
d:/baidunetdiskdownload/archive/ec/vscode_ozone/gcc-arm-none-eabi-10.3-2021.10-win32/arm-gnu-toolchian/bin/../lib/gcc/arm-none-eabi/10.3.1/../../../../arm-none-eabi/lib/thumb/v7e-m+fp/hard\libc_nano.a(lib_a-exit.o)
                              d:/baidunetdiskdownload/archive/ec/vscode_ozone/gcc-arm-none-eabi-10.3-2021.10-win32/arm-gnu-toolchian/bin/../lib/gcc/arm-none-eabi/10.3.1/../../../../arm-none-eabi/lib/thumb/v7e-m+fp/hard/crt0.o (exit)
d:/baidunetdiskdownload/archive/ec/vscode_ozone/gcc-arm-none-eabi-10.3-2021.10-win32/arm-gnu-toolchian/bin/../lib/gcc/arm-none-eabi/10.3.1/../../../../arm-none-eabi/lib/thumb/v7e-m+fp/hard\libc_nano.a(lib_a-impure.o)
                              d:/baidunetdiskdownload/archive/ec/vscode_ozone/gcc-arm-none-eabi-10.3-2021.10-win32/arm-gnu-toolchian/bin/../lib/gcc/arm-none-eabi/10.3.1/../../../../arm-none-eabi/lib/thumb/v7e-m+fp/hard\libc_nano.a(lib_a-exit.o) (_global_impure_ptr)
d:/baidunetdiskdownload/archive/ec/vscode_ozone/gcc-arm-none-eabi-10.3-2021.10-win32/arm-gnu-toolchian/bin/../lib/gcc/arm-none-eabi/10.3.1/../../../../arm-none-eabi/lib/thumb/v7e-m+fp/hard\libc_nano.a(lib_a-init.o)
                              d:/baidunetdiskdownload/archive/ec/vscode_ozone/gcc-arm-none-eabi-10.3-2021.10-win32/arm-gnu-toolchian/bin/../lib/gcc/arm-none-eabi/10.3.1/../../../../arm-none-eabi/lib/thumb/v7e-m+fp/hard/crt0.o (__libc_init_array)
d:/baidunetdiskdownload/archive/ec/vscode_ozone/gcc-arm-none-eabi-10.3-2021.10-win32/arm-gnu-toolchian/bin/../lib/gcc/arm-none-eabi/10.3.1/../../../../arm-none-eabi/lib/thumb/v7e-m+fp/hard\libc_nano.a(lib_a-malloc.o)
                              build/bsp_gpio.o (malloc)
d:/baidunetdiskdownload/archive/ec/vscode_ozone/gcc-arm-none-eabi-10.3-2021.10-win32/arm-gnu-toolchian/bin/../lib/gcc/arm-none-eabi/10.3.1/../../../../arm-none-eabi/lib/thumb/v7e-m+fp/hard\libc_nano.a(lib_a-memcpy-stub.o)
                              build/wit_c_sdk.o (memcpy)
d:/baidunetdiskdownload/archive/ec/vscode_ozone/gcc-arm-none-eabi-10.3-2021.10-win32/arm-gnu-toolchian/bin/../lib/gcc/arm-none-eabi/10.3.1/../../../../arm-none-eabi/lib/thumb/v7e-m+fp/hard\libc_nano.a(lib_a-memset.o)
                              d:/baidunetdiskdownload/archive/ec/vscode_ozone/gcc-arm-none-eabi-10.3-2021.10-win32/arm-gnu-toolchian/bin/../lib/gcc/arm-none-eabi/10.3.1/../../../../arm-none-eabi/lib/thumb/v7e-m+fp/hard/crt0.o (memset)
d:/baidunetdiskdownload/archive/ec/vscode_ozone/gcc-arm-none-eabi-10.3-2021.10-win32/arm-gnu-toolchian/bin/../lib/gcc/arm-none-eabi/10.3.1/../../../../arm-none-eabi/lib/thumb/v7e-m+fp/hard\libc_nano.a(lib_a-nano-freer.o)
                              d:/baidunetdiskdownload/archive/ec/vscode_ozone/gcc-arm-none-eabi-10.3-2021.10-win32/arm-gnu-toolchian/bin/../lib/gcc/arm-none-eabi/10.3.1/../../../../arm-none-eabi/lib/thumb/v7e-m+fp/hard\libc_nano.a(lib_a-malloc.o) (_free_r)
d:/baidunetdiskdownload/archive/ec/vscode_ozone/gcc-arm-none-eabi-10.3-2021.10-win32/arm-gnu-toolchian/bin/../lib/gcc/arm-none-eabi/10.3.1/../../../../arm-none-eabi/lib/thumb/v7e-m+fp/hard\libc_nano.a(lib_a-nano-mallocr.o)
                              d:/baidunetdiskdownload/archive/ec/vscode_ozone/gcc-arm-none-eabi-10.3-2021.10-win32/arm-gnu-toolchian/bin/../lib/gcc/arm-none-eabi/10.3.1/../../../../arm-none-eabi/lib/thumb/v7e-m+fp/hard\libc_nano.a(lib_a-malloc.o) (_malloc_r)
d:/baidunetdiskdownload/archive/ec/vscode_ozone/gcc-arm-none-eabi-10.3-2021.10-win32/arm-gnu-toolchian/bin/../lib/gcc/arm-none-eabi/10.3.1/../../../../arm-none-eabi/lib/thumb/v7e-m+fp/hard\libc_nano.a(lib_a-sbrkr.o)
                              d:/baidunetdiskdownload/archive/ec/vscode_ozone/gcc-arm-none-eabi-10.3-2021.10-win32/arm-gnu-toolchian/bin/../lib/gcc/arm-none-eabi/10.3.1/../../../../arm-none-eabi/lib/thumb/v7e-m+fp/hard\libc_nano.a(lib_a-nano-mallocr.o) (_sbrk_r)
d:/baidunetdiskdownload/archive/ec/vscode_ozone/gcc-arm-none-eabi-10.3-2021.10-win32/arm-gnu-toolchian/bin/../lib/gcc/arm-none-eabi/10.3.1/../../../../arm-none-eabi/lib/thumb/v7e-m+fp/hard\libc_nano.a(lib_a-mlock.o)
                              d:/baidunetdiskdownload/archive/ec/vscode_ozone/gcc-arm-none-eabi-10.3-2021.10-win32/arm-gnu-toolchian/bin/../lib/gcc/arm-none-eabi/10.3.1/../../../../arm-none-eabi/lib/thumb/v7e-m+fp/hard\libc_nano.a(lib_a-nano-freer.o) (__malloc_lock)
d:/baidunetdiskdownload/archive/ec/vscode_ozone/gcc-arm-none-eabi-10.3-2021.10-win32/arm-gnu-toolchian/bin/../lib/gcc/arm-none-eabi/10.3.1/../../../../arm-none-eabi/lib/thumb/v7e-m+fp/hard\libc_nano.a(lib_a-reent.o)
[...]
Memory Configuration

Name             Origin             Length             Attributes
RAM              0x20000000         0x00020000         xrw
CCMRAM           0x10000000         0x00010000         xrw
FLASH            0x08000000         0x00100000         xr
*default*        0x00000000         0xffffffff

Linker script and memory map

LOAD d:/baidunetdiskdownload/archive/ec/vscode_ozone/gcc-arm-none-eabi-10.3-2021.10-win32/arm-gnu-toolchian/bin/../lib/gcc/arm-none-eabi/10.3.1/thumb/v7e-m+fp/hard/crti.o
LOAD d:/baidunetdiskdownload/archive/ec/vscode_ozone/gcc-arm-none-eabi-10.3-2021.10-win32/arm-gnu-toolchian/bin/../lib/gcc/arm-none-eabi/10.3.1/thumb/v7e-m+fp/hard/crtbegin.o
LOAD d:/baidunetdiskdownload/archive/ec/vscode_ozone/gcc-arm-none-eabi-10.3-2021.10-win32/arm-gnu-toolchian/bin/../lib/gcc/arm-none-eabi/10.3.1/../../../../arm-none-eabi/lib/thumb/v7e-m+fp/hard/crt0.o
LOAD build/main.o
LOAD build/gpio.o
LOAD build/usart.o
LOAD build/stm32f4xx_it.o
LOAD build/stm32f4xx_hal_msp.o
LOAD build/dma.o
LOAD build/tim.o
LOAD build/bsp_dwt.o
LOAD build/bsp_gpio.o
LOAD build/bsp_pwm.o
LOAD build/bsp_usart.o
LOAD build/wit_c_sdk.o
LOAD build/JY61P.o
LOAD build/Ducted_fan_Motor.o
LOAD build/servo_motor.o
LOAD build/openmv.o
LOAD build/sysmem.o
LOAD build/syscalls.o
LOAD build/stm32f4xx_hal_rcc.o
LOAD build/stm32f4xx_hal_rcc_ex.o
LOAD build/stm32f4xx_hal_flash.o
LOAD build/stm32f4xx_hal_flash_ex.o
LOAD build/stm32f4xx_hal_flash_ramfunc.o
LOAD build/stm32f4xx_hal_gpio.o
LOAD build/stm32f4xx_hal_dma_ex.o
LOAD build/stm32f4xx_hal_dma.o
LOAD build/stm32f4xx_hal_pwr.o
LOAD build/stm32f4xx_hal_pwr_ex.o
LOAD build/stm32f4xx_hal_cortex.o
LOAD build/stm32f4xx_hal.o
LOAD build/stm32f4xx_hal_exti.o
LOAD build/stm32f4xx_hal_tim.o
LOAD build/stm32f4xx_hal_tim_ex.o
LOAD build/stm32f4xx_hal_uart.o
LOAD build/system_stm32f4xx.o
LOAD build/startup_stm32f405xx.o
LOAD d:/baidunetdiskdownload/archive/ec/vscode_ozone/gcc-arm-none-eabi-10.3-2021.10-win32/arm-gnu-toolchian/bin/../lib/gcc/arm-none-eabi/10.3.1/../../../../arm-none-eabi/lib/thumb/v7e-m+fp/hard\libc_nano.a
LOAD d:/baidunetdiskdownload/archive/ec/vscode_ozone/gcc-arm-none-eabi-10.3-2021.10-win32/arm-gnu-toolchian/bin/../lib/gcc/arm-none-eabi/10.3.1/../../../../arm-none-eabi/lib/thumb/v7e-m+fp/hard\libm.a
LOAD d:/baidunetdiskdownload/archive/ec/vscode_ozone/gcc-arm-none-eabi-10.3-2021.10-win32/arm-gnu-toolchian/bin/../lib/gcc/arm-none-eabi/10.3.1/../../../../arm-none-eabi/lib/thumb/v7e-m+fp/hard\libnosys.a
START GROUP
LOAD d:/baidunetdiskdownload/archive/ec/vscode_ozone/gcc-arm-none-eabi-10.3-2021.10-win32/arm-gnu-toolchian/bin/../lib/gcc/arm-none-eabi/10.3.1/thumb/v7e-m+fp/hard\libgcc.a
LOAD d:/baidunetdiskdownload/archive/ec/vscode_ozone/gcc-arm-none-eabi-10.3-2021.10-win32/arm-gnu-toolchian/bin/../lib/gcc/arm-none-eabi/10.3.1/../../../../arm-none-eabi/lib/thumb/v7e-m+fp/hard\libc_nano.a
END GROUP
START GROUP
LOAD d:/baidunetdiskdownload/archive/ec/vscode_ozone/gcc-arm-none-eabi-10.3-2021.10-win32/arm-gnu-toolchian/bin/../lib/gcc/arm-none-eabi/10.3.1/thumb/v7e-m+fp/hard\libgcc.a
LOAD d:/baidunetdiskdownload/archive/ec/vscode_ozone/gcc-arm-none-eabi-10.3-2021.10-win32/arm-gnu-toolchian/bin/../lib/gcc/arm-none-eabi/10.3.1/../../../../arm-none-eabi/lib/thumb/v7e-m+fp/hard\libc_nano.a
END GROUP
LOAD d:/baidunetdiskdownload/archive/ec/vscode_ozone/gcc-arm-none-eabi-10.3-2021.10-win32/arm-gnu-toolchian/bin/../lib/gcc/arm-none-eabi/10.3.1/thumb/v7e-m+fp/hard/crtend.o
LOAD d:/baidunetdiskdownload/archive/ec/vscode_ozone/gcc-arm-none-eabi-10.3-2021.10-win32/arm-gnu-toolchian/bin/../lib/gcc/arm-none-eabi/10.3.1/thumb/v7e-m+fp/hard/crtn.o
                0x20020000                _estack = (ORIGIN (RAM) + LENGTH (RAM))
                0x00000200                _Min_Heap_Size = 0x200
                0x00000400                _Min_Stack_Size = 0x400

.isr_vector     0x08000000      0x188
                0x08000000                . = ALIGN (0x4)
 *(.isr_vector)
 .isr_vector    0x08000000      0x188 build/startup_stm32f405xx.o
                0x08000000                g_pfnVectors
                0x08000188                . = ALIGN (0x4)

.text           0x08000188     0x3af0
                0x08000188                . = ALIGN (0x4)
 *(.text)
 .text          0x08000188       0x40 d:/baidunetdiskdownload/archive/ec/vscode_ozone/gcc-arm-none-eabi-10.3-2021.10-win32/arm-gnu-toolchian/bin/../lib/gcc/arm-none-eabi/10.3.1/thumb/v7e-m+fp/hard/crtbegin.o
 .text          0x080001c8      0x378 d:/baidunetdiskdownload/archive/ec/vscode_ozone/gcc-arm-none-eabi-10.3-2021.10-win32/arm-gnu-toolchian/bin/../lib/gcc/arm-none-eabi/10.3.1/thumb/v7e-m+fp/hard\libgcc.a(_arm_addsubdf3.o)
                0x080001c8                __aeabi_drsub
                0x080001d0                __aeabi_dsub
                0x080001d0                __subdf3
                0x080001d4                __aeabi_dadd
                0x080001d4                __adddf3
                0x0800044c                __floatunsidf
                0x0800044c                __aeabi_ui2d
                0x0800046c                __floatsidf
                0x0800046c                __aeabi_i2d
                0x08000490                __aeabi_f2d
                0x08000490                __extendsfdf2
                0x080004d4                __floatundidf
                0x080004d4                __aeabi_ul2d
                0x080004e4                __floatdidf
                0x080004e4                __aeabi_l2d
 .text          0x08000540       0x30 d:/baidunetdiskdownload/archive/ec/vscode_ozone/gcc-arm-none-eabi-10.3-2021.10-win32/arm-gnu-toolchian/bin/../lib/gcc/arm-none-eabi/10.3.1/thumb/v7e-m+fp/hard\libgcc.a(_aeabi_uldivmod.o)
                0x08000540                __aeabi_uldivmod
 .text          0x08000570      0x2d0 d:/baidunetdiskdownload/archive/ec/vscode_ozone/gcc-arm-none-eabi-10.3-2021.10-win32/arm-gnu-toolchian/bin/../lib/gcc/arm-none-eabi/10.3.1/thumb/v7e-m+fp/hard\libgcc.a(_udivmoddi4.o)
                0x08000570                __udivmoddi4
 .text          0x08000840        0x4 d:/baidunetdiskdownload/archive/ec/vscode_ozone/gcc-arm-none-eabi-10.3-2021.10-win32/arm-gnu-toolchian/bin/../lib/gcc/arm-none-eabi/10.3.1/thumb/v7e-m+fp/hard\libgcc.a(_dvmd_tls.o)
                0x08000840                __aeabi_idiv0
                0x08000840                __aeabi_ldiv0
 *(.text*)
 .text.Error_Handler
                0x08000844        0x4 build/main.o
                0x08000844                Error_Handler
 .text.SystemClock_Config
                0x08000848       0xa8 build/main.o
                0x08000848                SystemClock_Config
 .text.main     0x080008f0       0x54 build/main.o
                0x080008f0                main
 .text.MX_GPIO_Init
                0x08000944       0x98 build/gpio.o
                0x08000944                MX_GPIO_Init
 .text.MX_USART1_UART_Init
                0x080009dc       0x34 build/usart.o
                0x080009dc                MX_USART1_UART_Init
 .text.MX_USART3_UART_Init
                0x08000a10       0x34 build/usart.o
                0x08000a10                MX_USART3_UART_Init
 .text.HAL_UART_MspInit
                0x08000a44      0x1d4 build/usart.o
                0x08000a44                HAL_UART_MspInit
 .text.NMI_Handler
                0x08000c18        0x2 build/stm32f4xx_it.o
                0x08000c18                NMI_Handler
 .text.HardFault_Handler
                0x08000c1a        0x2 build/stm32f4xx_it.o
                0x08000c1a                HardFault_Handler
 .text.MemManage_Handler
                0x08000c1c        0x2 build/stm32f4xx_it.o
                0x08000c1c                MemManage_Handler
 .text.BusFault_Handler
                0x08000c1e        0x2 build/stm32f4xx_it.o
                0x08000c1e                BusFault_Handler
 .text.UsageFault_Handler
                0x08000c20        0x2 build/stm32f4xx_it.o
                0x08000c20                UsageFault_Handler
 .text.SVC_Handler
                0x08000c22        0x2 build/stm32f4xx_it.o
                0x08000c22                SVC_Handler
 .text.DebugMon_Handler
                0x08000c24        0x2 build/stm32f4xx_it.o
                0x08000c24                DebugMon_Handler
 .text.PendSV_Handler
                0x08000c26        0x2 build/stm32f4xx_it.o
                0x08000c26                PendSV_Handler
 .text.SysTick_Handler
                0x08000c28        0x8 build/stm32f4xx_it.o
                0x08000c28                SysTick_Handler
 .text.DMA1_Stream1_IRQHandler
                0x08000c30       0x10 build/stm32f4xx_it.o
                0x08000c30                DMA1_Stream1_IRQHandler
 .text.DMA1_Stream3_IRQHandler
                0x08000c40       0x10 build/stm32f4xx_it.o
                0x08000c40                DMA1_Stream3_IRQHandler
 .text.USART1_IRQHandler
                0x08000c50       0x10 build/stm32f4xx_it.o
                0x08000c50                USART1_IRQHandler
 .text.USART3_IRQHandler
                0x08000c60       0x10 build/stm32f4xx_it.o
                0x08000c60                USART3_IRQHandler
 .text.DMA2_Stream2_IRQHandler
                0x08000c70       0x10 build/stm32f4xx_it.o
                0x08000c70                DMA2_Stream2_IRQHandler
 .text.DMA2_Stream7_IRQHandler
                0x08000c80       0x10 build/stm32f4xx_it.o
                0x08000c80                DMA2_Stream7_IRQHandler
 .text.HAL_MspInit
                0x08000c90       0x38 build/stm32f4xx_hal_msp.o
                0x08000c90                HAL_MspInit
 .text.MX_DMA_Init
                0x08000cc8       0x78 build/dma.o
                0x08000cc8                MX_DMA_Init
 .text.HAL_TIM_Base_MspInit
                0x08000d40       0x50 build/tim.o
                0x08000d40                HAL_TIM_Base_MspInit
 .text.HAL_TIM_MspPostInit
                0x08000d90       0x94 build/tim.o
                0x08000d90                HAL_TIM_MspPostInit
 .text.MX_TIM1_Init
                0x08000e24      0x120 build/tim.o
                0x08000e24                MX_TIM1_Init
 .text.MX_TIM2_Init
                0x08000f44       0xb0 build/tim.o
                0x08000f44                MX_TIM2_Init
 .text.DWT_CNT_Update
                0x08000ff4       0x4c build/bsp_dwt.o
 .text.DWT_Init
                0x08001040       0x70 build/bsp_dwt.o
                0x08001040                DWT_Init
 .text.DWT_GetDeltaT
                0x080010b0       0x48 build/bsp_dwt.o
                0x080010b0                DWT_GetDeltaT
 .text.DWT_Delay
                0x080010f8       0x34 build/bsp_dwt.o
                0x080010f8                DWT_Delay
 .text.DWT_Delay_ms
                0x0800112c       0x1c build/bsp_dwt.o
                0x0800112c                DWT_Delay_ms
 .text.USARTServiceInit
                0x08001148       0x24 build/bsp_usart.o
                0x08001148                USARTServiceInit
 .text.USARTRegister
                0x0800116c       0x4c build/bsp_usart.o
                0x0800116c                USARTRegister
 .text.USART_JY61P_SEND
                0x080011b8       0x14 build/bsp_usart.o
                0x080011b8                USART_JY61P_SEND
 .text.HAL_UARTEx_RxEventCallback
                0x080011cc       0x58 build/bsp_usart.o
                0x080011cc                HAL_UARTEx_RxEventCallback
 .text.HAL_UART_ErrorCallback
                0x08001224       0x34 build/bsp_usart.o
                0x08001224                HAL_UART_ErrorCallback
 .text.__CRC16  0x08001258       0x38 build/wit_c_sdk.o
 .text.__CaliSum
                0x08001290       0x18 build/wit_c_sdk.o
 .text.CopeWitData
                0x080012a8       0x98 build/wit_c_sdk.o
 .text.WitSerialWriteRegister
                0x08001340       0x14 build/wit_c_sdk.o
                0x08001340                WitSerialWriteRegister
 .text.WitSerialDataIn
                0x08001354      0x170 build/wit_c_sdk.o
                0x08001354                WitSerialDataIn
 .text.WitRegisterCallBack
                0x080014c4       0x14 build/wit_c_sdk.o
                0x080014c4                WitRegisterCallBack
 .text.WitWriteReg
                0x080014d8      0x12c build/wit_c_sdk.o
                0x080014d8                WitWriteReg
 .text.WitInit  0x08001604       0x28 build/wit_c_sdk.o
                0x08001604                WitInit
 .text.WitDelayMsRegister
                0x0800162c       0x14 build/wit_c_sdk.o
                0x0800162c                WitDelayMsRegister
 .text.CheckRange
                0x08001640       0x14 build/wit_c_sdk.o
                0x08001640                CheckRange
 .text.WitStartAccCali
                0x08001654       0x78 build/wit_c_sdk.o
                0x08001654                WitStartAccCali
 .text.WitSetUartBaud
                0x080016cc       0xac build/wit_c_sdk.o
                0x080016cc                WitSetUartBaud
 .text.WITSerialDecode
                0x08001778       0x1c build/JY61P.o
                0x08001778                WITSerialDecode
 .text.JY61P_DataUpdate
                0x08001794      0x128 build/JY61P.o
                0x08001794                JY61P_DataUpdate
 .text.JY61P_Init
                0x080018bc       0x68 build/JY61P.o
                0x080018bc                JY61P_Init
 .text.INS_Init
                0x08001924       0x1c build/JY61P.o
                0x08001924                INS_Init
 .text.Servo_Motor_Init
                0x08001940       0x2c build/servo_motor.o
                0x08001940                Servo_Motor_Init
 .text.angle_to_pwm
                0x0800196c       0x1c build/servo_motor.o
                0x0800196c                angle_to_pwm
 .text.Servo_Motor_Task
                0x08001988       0x50 build/servo_motor.o
                0x08001988                Servo_Motor_Task
 .text.OPENMVRxCallback
                0x080019d8       0x5c build/openmv.o
 .text.OPENMVInit
                0x08001a34       0x2c build/openmv.o
                0x08001a34                OPENMVInit
 .text._sbrk    0x08001a60       0x48 build/sysmem.o
                0x08001a60                _sbrk
 .text.HAL_RCC_OscConfig
                0x08001aa8      0x3f8 build/stm32f4xx_hal_rcc.o
                0x08001aa8                HAL_RCC_OscConfig
 .text.HAL_RCC_GetSysClockFreq
                0x08001ea0       0xa4 build/stm32f4xx_hal_rcc.o
                0x08001ea0                HAL_RCC_GetSysClockFreq
 .text.HAL_RCC_ClockConfig
                0x08001f44      0x160 build/stm32f4xx_hal_rcc.o
                0x08001f44                HAL_RCC_ClockConfig
 .text.HAL_RCC_GetHCLKFreq
                0x080020a4        0xc build/stm32f4xx_hal_rcc.o
                0x080020a4                HAL_RCC_GetHCLKFreq
 .text.HAL_RCC_GetPCLK1Freq
                0x080020b0       0x20 build/stm32f4xx_hal_rcc.o
                0x080020b0                HAL_RCC_GetPCLK1Freq
 .text.HAL_RCC_GetPCLK2Freq
                0x080020d0       0x20 build/stm32f4xx_hal_rcc.o
                0x080020d0                HAL_RCC_GetPCLK2Freq
 .text.HAL_GPIO_Init
                0x080020f0      0x1e4 build/stm32f4xx_hal_gpio.o
                0x080020f0                HAL_GPIO_Init
 .text.HAL_GPIO_WritePin
                0x080022d4        0xc build/stm32f4xx_hal_gpio.o
                0x080022d4                HAL_GPIO_WritePin
 .text.DMA_SetConfig
                0x080022e0       0x2c build/stm32f4xx_hal_dma.o
 .text.DMA_CalcBaseAndBitshift
                0x0800230c       0x44 build/stm32f4xx_hal_dma.o
 .text.DMA_CheckFifoParam
                0x08002350       0x8e build/stm32f4xx_hal_dma.o
 *fill*         0x080023de        0x2 
 .text.HAL_DMA_Init
                0x080023e0       0xcc build/stm32f4xx_hal_dma.o
                0x080023e0                HAL_DMA_Init
 .text.HAL_DMA_Start_IT
                0x080024ac       0x6a build/stm32f4xx_hal_dma.o
                0x080024ac                HAL_DMA_Start_IT
 .text.HAL_DMA_Abort
                0x08002516       0x94 build/stm32f4xx_hal_dma.o
                0x08002516                HAL_DMA_Abort
 .text.HAL_DMA_Abort_IT
                0x080025aa       0x26 build/stm32f4xx_hal_dma.o
                0x080025aa                HAL_DMA_Abort_IT
 .text.HAL_DMA_IRQHandler
                0x080025d0      0x1dc build/stm32f4xx_hal_dma.o
                0x080025d0                HAL_DMA_IRQHandler
 .text.HAL_NVIC_SetPriorityGrouping
                0x080027ac       0x24 build/stm32f4xx_hal_cortex.o
                0x080027ac                HAL_NVIC_SetPriorityGrouping
 .text.HAL_NVIC_SetPriority
                0x080027d0       0x70 build/stm32f4xx_hal_cortex.o
                0x080027d0                HAL_NVIC_SetPriority
 .text.HAL_NVIC_EnableIRQ
                0x08002840       0x1c build/stm32f4xx_hal_cortex.o
                0x08002840                HAL_NVIC_EnableIRQ
 .text.HAL_SYSTICK_Config
                0x0800285c       0x28 build/stm32f4xx_hal_cortex.o
                0x0800285c                HAL_SYSTICK_Config
 .text.HAL_InitTick
                0x08002884       0x4c build/stm32f4xx_hal.o
                0x08002884                HAL_InitTick
 .text.HAL_Init
                0x080028d0       0x34 build/stm32f4xx_hal.o
                0x080028d0                HAL_Init
 .text.HAL_IncTick
                0x08002904       0x18 build/stm32f4xx_hal.o
                0x08002904                HAL_IncTick
 .text.HAL_GetTick
                0x0800291c        0xc build/stm32f4xx_hal.o
                0x0800291c                HAL_GetTick
 .text.TIM_OC1_SetConfig
                0x08002928       0x68 build/stm32f4xx_hal_tim.o
 .text.TIM_OC3_SetConfig
                0x08002990       0x70 build/stm32f4xx_hal_tim.o
 .text.TIM_OC4_SetConfig
                0x08002a00       0x50 build/stm32f4xx_hal_tim.o
 .text.TIM_TI1_ConfigInputStage
                0x08002a50       0x26 build/stm32f4xx_hal_tim.o
 .text.TIM_TI2_ConfigInputStage
                0x08002a76       0x28 build/stm32f4xx_hal_tim.o
 .text.TIM_ITRx_SetConfig
                0x08002a9e       0x10 build/stm32f4xx_hal_tim.o
 .text.HAL_TIM_PWM_MspInit
                0x08002aae        0x2 build/stm32f4xx_hal_tim.o
                0x08002aae                HAL_TIM_PWM_MspInit
 .text.TIM_Base_SetConfig
                0x08002ab0       0xd8 build/stm32f4xx_hal_tim.o
                0x08002ab0                TIM_Base_SetConfig
 .text.HAL_TIM_Base_Init
                0x08002b88       0x58 build/stm32f4xx_hal_tim.o
                0x08002b88                HAL_TIM_Base_Init
 .text.HAL_TIM_PWM_Init
                0x08002be0       0x58 build/stm32f4xx_hal_tim.o
                0x08002be0                HAL_TIM_PWM_Init
 .text.TIM_OC2_SetConfig
                0x08002c38       0x70 build/stm32f4xx_hal_tim.o
                0x08002c38                TIM_OC2_SetConfig
 .text.HAL_TIM_PWM_ConfigChannel
                0x08002ca8       0xdc build/stm32f4xx_hal_tim.o
                0x08002ca8                HAL_TIM_PWM_ConfigChannel
 .text.TIM_ETR_SetConfig
                0x08002d84       0x1a build/stm32f4xx_hal_tim.o
                0x08002d84                TIM_ETR_SetConfig
 .text.HAL_TIM_ConfigClockSource
                0x08002d9e       0xfe build/stm32f4xx_hal_tim.o
                0x08002d9e                HAL_TIM_ConfigClockSource
 .text.TIM_CCxChannelCmd
                0x08002e9c       0x1e build/stm32f4xx_hal_tim.o
                0x08002e9c                TIM_CCxChannelCmd
 *fill*         0x08002eba        0x2 
 .text.HAL_TIM_PWM_Start
                0x08002ebc      0x104 build/stm32f4xx_hal_tim.o
                0x08002ebc                HAL_TIM_PWM_Start
 .text.HAL_TIMEx_MasterConfigSynchronization
                0x08002fc0       0x8c build/stm32f4xx_hal_tim_ex.o
                0x08002fc0                HAL_TIMEx_MasterConfigSynchronization
 .text.HAL_TIMEx_ConfigBreakDeadTime
                0x0800304c       0x52 build/stm32f4xx_hal_tim_ex.o
                0x0800304c                HAL_TIMEx_ConfigBreakDeadTime
 .text.UART_EndTxTransfer
                0x0800309e       0x20 build/stm32f4xx_hal_uart.o
 .text.UART_EndRxTransfer
                0x080030be       0x5c build/stm32f4xx_hal_uart.o
 .text.UART_Transmit_IT
                0x0800311a       0x60 build/stm32f4xx_hal_uart.o
 *fill*         0x0800317a        0x2 
 .text.UART_SetConfig
                0x0800317c      0x110 build/stm32f4xx_hal_uart.o
 .text.UART_WaitOnFlagUntilTimeout
                0x0800328c       0x8a build/stm32f4xx_hal_uart.o
 .text.HAL_UART_Init
                0x08003316       0x60 build/stm32f4xx_hal_uart.o
                0x08003316                HAL_UART_Init
 .text.HAL_UART_Transmit
                0x08003376       0xcc build/stm32f4xx_hal_uart.o
                0x08003376                HAL_UART_Transmit
 .text.HAL_UART_TxCpltCallback
                0x08003442        0x2 build/stm32f4xx_hal_uart.o
                0x08003442                HAL_UART_TxCpltCallback
 .text.UART_EndTransmit_IT
                0x08003444       0x1a build/stm32f4xx_hal_uart.o
 .text.HAL_UART_RxCpltCallback
                0x0800345e        0x2 build/stm32f4xx_hal_uart.o
                0x0800345e                HAL_UART_RxCpltCallback
 .text.HAL_UART_RxHalfCpltCallback
                0x08003460        0x2 build/stm32f4xx_hal_uart.o
                0x08003460                HAL_UART_RxHalfCpltCallback
 .text.UART_DMAError
                0x08003462       0x58 build/stm32f4xx_hal_uart.o
 .text.UART_DMAAbortOnError
                0x080034ba       0x10 build/stm32f4xx_hal_uart.o
 .text.UART_Receive_IT
                0x080034ca       0xe6 build/stm32f4xx_hal_uart.o
 .text.HAL_UART_IRQHandler
                0x080035b0      0x288 build/stm32f4xx_hal_uart.o
                0x080035b0                HAL_UART_IRQHandler
 .text.UART_DMARxHalfCplt
                0x08003838       0x1e build/stm32f4xx_hal_uart.o
 .text.UART_DMAReceiveCplt
                0x08003856       0x9a build/stm32f4xx_hal_uart.o
 .text.UART_Start_Receive_DMA
                0x080038f0       0xa4 build/stm32f4xx_hal_uart.o
                0x080038f0                UART_Start_Receive_DMA
 .text.HAL_UARTEx_ReceiveToIdle_DMA
                0x08003994       0x66 build/stm32f4xx_hal_uart.o
                0x08003994                HAL_UARTEx_ReceiveToIdle_DMA
 *fill*         0x080039fa        0x2 
 .text.SystemInit
                0x080039fc       0x1c build/system_stm32f4xx.o
                0x080039fc                SystemInit
 .text.Reset_Handler
                0x08003a18       0x50 build/startup_stm32f405xx.o
                0x08003a18                Reset_Handler
 .text.Default_Handler
                0x08003a68        0x2 build/startup_stm32f405xx.o
                0x08003a68                RTC_Alarm_IRQHandler
                0x08003a68                HASH_RNG_IRQHandler
                0x08003a68                EXTI2_IRQHandler
                0x08003a68                TIM8_CC_IRQHandler
                0x08003a68                TIM1_CC_IRQHandler
                0x08003a68                DMA2_Stream5_IRQHandler
                0x08003a68                DMA1_Stream5_IRQHandler
                0x08003a68                PVD_IRQHandler
                0x08003a68                SDIO_IRQHandler
                0x08003a68                TAMP_STAMP_IRQHandler
                0x08003a68                CAN2_RX1_IRQHandler
                0x08003a68                EXTI3_IRQHandler
                0x08003a68                TIM8_TRG_COM_TIM14_IRQHandler
                0x08003a68                TIM1_UP_TIM10_IRQHandler
                0x08003a68                TIM8_UP_TIM13_IRQHandler
                0x08003a68                I2C3_ER_IRQHandler
                0x08003a68                EXTI0_IRQHandler
                0x08003a68                I2C2_EV_IRQHandler
                0x08003a68                DMA1_Stream2_IRQHandler
                0x08003a68                CAN1_RX0_IRQHandler
                0x08003a68                FPU_IRQHandler
                0x08003a68                OTG_HS_WKUP_IRQHandler
                0x08003a68                CAN2_SCE_IRQHandler
                0x08003a68                SPI1_IRQHandler
                0x08003a68                TIM6_DAC_IRQHandler
                0x08003a68                TIM1_BRK_TIM9_IRQHandler
                0x08003a68                CAN2_RX0_IRQHandler
                0x08003a68                DMA2_Stream3_IRQHandler
                0x08003a68                USART6_IRQHandler
                0x08003a68                CAN1_RX1_IRQHandler
                0x08003a68                UART5_IRQHandler
                0x08003a68                DMA2_Stream0_IRQHandler
                0x08003a68                TIM4_IRQHandler
                0x08003a68                I2C1_EV_IRQHandler
                0x08003a68                DMA1_Stream6_IRQHandler
                0x08003a68                UART4_IRQHandler
                0x08003a68                TIM3_IRQHandler
                0x08003a68                RCC_IRQHandler
                0x08003a68                TIM8_BRK_TIM12_IRQHandler
                0x08003a68                Default_Handler
                0x08003a68                EXTI15_10_IRQHandler
                0x08003a68                ADC_IRQHandler
                0x08003a68                DMA1_Stream7_IRQHandler
                0x08003a68                TIM7_IRQHandler
                0x08003a68                CAN2_TX_IRQHandler
                0x08003a68                TIM5_IRQHandler
                0x08003a68                I2C3_EV_IRQHandler
                0x08003a68                EXTI9_5_IRQHandler
                0x08003a68                RTC_WKUP_IRQHandler
                0x08003a68                SPI2_IRQHandler
                0x08003a68                OTG_HS_EP1_IN_IRQHandler
                0x08003a68                DMA1_Stream0_IRQHandler
                0x08003a68                CAN1_TX_IRQHandler
                0x08003a68                EXTI4_IRQHandler
                0x08003a68                FSMC_IRQHandler
                0x08003a68                OTG_HS_EP1_OUT_IRQHandler
                0x08003a68                WWDG_IRQHandler
                0x08003a68                TIM2_IRQHandler
                0x08003a68                OTG_FS_WKUP_IRQHandler
                0x08003a68                TIM1_TRG_COM_TIM11_IRQHandler
                0x08003a68                OTG_HS_IRQHandler
                0x08003a68                EXTI1_IRQHandler
                0x08003a68                USART2_IRQHandler
                0x08003a68                I2C2_ER_IRQHandler
                0x08003a68                DMA2_Stream1_IRQHandler
                0x08003a68                CAN1_SCE_IRQHandler
                0x08003a68                FLASH_IRQHandler
                0x08003a68                DMA2_Stream4_IRQHandler
                0x08003a68                OTG_FS_IRQHandler
                0x08003a68                SPI3_IRQHandler
                0x08003a68                DMA1_Stream4_IRQHandler
                0x08003a68                I2C1_ER_IRQHandler
                0x08003a68                DMA2_Stream6_IRQHandler
 *fill*         0x08003a6a        0x2 
 .text.__errno  0x08003a6c        0xc d:/baidunetdiskdownload/archive/ec/vscode_ozone/gcc-arm-none-eabi-10.3-2021.10-win32/arm-gnu-toolchian/bin/../lib/gcc/arm-none-eabi/10.3.1/../../../../arm-none-eabi/lib/thumb/v7e-m+fp/hard\libc_nano.a(lib_a-errno.o)
                0x08003a6c                __errno
 .text.__libc_init_array
                0x08003a78       0x48 d:/baidunetdiskdownload/archive/ec/vscode_ozone/gcc-arm-none-eabi-10.3-2021.10-win32/arm-gnu-toolchian/bin/../lib/gcc/arm-none-eabi/10.3.1/../../../../arm-none-eabi/lib/thumb/v7e-m+fp/hard\libc_nano.a(lib_a-init.o)
                0x08003a78                __libc_init_array
 .text.malloc   0x08003ac0       0x10 d:/baidunetdiskdownload/archive/ec/vscode_ozone/gcc-arm-none-eabi-10.3-2021.10-win32/arm-gnu-toolchian/bin/../lib/gcc/arm-none-eabi/10.3.1/../../../../arm-none-eabi/lib/thumb/v7e-m+fp/hard\libc_nano.a(lib_a-malloc.o)
                0x08003ac0                malloc
 .text.memcpy   0x08003ad0       0x1c d:/baidunetdiskdownload/archive/ec/vscode_ozone/gcc-arm-none-eabi-10.3-2021.10-win32/arm-gnu-toolchian/bin/../lib/gcc/arm-none-eabi/10.3.1/../../../../arm-none-eabi/lib/thumb/v7e-m+fp/hard\libc_nano.a(lib_a-memcpy-stub.o)
                0x08003ad0                memcpy
 .text.memset   0x08003aec       0x10 d:/baidunetdiskdownload/archive/ec/vscode_ozone/gcc-arm-none-eabi-10.3-2021.10-win32/arm-gnu-toolchian/bin/../lib/gcc/arm-none-eabi/10.3.1/../../../../arm-none-eabi/lib/thumb/v7e-m+fp/hard\libc_nano.a(lib_a-memset.o)
                0x08003aec                memset
 .text.sbrk_aligned
                0x08003afc       0x40 d:/baidunetdiskdownload/archive/ec/vscode_ozone/gcc-arm-none-eabi-10.3-2021.10-win32/arm-gnu-toolchian/bin/../lib/gcc/arm-none-eabi/10.3.1/../../../../arm-none-eabi/lib/thumb/v7e-m+fp/hard\libc_nano.a(lib_a-nano-mallocr.o)
 .text._malloc_r
                0x08003b3c       0xe8 d:/baidunetdiskdownload/archive/ec/vscode_ozone/gcc-arm-none-eabi-10.3-2021.10-win32/arm-gnu-toolchian/bin/../lib/gcc/arm-none-eabi/10.3.1/../../../../arm-none-eabi/lib/thumb/v7e-m+fp/hard\libc_nano.a(lib_a-nano-mallocr.o)
                0x08003b3c                _malloc_r
 .text._sbrk_r  0x08003c24       0x20 d:/baidunetdiskdownload/archive/ec/vscode_ozone/gcc-arm-none-eabi-10.3-2021.10-win32/arm-gnu-toolchian/bin/../lib/gcc/arm-none-eabi/10.3.1/../../../../arm-none-eabi/lib/thumb/v7e-m+fp/hard\libc_nano.a(lib_a-sbrkr.o)
                0x08003c24                _sbrk_r
 .text.__malloc_lock
                0x08003c44        0xc d:/baidunetdiskdownload/archive/ec/vscode_ozone/gcc-arm-none-eabi-10.3-2021.10-win32/arm-gnu-toolchian/bin/../lib/gcc/arm-none-eabi/10.3.1/../../../../arm-none-eabi/lib/thumb/v7e-m+fp/hard\libc_nano.a(lib_a-mlock.o)
                0x08003c44                __malloc_lock
 .text.__malloc_unlock
                0x08003c50        0xc d:/baidunetdiskdownload/archive/ec/vscode_ozone/gcc-arm-none-eabi-10.3-2021.10-win32/arm-gnu-toolchian/bin/../lib/gcc/arm-none-eabi/10.3.1/../../../../arm-none-eabi/lib/thumb/v7e-m+fp/hard\libc_nano.a(lib_a-mlock.o)
                0x08003c50                __malloc_unlock
 .text.__retarget_lock_acquire_recursive
                0x08003c5c        0x2 d:/baidunetdiskdownload/archive/ec/vscode_ozone/gcc-arm-none-eabi-10.3-2021.10-win32/arm-gnu-toolchian/bin/../lib/gcc/arm-none-eabi/10.3.1/../../../../arm-none-eabi/lib/thumb/v7e-m+fp/hard\libc_nano.a(lib_a-lock.o)
                0x08003c5c                __retarget_lock_acquire_recursive
 .text.__retarget_lock_release_recursive
                0x08003c5e        0x2 d:/baidunetdiskdownload/archive/ec/vscode_ozone/gcc-arm-none-eabi-10.3-2021.10-win32/arm-gnu-toolchian/bin/../lib/gcc/arm-none-eabi/10.3.1/../../../../arm-none-eabi/lib/thumb/v7e-m+fp/hard\libc_nano.a(lib_a-lock.o)
                0x08003c5e                __retarget_lock_release_recursive
 *(.glue_7)
 .glue_7        0x08003c60        0x0 linker stubs
 *(.glue_7t)
 .glue_7t       0x08003c60        0x0 linker stubs
 *(.eh_frame)
 .eh_frame      0x08003c60        0x0 d:/baidunetdiskdownload/archive/ec/vscode_ozone/gcc-arm-none-eabi-10.3-2021.10-win32/arm-gnu-toolchian/bin/../lib/gcc/arm-none-eabi/10.3.1/thumb/v7e-m+fp/hard/crtbegin.o
 *(.init)
 .init          0x08003c60        0x4 d:/baidunetdiskdownload/archive/ec/vscode_ozone/gcc-arm-none-eabi-10.3-2021.10-win32/arm-gnu-toolchian/bin/../lib/gcc/arm-none-eabi/10.3.1/thumb/v7e-m+fp/hard/crti.o
                0x08003c60                _init
 .init          0x08003c64        0x8 d:/baidunetdiskdownload/archive/ec/vscode_ozone/gcc-arm-none-eabi-10.3-2021.10-win32/arm-gnu-toolchian/bin/../lib/gcc/arm-none-eabi/10.3.1/thumb/v7e-m+fp/hard/crtn.o
 *(.fini)
 .fini          0x08003c6c        0x4 d:/baidunetdiskdownload/archive/ec/vscode_ozone/gcc-arm-none-eabi-10.3-2021.10-win32/arm-gnu-toolchian/bin/../lib/gcc/arm-none-eabi/10.3.1/thumb/v7e-m+fp/hard/crti.o
                0x08003c6c                _fini
 .fini          0x08003c70        0x8 d:/baidunetdiskdownload/archive/ec/vscode_ozone/gcc-arm-none-eabi-10.3-2021.10-win32/arm-gnu-toolchian/bin/../lib/gcc/arm-none-eabi/10.3.1/thumb/v7e-m+fp/hard/crtn.o
                0x08003c78                . = ALIGN (0x4)
                0x08003c78                _etext = .

.vfp11_veneer   0x08003c78        0x0
 .vfp11_veneer  0x08003c78        0x0 linker stubs

.v4_bx          0x08003c78        0x0
 .v4_bx         0x08003c78        0x0 linker stubs

.iplt           0x08003c78        0x0
 .iplt          0x08003c78        0x0 d:/baidunetdiskdownload/archive/ec/vscode_ozone/gcc-arm-none-eabi-10.3-2021.10-win32/arm-gnu-toolchian/bin/../lib/gcc/arm-none-eabi/10.3.1/thumb/v7e-m+fp/hard/crtbegin.o

.rodata         0x08003c78      0x220
                0x08003c78                . = ALIGN (0x4)
 *(.rodata)
 *(.rodata*)
 .rodata.__auchCRCHi
                0x08003c78      0x100 build/wit_c_sdk.o
 .rodata.__auchCRCLo
                0x08003d78      0x100 build/wit_c_sdk.o
 .rodata.flagBitshiftOffset.0
                0x08003e78        0x8 build/stm32f4xx_hal_dma.o
 .rodata.AHBPrescTable
                0x08003e80       0x10 build/system_stm32f4xx.o
                0x08003e80                AHBPrescTable
 .rodata.APBPrescTable
                0x08003e90        0x8 build/system_stm32f4xx.o
                0x08003e90                APBPrescTable
                0x08003e98                . = ALIGN (0x4)

.ARM.extab
 *(.ARM.extab* .gnu.linkonce.armextab.*)

.ARM            0x08003e98        0x8
                0x08003e98                __exidx_start = .
 *(.ARM.exidx*)
 .ARM.exidx     0x08003e98        0x8 d:/baidunetdiskdownload/archive/ec/vscode_ozone/gcc-arm-none-eabi-10.3-2021.10-win32/arm-gnu-toolchian/bin/../lib/gcc/arm-none-eabi/10.3.1/thumb/v7e-m+fp/hard\libgcc.a(_udivmoddi4.o)
                0x08003ea0                __exidx_end = .

.rel.dyn        0x08003ea0        0x0
 .rel.iplt      0x08003ea0        0x0 d:/baidunetdiskdownload/archive/ec/vscode_ozone/gcc-arm-none-eabi-10.3-2021.10-win32/arm-gnu-toolchian/bin/../lib/gcc/arm-none-eabi/10.3.1/thumb/v7e-m+fp/hard/crtbegin.o

.preinit_array  0x08003ea0        0x0
                0x08003ea0                PROVIDE (__preinit_array_start = .)
 *(.preinit_array*)
                0x08003ea0                PROVIDE (__preinit_array_end = .)

.init_array     0x08003ea0        0x4
                0x08003ea0                PROVIDE (__init_array_start = .)
 *(SORT_BY_NAME(.init_array.*))
 *(.init_array*)
 .init_array    0x08003ea0        0x4 d:/baidunetdiskdownload/archive/ec/vscode_ozone/gcc-arm-none-eabi-10.3-2021.10-win32/arm-gnu-toolchian/bin/../lib/gcc/arm-none-eabi/10.3.1/thumb/v7e-m+fp/hard/crtbegin.o
                0x08003ea4                PROVIDE (__init_array_end = .)

.fini_array     0x08003ea4        0x4
                [!provide]                PROVIDE (__fini_array_start = .)
 *(SORT_BY_NAME(.fini_array.*))
 *(.fini_array*)
 .fini_array    0x08003ea4        0x4 d:/baidunetdiskdownload/archive/ec/vscode_ozone/gcc-arm-none-eabi-10.3-2021.10-win32/arm-gnu-toolchian/bin/../lib/gcc/arm-none-eabi/10.3.1/thumb/v7e-m+fp/hard/crtbegin.o
                [!provide]                PROVIDE (__fini_array_end = .)
                0x08003ea8                _sidata = LOADADDR (.data)

.data           0x20000000       0x70 load address 0x08003ea8
                0x20000000                . = ALIGN (0x4)
                0x20000000                _sdata = .
 *(.data)
 *(.data*)
 .data.s_ucAddr
                0x20000000        0x1 build/wit_c_sdk.o
 .data.uwTickFreq
                0x20000001        0x1 build/stm32f4xx_hal.o
                0x20000001                uwTickFreq
 *fill*         0x20000002        0x2 
 .data.uwTickPrio
                0x20000004        0x4 build/stm32f4xx_hal.o
                0x20000004                uwTickPrio
 .data.SystemCoreClock
                0x20000008        0x4 build/system_stm32f4xx.o
                0x20000008                SystemCoreClock
 .data._impure_ptr
                0x2000000c        0x4 d:/baidunetdiskdownload/archive/ec/vscode_ozone/gcc-arm-none-eabi-10.3-2021.10-win32/arm-gnu-toolchian/bin/../lib/gcc/arm-none-eabi/10.3.1/../../../../arm-none-eabi/lib/thumb/v7e-m+fp/hard\libc_nano.a(lib_a-impure.o)
                0x2000000c                _impure_ptr
 .data.impure_data
                0x20000010       0x60 d:/baidunetdiskdownload/archive/ec/vscode_ozone/gcc-arm-none-eabi-10.3-2021.10-win32/arm-gnu-toolchian/bin/../lib/gcc/arm-none-eabi/10.3.1/../../../../arm-none-eabi/lib/thumb/v7e-m+fp/hard\libc_nano.a(lib_a-impure.o)
                0x20000070                . = ALIGN (0x4)
                0x20000070                _edata = .
                0x08003f18                _siccmram = LOADADDR (.ccmram)

.igot.plt       0x20000070        0x0 load address 0x08003f18
 .igot.plt      0x20000070        0x0 d:/baidunetdiskdownload/archive/ec/vscode_ozone/gcc-arm-none-eabi-10.3-2021.10-win32/arm-gnu-toolchian/bin/../lib/gcc/arm-none-eabi/10.3.1/thumb/v7e-m+fp/hard/crtbegin.o

.ccmram         0x10000000        0x0 load address 0x08003f18
                0x10000000                . = ALIGN (0x4)
                0x10000000                _sccmram = .
 *(.ccmram)
 *(.ccmram*)
                0x10000000                . = ALIGN (0x4)
                0x10000000                _eccmram = .
                0x10000000                . = ALIGN (0x4)

.bss            0x20000070      0x5a4
                0x20000070                _sbss = .
                0x20000070                __bss_start__ = _sbss
 *(.bss)
 .bss           0x20000070       0x1c d:/baidunetdiskdownload/archive/ec/vscode_ozone/gcc-arm-none-eabi-10.3-2021.10-win32/arm-gnu-toolchian/bin/../lib/gcc/arm-none-eabi/10.3.1/thumb/v7e-m+fp/hard/crtbegin.o
 *(.bss*)
 .bss.pJY61PData
                0x2000008c        0x4 build/main.o
                0x2000008c                pJY61PData
 .bss.pOPENMVData
                0x20000090        0x4 build/main.o
                0x20000090                pOPENMVData
 .bss.hdma_usart1_rx
                0x20000094       0x60 build/usart.o
                0x20000094                hdma_usart1_rx
 .bss.hdma_usart1_tx
                0x200000f4       0x60 build/usart.o
                0x200000f4                hdma_usart1_tx
 .bss.hdma_usart3_rx
                0x20000154       0x60 build/usart.o
                0x20000154                hdma_usart3_rx
 .bss.hdma_usart3_tx
                0x200001b4       0x60 build/usart.o
                0x200001b4                hdma_usart3_tx
 .bss.huart1    0x20000214       0x48 build/usart.o
                0x20000214                huart1
 .bss.huart3    0x2000025c       0x48 build/usart.o
                0x2000025c                huart3
 .bss.htim1     0x200002a4       0x48 build/tim.o
                0x200002a4                htim1
 .bss.htim2     0x200002ec       0x48 build/tim.o
                0x200002ec                htim2
 .bss.CPU_FREQ_Hz
                0x20000334        0x4 build/bsp_dwt.o
 .bss.CPU_FREQ_Hz_ms
                0x20000338        0x4 build/bsp_dwt.o
 .bss.CPU_FREQ_Hz_us
                0x2000033c        0x4 build/bsp_dwt.o
 .bss.CYCCNT_LAST
                0x20000340        0x4 build/bsp_dwt.o
 .bss.CYCCNT_RountCount
                0x20000344        0x4 build/bsp_dwt.o
 .bss.bit_locker.3
                0x20000348        0x1 build/bsp_dwt.o
 .bss.idx       0x20000349        0x1 build/bsp_usart.o
 *fill*         0x2000034a        0x2 
 .bss.usart_instance
                0x2000034c        0xc build/bsp_usart.o
 .bss.p_WitCanWriteFunc
                0x20000358        0x4 build/wit_c_sdk.o
 .bss.p_WitDelaymsFunc
                0x2000035c        0x4 build/wit_c_sdk.o
 .bss.p_WitI2cWriteFunc
                0x20000360        0x4 build/wit_c_sdk.o
 .bss.p_WitRegUpdateCbFunc
                0x20000364        0x4 build/wit_c_sdk.o
 .bss.p_WitSerialWriteFunc
                0x20000368        0x4 build/wit_c_sdk.o
 .bss.sReg      0x2000036c      0x120 build/wit_c_sdk.o
                0x2000036c                sReg
 .bss.s_ucWitDataBuff
                0x2000048c      0x100 build/wit_c_sdk.o
 .bss.s_uiProtoclo
                0x2000058c        0x4 build/wit_c_sdk.o
 .bss.s_uiReadRegIndex
                0x20000590        0x4 build/wit_c_sdk.o
 .bss.s_uiWitDataCnt
                0x20000594        0x4 build/wit_c_sdk.o
 .bss.JY61P_data
                0x20000598        0x4 build/JY61P.o
 .bss.JY61P_instance
                0x2000059c       0x28 build/JY61P.o
 *fill*         0x200005c4        0x4 
 .bss.dart_speed
                0x200005c8        0x8 build/JY61P.o
                0x200005c8                dart_speed
 .bss.gyro_x    0x200005d0        0x8 build/JY61P.o
                0x200005d0                gyro_x
 .bss.gyro_y    0x200005d8        0x8 build/JY61P.o
                0x200005d8                gyro_y
 .bss.last_count
                0x200005e0        0x4 build/JY61P.o
                0x200005e0                last_count
 .bss.openmv_instance
                0x200005e4       0x14 build/openmv.o
 .bss.target_x  0x200005f8        0x2 build/openmv.o
                0x200005f8                target_x
 .bss.target_y  0x200005fa        0x2 build/openmv.o
                0x200005fa                target_y
 .bss.__sbrk_heap_end
                0x200005fc        0x4 build/sysmem.o
 .bss.uwTick    0x20000600        0x4 build/stm32f4xx_hal.o
                0x20000600                uwTick
 .bss.__malloc_free_list
                0x20000604        0x4 d:/baidunetdiskdownload/archive/ec/vscode_ozone/gcc-arm-none-eabi-10.3-2021.10-win32/arm-gnu-toolchian/bin/../lib/gcc/arm-none-eabi/10.3.1/../../../../arm-none-eabi/lib/thumb/v7e-m+fp/hard\libc_nano.a(lib_a-nano-mallocr.o)
                0x20000604                __malloc_free_list
 .bss.__malloc_sbrk_start
                0x20000608        0x4 d:/baidunetdiskdownload/archive/ec/vscode_ozone/gcc-arm-none-eabi-10.3-2021.10-win32/arm-gnu-toolchian/bin/../lib/gcc/arm-none-eabi/10.3.1/../../../../arm-none-eabi/lib/thumb/v7e-m+fp/hard\libc_nano.a(lib_a-nano-mallocr.o)
                0x20000608                __malloc_sbrk_start
 .bss.errno     0x2000060c        0x4 d:/baidunetdiskdownload/archive/ec/vscode_ozone/gcc-arm-none-eabi-10.3-2021.10-win32/arm-gnu-toolchian/bin/../lib/gcc/arm-none-eabi/10.3.1/../../../../arm-none-eabi/lib/thumb/v7e-m+fp/hard\libc_nano.a(lib_a-reent.o)
                0x2000060c                errno
 .bss.__lock___malloc_recursive_mutex
                0x20000610        0x1 d:/baidunetdiskdownload/archive/ec/vscode_ozone/gcc-arm-none-eabi-10.3-2021.10-win32/arm-gnu-toolchian/bin/../lib/gcc/arm-none-eabi/10.3.1/../../../../arm-none-eabi/lib/thumb/v7e-m+fp/hard\libc_nano.a(lib_a-lock.o)
                0x20000610                __lock___malloc_recursive_mutex
 *(COMMON)
                0x20000614                . = ALIGN (0x4)
 *fill*         0x20000611        0x3 
                0x20000614                _ebss = .
                0x20000614                __bss_end__ = _ebss

._user_heap_stack
                0x20000614      0x604
                0x20000618                . = ALIGN (0x8)
 *fill*         0x20000614        0x4 
                [!provide]                PROVIDE (end = .)
                0x20000618                PROVIDE (_end = .)
                0x20000818                . = (. + _Min_Heap_Size)
 *fill*         0x20000618      0x200 
                0x20000c18                . = (. + _Min_Stack_Size)
 *fill*         0x20000818      0x400 
                0x20000c18                . = ALIGN (0x8)

/DISCARD/
 libc.a(*)
 libm.a(*)
 libgcc.a(*)

.ARM.attributes
                0x00000000       0x30
 *(.ARM.attributes)
 .ARM.attributes
                0x00000000       0x1e d:/baidunetdiskdownload/archive/ec/vscode_ozone/gcc-arm-none-eabi-10.3-2021.10-win32/arm-gnu-toolchian/bin/../lib/gcc/arm-none-eabi/10.3.1/thumb/v7e-m+fp/hard/crti.o
 .ARM.attributes
                0x0000001e       0x34 d:/baidunetdiskdownload/archive/ec/vscode_ozone/gcc-arm-none-eabi-10.3-2021.10-win32/arm-gnu-toolchian/bin/../lib/gcc/arm-none-eabi/10.3.1/thumb/v7e-m+fp/hard/crtbegin.o
 .ARM.attributes
                0x00000052       0x34 build/main.o
 .ARM.attributes
                0x00000086       0x34 build/gpio.o
 .ARM.attributes
                0x000000ba       0x34 build/usart.o
 .ARM.attributes
                0x000000ee       0x34 build/stm32f4xx_it.o
 .ARM.attributes
                0x00000122       0x34 build/stm32f4xx_hal_msp.o
 .ARM.attributes
                0x00000156       0x34 build/dma.o
 .ARM.attributes
                0x0000018a       0x34 build/tim.o
 .ARM.attributes
                0x000001be       0x34 build/bsp_dwt.o
 .ARM.attributes
                0x000001f2       0x34 build/bsp_usart.o
 .ARM.attributes
                0x00000226       0x34 build/wit_c_sdk.o
 .ARM.attributes
                0x0000025a       0x34 build/JY61P.o
 .ARM.attributes
                0x0000028e       0x34 build/servo_motor.o
 .ARM.attributes
                0x000002c2       0x34 build/openmv.o
 .ARM.attributes
                0x000002f6       0x34 build/sysmem.o
 .ARM.attributes
                0x0000032a       0x34 build/stm32f4xx_hal_rcc.o
 .ARM.attributes
                0x0000035e       0x34 build/stm32f4xx_hal_gpio.o
 .ARM.attributes
                0x00000392       0x34 build/stm32f4xx_hal_dma.o
 .ARM.attributes
                0x000003c6       0x34 build/stm32f4xx_hal_cortex.o
 .ARM.attributes
                0x000003fa       0x34 build/stm32f4xx_hal.o
 .ARM.attributes
                0x0000042e       0x34 build/stm32f4xx_hal_tim.o
 .ARM.attributes
                0x00000462       0x34 build/stm32f4xx_hal_tim_ex.o
 .ARM.attributes
                0x00000496       0x34 build/stm32f4xx_hal_uart.o
 .ARM.attributes
                0x000004ca       0x34 build/system_stm32f4xx.o
 .ARM.attributes
                0x000004fe       0x21 build/startup_stm32f405xx.o
 .ARM.attributes
                0x0000051f       0x34 d:/baidunetdiskdownload/archive/ec/vscode_ozone/gcc-arm-none-eabi-10.3-2021.10-win32/arm-gnu-toolchian/bin/../lib/gcc/arm-none-eabi/10.3.1/../../../../arm-none-eabi/lib/thumb/v7e-m+fp/hard\libc_nano.a(lib_a-errno.o)
 .ARM.attributes
                0x00000553       0x34 d:/baidunetdiskdownload/archive/ec/vscode_ozone/gcc-arm-none-eabi-10.3-2021.10-win32/arm-gnu-toolchian/bin/../lib/gcc/arm-none-eabi/10.3.1/../../../../arm-none-eabi/lib/thumb/v7e-m+fp/hard\libc_nano.a(lib_a-impure.o)
 .ARM.attributes
                0x00000587       0x34 d:/baidunetdiskdownload/archive/ec/vscode_ozone/gcc-arm-none-eabi-10.3-2021.10-win32/arm-gnu-toolchian/bin/../lib/gcc/arm-none-eabi/10.3.1/../../../../arm-none-eabi/lib/thumb/v7e-m+fp/hard\libc_nano.a(lib_a-init.o)
 .ARM.attributes
                0x000005bb       0x34 d:/baidunetdiskdownload/archive/ec/vscode_ozone/gcc-arm-none-eabi-10.3-2021.10-win32/arm-gnu-toolchian/bin/../lib/gcc/arm-none-eabi/10.3.1/../../../../arm-none-eabi/lib/thumb/v7e-m+fp/hard\libc_nano.a(lib_a-malloc.o)
 .ARM.attributes
                0x000005ef       0x34 d:/baidunetdiskdownload/archive/ec/vscode_ozone/gcc-arm-none-eabi-10.3-2021.10-win32/arm-gnu-toolchian/bin/../lib/gcc/arm-none-eabi/10.3.1/../../../../arm-none-eabi/lib/thumb/v7e-m+fp/hard\libc_nano.a(lib_a-memcpy-stub.o)
 .ARM.attributes
                0x00000623       0x34 d:/baidunetdiskdownload/archive/ec/vscode_ozone/gcc-arm-none-eabi-10.3-2021.10-win32/arm-gnu-toolchian/bin/../lib/gcc/arm-none-eabi/10.3.1/../../../../arm-none-eabi/lib/thumb/v7e-m+fp/hard\libc_nano.a(lib_a-memset.o)
 .ARM.attributes
                0x00000657       0x34 d:/baidunetdiskdownload/archive/ec/vscode_ozone/gcc-arm-none-eabi-10.3-2021.10-win32/arm-gnu-toolchian/bin/../lib/gcc/arm-none-eabi/10.3.1/../../../../arm-none-eabi/lib/thumb/v7e-m+fp/hard\libc_nano.a(lib_a-nano-mallocr.o)
 .ARM.attributes
                0x0000068b       0x34 d:/baidunetdiskdownload/archive/ec/vscode_ozone/gcc-arm-none-eabi-10.3-2021.10-win32/arm-gnu-toolchian/bin/../lib/gcc/arm-none-eabi/10.3.1/../../../../arm-none-eabi/lib/thumb/v7e-m+fp/hard\libc_nano.a(lib_a-sbrkr.o)
 .ARM.attributes
                0x000006bf       0x34 d:/baidunetdiskdownload/archive/ec/vscode_ozone/gcc-arm-none-eabi-10.3-2021.10-win32/arm-gnu-toolchian/bin/../lib/gcc/arm-none-eabi/10.3.1/../../../../arm-none-eabi/lib/thumb/v7e-m+fp/hard\libc_nano.a(lib_a-mlock.o)
 .ARM.attributes
                0x000006f3       0x34 d:/baidunetdiskdownload/archive/ec/vscode_ozone/gcc-arm-none-eabi-10.3-2021.10-win32/arm-gnu-toolchian/bin/../lib/gcc/arm-none-eabi/10.3.1/../../../../arm-none-eabi/lib/thumb/v7e-m+fp/hard\libc_nano.a(lib_a-reent.o)
 .ARM.attributes
                0x00000727       0x34 d:/baidunetdiskdownload/archive/ec/vscode_ozone/gcc-arm-none-eabi-10.3-2021.10-win32/arm-gnu-toolchian/bin/../lib/gcc/arm-none-eabi/10.3.1/../../../../arm-none-eabi/lib/thumb/v7e-m+fp/hard\libc_nano.a(lib_a-lock.o)
 .ARM.attributes
                0x0000075b       0x1e d:/baidunetdiskdownload/archive/ec/vscode_ozone/gcc-arm-none-eabi-10.3-2021.10-win32/arm-gnu-toolchian/bin/../lib/gcc/arm-none-eabi/10.3.1/thumb/v7e-m+fp/hard\libgcc.a(_arm_addsubdf3.o)
 .ARM.attributes
                0x00000779       0x1e d:/baidunetdiskdownload/archive/ec/vscode_ozone/gcc-arm-none-eabi-10.3-2021.10-win32/arm-gnu-toolchian/bin/../lib/gcc/arm-none-eabi/10.3.1/thumb/v7e-m+fp/hard\libgcc.a(_aeabi_uldivmod.o)
 .ARM.attributes
                0x00000797       0x34 d:/baidunetdiskdownload/archive/ec/vscode_ozone/gcc-arm-none-eabi-10.3-2021.10-win32/arm-gnu-toolchian/bin/../lib/gcc/arm-none-eabi/10.3.1/thumb/v7e-m+fp/hard\libgcc.a(_udivmoddi4.o)
 .ARM.attributes
                0x000007cb       0x1e d:/baidunetdiskdownload/archive/ec/vscode_ozone/gcc-arm-none-eabi-10.3-2021.10-win32/arm-gnu-toolchian/bin/../lib/gcc/arm-none-eabi/10.3.1/thumb/v7e-m+fp/hard\libgcc.a(_dvmd_tls.o)
 .ARM.attributes
                0x000007e9       0x1e d:/baidunetdiskdownload/archive/ec/vscode_ozone/gcc-arm-none-eabi-10.3-2021.10-win32/arm-gnu-toolchian/bin/../lib/gcc/arm-none-eabi/10.3.1/thumb/v7e-m+fp/hard/crtn.o
OUTPUT(build/Guided_Dart.elf elf32-littlearm)
LOAD linker stubs
LOAD d:/baidunetdiskdownload/archive/ec/vscode_ozone/gcc-arm-none-eabi-10.3-2021.10-win32/arm-gnu-toolchian/bin/../lib/gcc/arm-none-eabi/10.3.1/../../../../arm-none-eabi/lib/thumb/v7e-m+fp/hard\libc.a
LOAD d:/baidunetdiskdownload/archive/ec/vscode_ozone/gcc-arm-none-eabi-10.3-2021.10-win32/arm-gnu-toolchian/bin/../lib/gcc/arm-none-eabi/10.3.1/../../../../arm-none-eabi/lib/thumb/v7e-m+fp/hard\libm.a
LOAD d:/baidunetdiskdownload/archive/ec/vscode_ozone/gcc-arm-none-eabi-10.3-2021.10-win32/arm-gnu-toolchian/bin/../lib/gcc/arm-none-eabi/10.3.1/thumb/v7e-m+fp/hard\libgcc.a

.debug_info     0x00000000    0x1692b
 .debug_info    0x00000000      0xe3b build/main.o
 .debug_info    0x00000e3b      0x4f9 build/gpio.o
 .debug_info    0x00001334      0xf8e build/usart.o
 .debug_info    0x000022c2      0x854 build/stm32f4xx_it.o
 .debug_info    0x00002b16      0x2eb build/stm32f4xx_hal_msp.o
 .debug_info    0x00002e01      0x5ec build/dma.o
 .debug_info    0x000033ed     0x10fa build/tim.o
 .debug_info    0x000044e7      0x6df build/bsp_dwt.o
 .debug_info    0x00004bc6      0xad7 build/bsp_usart.o
 .debug_info    0x0000569d     0x109b build/wit_c_sdk.o
 .debug_info    0x00006738      0xc0e build/JY61P.o
 .debug_info    0x00007346      0x8f0 build/servo_motor.o
 .debug_info    0x00007c36      0x8a2 build/openmv.o
 .debug_info    0x000084d8      0x185 build/sysmem.o
 .debug_info    0x0000865d      0xbe6 build/stm32f4xx_hal_rcc.o
 .debug_info    0x00009243      0x848 build/stm32f4xx_hal_gpio.o
 .debug_info    0x00009a8b      0xbd1 build/stm32f4xx_hal_dma.o
 .debug_info    0x0000a65c     0x11b4 build/stm32f4xx_hal_cortex.o
 .debug_info    0x0000b810      0xabd build/stm32f4xx_hal.o
 .debug_info    0x0000c2cd     0x40cc build/stm32f4xx_hal_tim.o
 .debug_info    0x00010399     0x1c8f build/stm32f4xx_hal_tim_ex.o
 .debug_info    0x00012028     0x432e build/stm32f4xx_hal_uart.o
 .debug_info    0x00016356      0x5b3 build/system_stm32f4xx.o
 .debug_info    0x00016909       0x22 build/startup_stm32f405xx.o

.debug_abbrev   0x00000000     0x305c
 .debug_abbrev  0x00000000      0x25c build/main.o
 .debug_abbrev  0x0000025c      0x151 build/gpio.o
 .debug_abbrev  0x000003ad      0x1fa build/usart.o
 .debug_abbrev  0x000005a7      0x18e build/stm32f4xx_it.o
 .debug_abbrev  0x00000735       0xd3 build/stm32f4xx_hal_msp.o
 .debug_abbrev  0x00000808      0x129 build/dma.o
 .debug_abbrev  0x00000931      0x232 build/tim.o
 .debug_abbrev  0x00000b63      0x1b2 build/bsp_dwt.o
 .debug_abbrev  0x00000d15      0x29a build/bsp_usart.o
 .debug_abbrev  0x00000faf      0x2c9 build/wit_c_sdk.o
 .debug_abbrev  0x00001278      0x230 build/JY61P.o
 .debug_abbrev  0x000014a8      0x1cd build/servo_motor.o
 .debug_abbrev  0x00001675      0x1fc build/openmv.o
 .debug_abbrev  0x00001871       0xea build/sysmem.o
 .debug_abbrev  0x0000195b      0x2aa build/stm32f4xx_hal_rcc.o
 .debug_abbrev  0x00001c05      0x22b build/stm32f4xx_hal_gpio.o
 .debug_abbrev  0x00001e30      0x2ff build/stm32f4xx_hal_dma.o
 .debug_abbrev  0x0000212f      0x379 build/stm32f4xx_hal_cortex.o
 .debug_abbrev  0x000024a8      0x209 build/stm32f4xx_hal.o
 .debug_abbrev  0x000026b1      0x289 build/stm32f4xx_hal_tim.o
 .debug_abbrev  0x0000293a      0x29f build/stm32f4xx_hal_tim_ex.o
 .debug_abbrev  0x00002bd9      0x356 build/stm32f4xx_hal_uart.o
 .debug_abbrev  0x00002f2f      0x11b build/system_stm32f4xx.o
 .debug_abbrev  0x0000304a       0x12 build/startup_stm32f405xx.o

.debug_loc      0x00000000    0x111a4
 .debug_loc     0x00000000       0x66 build/main.o
 .debug_loc     0x00000066       0x38 build/gpio.o
 .debug_loc     0x0000009e      0x150 build/usart.o
 .debug_loc     0x000001ee       0xe0 build/stm32f4xx_it.o
 .debug_loc     0x000002ce       0x2c build/stm32f4xx_hal_msp.o
 .debug_loc     0x000002fa       0x38 build/dma.o
 .debug_loc     0x00000332      0x167 build/tim.o
 .debug_loc     0x00000499      0x32a build/bsp_dwt.o
 .debug_loc     0x000007c3      0x424 build/bsp_usart.o
 .debug_loc     0x00000be7     0x11e2 build/wit_c_sdk.o
 .debug_loc     0x00001dc9      0x253 build/JY61P.o
 .debug_loc     0x0000201c      0x111 build/servo_motor.o
 .debug_loc     0x0000212d       0xa2 build/openmv.o
 .debug_loc     0x000021cf       0x84 build/sysmem.o
 .debug_loc     0x00002253      0x6e4 build/stm32f4xx_hal_rcc.o
 .debug_loc     0x00002937      0x5e8 build/stm32f4xx_hal_gpio.o
 .debug_loc     0x00002f1f      0xd6d build/stm32f4xx_hal_dma.o
 .debug_loc     0x00003c8c      0x7a4 build/stm32f4xx_hal_cortex.o
 .debug_loc     0x00004430      0x1e1 build/stm32f4xx_hal.o
 .debug_loc     0x00004611     0x5be1 build/stm32f4xx_hal_tim.o
 .debug_loc     0x0000a1f2     0x212a build/stm32f4xx_hal_tim_ex.o
 .debug_loc     0x0000c31c     0x4d30 build/stm32f4xx_hal_uart.o
 .debug_loc     0x0001104c      0x158 build/system_stm32f4xx.o

.debug_aranges  0x00000000      0xea8
 .debug_aranges
                0x00000000       0x30 build/main.o
 .debug_aranges
                0x00000030       0x20 build/gpio.o
 .debug_aranges
                0x00000050       0x38 build/usart.o
 .debug_aranges
                0x00000088       0x90 build/stm32f4xx_it.o
 .debug_aranges
                0x00000118       0x20 build/stm32f4xx_hal_msp.o
 .debug_aranges
                0x00000138       0x20 build/dma.o
 .debug_aranges
                0x00000158       0x40 build/tim.o
 .debug_aranges
                0x00000198       0x68 build/bsp_dwt.o
 .debug_aranges
                0x00000200       0x50 build/bsp_usart.o
 .debug_aranges
                0x00000250       0xf0 build/wit_c_sdk.o
 .debug_aranges
                0x00000340       0x40 build/JY61P.o
 .debug_aranges
                0x00000380       0x30 build/servo_motor.o
 .debug_aranges
                0x000003b0       0x28 build/openmv.o
 .debug_aranges
                0x000003d8       0x20 build/sysmem.o
 .debug_aranges
                0x000003f8       0x88 build/stm32f4xx_hal_rcc.o
 .debug_aranges
                0x00000480       0x58 build/stm32f4xx_hal_gpio.o
 .debug_aranges
                0x000004d8       0x90 build/stm32f4xx_hal_dma.o
 .debug_aranges
                0x00000568       0xc0 build/stm32f4xx_hal_cortex.o
 .debug_aranges
                0x00000628       0xf0 build/stm32f4xx_hal.o
 .debug_aranges
                0x00000718      0x3d0 build/stm32f4xx_hal_tim.o
 .debug_aranges
                0x00000ae8      0x168 build/stm32f4xx_hal_tim_ex.o
 .debug_aranges
                0x00000c50      0x208 build/stm32f4xx_hal_uart.o
 .debug_aranges
                0x00000e58       0x28 build/system_stm32f4xx.o
 .debug_aranges
                0x00000e80       0x28 build/startup_stm32f405xx.o

.debug_ranges   0x00000000      0xdc0
 .debug_ranges  0x00000000       0x20 build/main.o
 .debug_ranges  0x00000020       0x10 build/gpio.o
 .debug_ranges  0x00000030       0x28 build/usart.o
 .debug_ranges  0x00000058       0x80 build/stm32f4xx_it.o
 .debug_ranges  0x000000d8       0x10 build/stm32f4xx_hal_msp.o
 .debug_ranges  0x000000e8       0x10 build/dma.o
 .debug_ranges  0x000000f8       0x30 build/tim.o
 .debug_ranges  0x00000128       0x58 build/bsp_dwt.o
 .debug_ranges  0x00000180       0x40 build/bsp_usart.o
 .debug_ranges  0x000001c0       0xe0 build/wit_c_sdk.o
 .debug_ranges  0x000002a0       0x30 build/JY61P.o
 .debug_ranges  0x000002d0       0x20 build/servo_motor.o
 .debug_ranges  0x000002f0       0x18 build/openmv.o
 .debug_ranges  0x00000308       0x10 build/sysmem.o
 .debug_ranges  0x00000318       0x90 build/stm32f4xx_hal_rcc.o
 .debug_ranges  0x000003a8       0x48 build/stm32f4xx_hal_gpio.o
 .debug_ranges  0x000003f0       0x80 build/stm32f4xx_hal_dma.o
 .debug_ranges  0x00000470      0x110 build/stm32f4xx_hal_cortex.o
 .debug_ranges  0x00000580       0xe0 build/stm32f4xx_hal.o
 .debug_ranges  0x00000660      0x3c0 build/stm32f4xx_hal_tim.o
 .debug_ranges  0x00000a20      0x158 build/stm32f4xx_hal_tim_ex.o
 .debug_ranges  0x00000b78      0x210 build/stm32f4xx_hal_uart.o
 .debug_ranges  0x00000d88       0x18 build/system_stm32f4xx.o
 .debug_ranges  0x00000da0       0x20 build/startup_stm32f405xx.o

.debug_line     0x00000000    0x11d24
 .debug_line    0x00000000      0x44d build/main.o
 .debug_line    0x0000044d      0x240 build/gpio.o
 .debug_line    0x0000068d      0x5a1 build/usart.o
 .debug_line    0x00000c2e      0x3b5 build/stm32f4xx_it.o
 .debug_line    0x00000fe3      0x1c3 build/stm32f4xx_hal_msp.o
 .debug_line    0x000011a6      0x1f7 build/dma.o
 .debug_line    0x0000139d      0x59e build/tim.o
 .debug_line    0x0000193b      0x457 build/bsp_dwt.o
 .debug_line    0x00001d92      0x48e build/bsp_usart.o
 .debug_line    0x00002220     0x105d build/wit_c_sdk.o
 .debug_line    0x0000327d      0x488 build/JY61P.o
 .debug_line    0x00003705      0x28f build/servo_motor.o
 .debug_line    0x00003994      0x31c build/openmv.o
 .debug_line    0x00003cb0      0x25e build/sysmem.o
 .debug_line    0x00003f0e      0xbb0 build/stm32f4xx_hal_rcc.o
 .debug_line    0x00004abe      0x749 build/stm32f4xx_hal_gpio.o
 .debug_line    0x00005207      0xe8d build/stm32f4xx_hal_dma.o
 .debug_line    0x00006094      0x814 build/stm32f4xx_hal_cortex.o
 .debug_line    0x000068a8      0x5cd build/stm32f4xx_hal.o
 .debug_line    0x00006e75     0x4b41 build/stm32f4xx_hal_tim.o
 .debug_line    0x0000b9b6     0x1d18 build/stm32f4xx_hal_tim_ex.o
 .debug_line    0x0000d6ce     0x4323 build/stm32f4xx_hal_uart.o
 .debug_line    0x000119f1      0x2c0 build/system_stm32f4xx.o
 .debug_line    0x00011cb1       0x73 build/startup_stm32f405xx.o

.debug_str      0x00000000     0x46b7
 .debug_str     0x00000000      0x95d build/main.o
                                0xa60 (size before relaxing)
 .debug_str     0x0000095d       0xb4 build/gpio.o
                                0x354 (size before relaxing)
 .debug_str     0x00000a11      0x5c6 build/usart.o
                                0xd88 (size before relaxing)
 .debug_str     0x00000fd7      0x15f build/stm32f4xx_it.o
                                0x78f (size before relaxing)
 .debug_str     0x00001136       0x29 build/stm32f4xx_hal_msp.o
                                0x2a3 (size before relaxing)
 .debug_str     0x0000115f        0xf build/dma.o
                                0x78a (size before relaxing)
 .debug_str     0x0000116e      0x547 build/tim.o
                                0xb57 (size before relaxing)
 .debug_str     0x000016b5      0x268 build/bsp_dwt.o
                                0x43f (size before relaxing)
 .debug_str     0x0000191d      0x193 build/bsp_usart.o
                                0x81e (size before relaxing)
 .debug_str     0x00001ab0      0x412 build/wit_c_sdk.o
                                0x5ef (size before relaxing)
 .debug_str     0x00001ec2       0xc4 build/JY61P.o
                                0x83e (size before relaxing)
 .debug_str     0x00001f86       0x7d build/servo_motor.o
                                0x763 (size before relaxing)
 .debug_str     0x00002003       0x54 build/openmv.o
                                0x73b (size before relaxing)
 .debug_str     0x00002057       0x7a build/sysmem.o
                                0x20d (size before relaxing)
 .debug_str     0x000020d1      0x22a build/stm32f4xx_hal_rcc.o
                                0x6ee (size before relaxing)
 .debug_str     0x000022fb      0x125 build/stm32f4xx_hal_gpio.o
                                0x4c8 (size before relaxing)
 .debug_str     0x00002420      0x2dc build/stm32f4xx_hal_dma.o
                                0x75e (size before relaxing)
 .debug_str     0x000026fc      0x504 build/stm32f4xx_hal_cortex.o
                                0xc3c (size before relaxing)
 .debug_str     0x00002c00      0x29a build/stm32f4xx_hal.o
                                0xb21 (size before relaxing)
 .debug_str     0x00002e9a      0xdcf build/stm32f4xx_hal_tim.o
                               0x16b1 (size before relaxing)
 .debug_str     0x00003c69      0x46f build/stm32f4xx_hal_tim_ex.o
                                0xea2 (size before relaxing)
 .debug_str     0x000040d8      0x574 build/stm32f4xx_hal_uart.o
                                0xd83 (size before relaxing)
 .debug_str     0x0000464c       0x47 build/system_stm32f4xx.o
                                0x35d (size before relaxing)
 .debug_str     0x00004693       0x24 build/startup_stm32f405xx.o
                                 0x52 (size before relaxing)

.comment        0x00000000       0x49
 .comment       0x00000000       0x49 build/main.o
                                 0x4a (size before relaxing)
 .comment       0x00000049       0x4a build/gpio.o
 .comment       0x00000049       0x4a build/usart.o
 .comment       0x00000049       0x4a build/stm32f4xx_it.o
 .comment       0x00000049       0x4a build/stm32f4xx_hal_msp.o
 .comment       0x00000049       0x4a build/dma.o
 .comment       0x00000049       0x4a build/tim.o
 .comment       0x00000049       0x4a build/bsp_dwt.o
 .comment       0x00000049       0x4a build/bsp_usart.o
 .comment       0x00000049       0x4a build/wit_c_sdk.o
 .comment       0x00000049       0x4a build/JY61P.o
 .comment       0x00000049       0x4a build/servo_motor.o
 .comment       0x00000049       0x4a build/openmv.o
 .comment       0x00000049       0x4a build/sysmem.o
 .comment       0x00000049       0x4a build/stm32f4xx_hal_rcc.o
 .comment       0x00000049       0x4a build/stm32f4xx_hal_gpio.o
 .comment       0x00000049       0x4a build/stm32f4xx_hal_dma.o
 .comment       0x00000049       0x4a build/stm32f4xx_hal_cortex.o
 .comment       0x00000049       0x4a build/stm32f4xx_hal.o
 .comment       0x00000049       0x4a build/stm32f4xx_hal_tim.o
 .comment       0x00000049       0x4a build/stm32f4xx_hal_tim_ex.o
 .comment       0x00000049       0x4a build/stm32f4xx_hal_uart.o
 .comment       0x00000049       0x4a build/system_stm32f4xx.o

.debug_frame    0x00000000     0x295c
 .debug_frame   0x00000000       0x58 build/main.o
 .debug_frame   0x00000058       0x34 build/gpio.o
 .debug_frame   0x0000008c       0x7c build/usart.o
 .debug_frame   0x00000108      0x138 build/stm32f4xx_it.o
 .debug_frame   0x00000240       0x28 build/stm32f4xx_hal_msp.o
 .debug_frame   0x00000268       0x30 build/dma.o
 .debug_frame   0x00000298       0xa0 build/tim.o
 .debug_frame   0x00000338      0x138 build/bsp_dwt.o
 .debug_frame   0x00000470       0xb8 build/bsp_usart.o
 .debug_frame   0x00000528      0x2dc build/wit_c_sdk.o
 .debug_frame   0x00000804       0xb4 build/JY61P.o
 .debug_frame   0x000008b8       0x5c build/servo_motor.o
 .debug_frame   0x00000914       0x3c build/openmv.o
 .debug_frame   0x00000950       0x28 build/sysmem.o
 .debug_frame   0x00000978      0x16c build/stm32f4xx_hal_rcc.o
 .debug_frame   0x00000ae4       0xd8 build/stm32f4xx_hal_gpio.o
 .debug_frame   0x00000bbc      0x188 build/stm32f4xx_hal_dma.o
 .debug_frame   0x00000d44      0x178 build/stm32f4xx_hal_cortex.o
 .debug_frame   0x00000ebc      0x1ec build/stm32f4xx_hal.o
 .debug_frame   0x000010a8      0xb10 build/stm32f4xx_hal_tim.o
 .debug_frame   0x00001bb8      0x40c build/stm32f4xx_hal_tim_ex.o
 .debug_frame   0x00001fc4      0x5e4 build/stm32f4xx_hal_uart.o
 .debug_frame   0x000025a8       0x30 build/system_stm32f4xx.o
 .debug_frame   0x000025d8       0x20 d:/baidunetdiskdownload/archive/ec/vscode_ozone/gcc-arm-none-eabi-10.3-2021.10-win32/arm-gnu-toolchian/bin/../lib/gcc/arm-none-eabi/10.3.1/../../../../arm-none-eabi/lib/thumb/v7e-m+fp/hard\libc_nano.a(lib_a-errno.o)
 .debug_frame   0x000025f8       0x2c d:/baidunetdiskdownload/archive/ec/vscode_ozone/gcc-arm-none-eabi-10.3-2021.10-win32/arm-gnu-toolchian/bin/../lib/gcc/arm-none-eabi/10.3.1/../../../../arm-none-eabi/lib/thumb/v7e-m+fp/hard\libc_nano.a(lib_a-init.o)
 .debug_frame   0x00002624       0x30 d:/baidunetdiskdownload/archive/ec/vscode_ozone/gcc-arm-none-eabi-10.3-2021.10-win32/arm-gnu-toolchian/bin/../lib/gcc/arm-none-eabi/10.3.1/../../../../arm-none-eabi/lib/thumb/v7e-m+fp/hard\libc_nano.a(lib_a-malloc.o)
 .debug_frame   0x00002654       0x28 d:/baidunetdiskdownload/archive/ec/vscode_ozone/gcc-arm-none-eabi-10.3-2021.10-win32/arm-gnu-toolchian/bin/../lib/gcc/arm-none-eabi/10.3.1/../../../../arm-none-eabi/lib/thumb/v7e-m+fp/hard\libc_nano.a(lib_a-memcpy-stub.o)
 .debug_frame   0x0000267c       0x20 d:/baidunetdiskdownload/archive/ec/vscode_ozone/gcc-arm-none-eabi-10.3-2021.10-win32/arm-gnu-toolchian/bin/../lib/gcc/arm-none-eabi/10.3.1/../../../../arm-none-eabi/lib/thumb/v7e-m+fp/hard\libc_nano.a(lib_a-memset.o)
 .debug_frame   0x0000269c       0x4c d:/baidunetdiskdownload/archive/ec/vscode_ozone/gcc-arm-none-eabi-10.3-2021.10-win32/arm-gnu-toolchian/bin/../lib/gcc/arm-none-eabi/10.3.1/../../../../arm-none-eabi/lib/thumb/v7e-m+fp/hard\libc_nano.a(lib_a-nano-mallocr.o)
 .debug_frame   0x000026e8       0x2c d:/baidunetdiskdownload/archive/ec/vscode_ozone/gcc-arm-none-eabi-10.3-2021.10-win32/arm-gnu-toolchian/bin/../lib/gcc/arm-none-eabi/10.3.1/../../../../arm-none-eabi/lib/thumb/v7e-m+fp/hard\libc_nano.a(lib_a-sbrkr.o)
 .debug_frame   0x00002714       0x30 d:/baidunetdiskdownload/archive/ec/vscode_ozone/gcc-arm-none-eabi-10.3-2021.10-win32/arm-gnu-toolchian/bin/../lib/gcc/arm-none-eabi/10.3.1/../../../../arm-none-eabi/lib/thumb/v7e-m+fp/hard\libc_nano.a(lib_a-mlock.o)
 .debug_frame   0x00002744       0x5c d:/baidunetdiskdownload/archive/ec/vscode_ozone/gcc-arm-none-eabi-10.3-2021.10-win32/arm-gnu-toolchian/bin/../lib/gcc/arm-none-eabi/10.3.1/../../../../arm-none-eabi/lib/thumb/v7e-m+fp/hard\libc_nano.a(lib_a-reent.o)
 .debug_frame   0x000027a0       0xb0 d:/baidunetdiskdownload/archive/ec/vscode_ozone/gcc-arm-none-eabi-10.3-2021.10-win32/arm-gnu-toolchian/bin/../lib/gcc/arm-none-eabi/10.3.1/../../../../arm-none-eabi/lib/thumb/v7e-m+fp/hard\libc_nano.a(lib_a-lock.o)
 .debug_frame   0x00002850       0xac d:/baidunetdiskdownload/archive/ec/vscode_ozone/gcc-arm-none-eabi-10.3-2021.10-win32/arm-gnu-toolchian/bin/../lib/gcc/arm-none-eabi/10.3.1/thumb/v7e-m+fp/hard\libgcc.a(_arm_addsubdf3.o)
 .debug_frame   0x000028fc       0x2c d:/baidunetdiskdownload/archive/ec/vscode_ozone/gcc-arm-none-eabi-10.3-2021.10-win32/arm-gnu-toolchian/bin/../lib/gcc/arm-none-eabi/10.3.1/thumb/v7e-m+fp/hard\libgcc.a(_aeabi_uldivmod.o)
 .debug_frame   0x00002928       0x34 d:/baidunetdiskdownload/archive/ec/vscode_ozone/gcc-arm-none-eabi-10.3-2021.10-win32/arm-gnu-toolchian/bin/../lib/gcc/arm-none-eabi/10.3.1/thumb/v7e-m+fp/hard\libgcc.a(_udivmoddi4.o)

Cross Reference Table

Symbol                                            File
ADC_IRQHandler                                    build/startup_stm32f405xx.o
AHBPrescTable                                     build/system_stm32f4xx.o
                                                  build/stm32f4xx_hal_rcc.o
APBPrescTable                                     build/system_stm32f4xx.o
                                                  build/stm32f4xx_hal_rcc.o
                                                  build/bsp_pwm.o
BusFault_Handler                                  build/stm32f4xx_it.o
CAN1_RX0_IRQHandler                               build/startup_stm32f405xx.o
CAN1_RX1_IRQHandler                               build/startup_stm32f405xx.o
CAN1_SCE_IRQHandler                               build/startup_stm32f405xx.o
CAN1_TX_IRQHandler                                build/startup_stm32f405xx.o
CAN2_RX0_IRQHandler                               build/startup_stm32f405xx.o
CAN2_RX1_IRQHandler                               build/startup_stm32f405xx.o
CAN2_SCE_IRQHandler                               build/startup_stm32f405xx.o
CAN2_TX_IRQHandler                                build/startup_stm32f405xx.o
CheckRange                                        build/wit_c_sdk.o
DMA1_Stream0_IRQHandler                           build/startup_stm32f405xx.o
DMA1_Stream1_IRQHandler                           build/stm32f4xx_it.o
DMA1_Stream2_IRQHandler                           build/startup_stm32f405xx.o
DMA1_Stream3_IRQHandler                           build/stm32f4xx_it.o
DMA1_Stream4_IRQHandler                           build/startup_stm32f405xx.o
DMA1_Stream5_IRQHandler                           build/startup_stm32f405xx.o
DMA1_Stream6_IRQHandler                           build/startup_stm32f405xx.o
DMA1_Stream7_IRQHandler                           build/startup_stm32f405xx.o
DMA2_Stream0_IRQHandler                           build/startup_stm32f405xx.o
DMA2_Stream1_IRQHandler                           build/startup_stm32f405xx.o
DMA2_Stream2_IRQHandler                           build/stm32f4xx_it.o
DMA2_Stream3_IRQHandler                           build/startup_stm32f405xx.o
DMA2_Stream4_IRQHandler                           build/startup_stm32f405xx.o
DMA2_Stream5_IRQHandler                           build/startup_stm32f405xx.o
DMA2_Stream6_IRQHandler                           build/startup_stm32f405xx.o
DMA2_Stream7_IRQHandler                           build/stm32f4xx_it.o
DWT_Delay                                         build/bsp_dwt.o
                                                  build/JY61P.o
DWT_Delay_ms                                      build/bsp_dwt.o
                                                  build/Ducted_fan_Motor.o
                                                  build/JY61P.o
DWT_GetDeltaT                                     build/bsp_dwt.o
                                                  build/JY61P.o
DWT_GetDeltaT64                                   build/bsp_dwt.o
DWT_GetTimeline_ms                                build/bsp_dwt.o
DWT_GetTimeline_s                                 build/bsp_dwt.o
DWT_GetTimeline_us                                build/bsp_dwt.o
DWT_Init                                          build/bsp_dwt.o
                                                  build/JY61P.o
DWT_SysTimeUpdate                                 build/bsp_dwt.o
DebugMon_Handler                                  build/stm32f4xx_it.o
Default_Handler                                   build/startup_stm32f405xx.o
Ducted_Fan_Motor_Init                             build/Ducted_fan_Motor.o
Ducted_Fan_Motor_Task                             build/Ducted_fan_Motor.o
EXTI0_IRQHandler                                  build/startup_stm32f405xx.o
EXTI15_10_IRQHandler                              build/startup_stm32f405xx.o
EXTI1_IRQHandler                                  build/startup_stm32f405xx.o
EXTI2_IRQHandler                                  build/startup_stm32f405xx.o
EXTI3_IRQHandler                                  build/startup_stm32f405xx.o
EXTI4_IRQHandler                                  build/startup_stm32f405xx.o
EXTI9_5_IRQHandler                                build/startup_stm32f405xx.o
Error_Handler                                     build/main.o
                                                  build/tim.o
                                                  build/usart.o
FLASH_Erase_Sector                                build/stm32f4xx_hal_flash_ex.o
                                                  build/stm32f4xx_hal_flash.o
FLASH_FlushCaches                                 build/stm32f4xx_hal_flash_ex.o
                                                  build/stm32f4xx_hal_flash.o
FLASH_IRQHandler                                  build/startup_stm32f405xx.o
FLASH_WaitForLastOperation                        build/stm32f4xx_hal_flash.o
                                                  build/stm32f4xx_hal_flash_ex.o
FPU_IRQHandler                                    build/startup_stm32f405xx.o
FSMC_IRQHandler                                   build/startup_stm32f405xx.o
GPIORead                                          build/bsp_gpio.o
GPIORegister                                      build/bsp_gpio.o
GPIOReset                                         build/bsp_gpio.o
GPIOSet                                           build/bsp_gpio.o
GPIOToggel                                        build/bsp_gpio.o
HAL_CORTEX_ClearEvent                             build/stm32f4xx_hal_cortex.o
HAL_DBGMCU_DisableDBGSleepMode                    build/stm32f4xx_hal.o
HAL_DBGMCU_DisableDBGStandbyMode                  build/stm32f4xx_hal.o
HAL_DBGMCU_DisableDBGStopMode                     build/stm32f4xx_hal.o
HAL_DBGMCU_EnableDBGSleepMode                     build/stm32f4xx_hal.o
HAL_DBGMCU_EnableDBGStandbyMode                   build/stm32f4xx_hal.o
HAL_DBGMCU_EnableDBGStopMode                      build/stm32f4xx_hal.o
HAL_DMAEx_ChangeMemory                            build/stm32f4xx_hal_dma_ex.o
HAL_DMAEx_MultiBufferStart                        build/stm32f4xx_hal_dma_ex.o
HAL_DMAEx_MultiBufferStart_IT                     build/stm32f4xx_hal_dma_ex.o
HAL_DMA_Abort                                     build/stm32f4xx_hal_dma.o
                                                  build/stm32f4xx_hal_uart.o
HAL_DMA_Abort_IT                                  build/stm32f4xx_hal_dma.o
                                                  build/stm32f4xx_hal_uart.o
                                                  build/stm32f4xx_hal_tim_ex.o
                                                  build/stm32f4xx_hal_tim.o
HAL_DMA_DeInit                                    build/stm32f4xx_hal_dma.o
                                                  build/usart.o
HAL_DMA_GetError                                  build/stm32f4xx_hal_dma.o
                                                  build/stm32f4xx_hal_uart.o
HAL_DMA_GetState                                  build/stm32f4xx_hal_dma.o
HAL_DMA_IRQHandler                                build/stm32f4xx_hal_dma.o
                                                  build/stm32f4xx_it.o
HAL_DMA_Init                                      build/stm32f4xx_hal_dma.o
                                                  build/usart.o
HAL_DMA_PollForTransfer                           build/stm32f4xx_hal_dma.o
HAL_DMA_RegisterCallback                          build/stm32f4xx_hal_dma.o
HAL_DMA_Start                                     build/stm32f4xx_hal_dma.o
HAL_DMA_Start_IT                                  build/stm32f4xx_hal_dma.o
                                                  build/stm32f4xx_hal_uart.o
                                                  build/stm32f4xx_hal_tim_ex.o
                                                  build/stm32f4xx_hal_tim.o
HAL_DMA_UnRegisterCallback                        build/stm32f4xx_hal_dma.o
HAL_DeInit                                        build/stm32f4xx_hal.o
HAL_Delay                                         build/stm32f4xx_hal.o
HAL_DisableCompensationCell                       build/stm32f4xx_hal.o
HAL_EXTI_ClearConfigLine                          build/stm32f4xx_hal_exti.o
HAL_EXTI_ClearPending                             build/stm32f4xx_hal_exti.o
HAL_EXTI_GenerateSWI                              build/stm32f4xx_hal_exti.o
HAL_EXTI_GetConfigLine                            build/stm32f4xx_hal_exti.o
HAL_EXTI_GetHandle                                build/stm32f4xx_hal_exti.o
HAL_EXTI_GetPending                               build/stm32f4xx_hal_exti.o
HAL_EXTI_IRQHandler                               build/stm32f4xx_hal_exti.o
HAL_EXTI_RegisterCallback                         build/stm32f4xx_hal_exti.o
HAL_EXTI_SetConfigLine                            build/stm32f4xx_hal_exti.o
HAL_EnableCompensationCell                        build/stm32f4xx_hal.o
HAL_FLASHEx_Erase                                 build/stm32f4xx_hal_flash_ex.o
HAL_FLASHEx_Erase_IT                              build/stm32f4xx_hal_flash_ex.o
HAL_FLASHEx_OBGetConfig                           build/stm32f4xx_hal_flash_ex.o
HAL_FLASHEx_OBProgram                             build/stm32f4xx_hal_flash_ex.o
HAL_FLASH_EndOfOperationCallback                  build/stm32f4xx_hal_flash.o
HAL_FLASH_GetError                                build/stm32f4xx_hal_flash.o
HAL_FLASH_IRQHandler                              build/stm32f4xx_hal_flash.o
HAL_FLASH_Lock                                    build/stm32f4xx_hal_flash.o
HAL_FLASH_OB_Launch                               build/stm32f4xx_hal_flash.o
HAL_FLASH_OB_Lock                                 build/stm32f4xx_hal_flash.o
HAL_FLASH_OB_Unlock                               build/stm32f4xx_hal_flash.o
HAL_FLASH_OperationErrorCallback                  build/stm32f4xx_hal_flash.o
HAL_FLASH_Program                                 build/stm32f4xx_hal_flash.o
HAL_FLASH_Program_IT                              build/stm32f4xx_hal_flash.o
HAL_FLASH_Unlock                                  build/stm32f4xx_hal_flash.o
HAL_GPIO_DeInit                                   build/stm32f4xx_hal_gpio.o
                                                  build/usart.o
HAL_GPIO_EXTI_Callback                            build/bsp_gpio.o
HAL_GPIO_EXTI_IRQHandler                          build/stm32f4xx_hal_gpio.o
HAL_GPIO_Init                                     build/stm32f4xx_hal_gpio.o
                                                  build/stm32f4xx_hal_rcc.o
                                                  build/tim.o
                                                  build/usart.o
                                                  build/gpio.o
HAL_GPIO_LockPin                                  build/stm32f4xx_hal_gpio.o
HAL_GPIO_ReadPin                                  build/stm32f4xx_hal_gpio.o
                                                  build/bsp_gpio.o
HAL_GPIO_TogglePin                                build/stm32f4xx_hal_gpio.o
                                                  build/bsp_gpio.o
HAL_GPIO_WritePin                                 build/stm32f4xx_hal_gpio.o
                                                  build/Ducted_fan_Motor.o
                                                  build/bsp_gpio.o
                                                  build/gpio.o
HAL_GetDEVID                                      build/stm32f4xx_hal.o
HAL_GetHalVersion                                 build/stm32f4xx_hal.o
HAL_GetREVID                                      build/stm32f4xx_hal.o
HAL_GetTick                                       build/stm32f4xx_hal.o
                                                  build/stm32f4xx_hal_uart.o
                                                  build/stm32f4xx_hal_pwr_ex.o
                                                  build/stm32f4xx_hal_dma.o
                                                  build/stm32f4xx_hal_flash.o
                                                  build/stm32f4xx_hal_rcc_ex.o
                                                  build/stm32f4xx_hal_rcc.o
HAL_GetTickFreq                                   build/stm32f4xx_hal.o
HAL_GetTickPrio                                   build/stm32f4xx_hal.o
HAL_GetUIDw0                                      build/stm32f4xx_hal.o
HAL_GetUIDw1                                      build/stm32f4xx_hal.o
HAL_GetUIDw2                                      build/stm32f4xx_hal.o
HAL_HalfDuplex_EnableReceiver                     build/stm32f4xx_hal_uart.o
HAL_HalfDuplex_EnableTransmitter                  build/stm32f4xx_hal_uart.o
HAL_HalfDuplex_Init                               build/stm32f4xx_hal_uart.o
HAL_IncTick                                       build/stm32f4xx_hal.o
                                                  build/stm32f4xx_it.o
HAL_Init                                          build/stm32f4xx_hal.o
                                                  build/main.o
HAL_InitTick                                      build/stm32f4xx_hal.o
                                                  build/stm32f4xx_hal_rcc_ex.o
                                                  build/stm32f4xx_hal_rcc.o
HAL_LIN_Init                                      build/stm32f4xx_hal_uart.o
HAL_LIN_SendBreak                                 build/stm32f4xx_hal_uart.o
HAL_MPU_ConfigRegion                              build/stm32f4xx_hal_cortex.o
HAL_MPU_Disable                                   build/stm32f4xx_hal_cortex.o
HAL_MPU_DisableRegion                             build/stm32f4xx_hal_cortex.o
HAL_MPU_Enable                                    build/stm32f4xx_hal_cortex.o
HAL_MPU_EnableRegion                              build/stm32f4xx_hal_cortex.o
HAL_MspDeInit                                     build/stm32f4xx_hal.o
HAL_MspInit                                       build/stm32f4xx_hal_msp.o
HAL_MultiProcessor_EnterMuteMode                  build/stm32f4xx_hal_uart.o
HAL_MultiProcessor_ExitMuteMode                   build/stm32f4xx_hal_uart.o
HAL_MultiProcessor_Init                           build/stm32f4xx_hal_uart.o
HAL_NVIC_ClearPendingIRQ                          build/stm32f4xx_hal_cortex.o
HAL_NVIC_DisableIRQ                               build/stm32f4xx_hal_cortex.o
                                                  build/usart.o
HAL_NVIC_EnableIRQ                                build/stm32f4xx_hal_cortex.o
                                                  build/dma.o
                                                  build/usart.o
HAL_NVIC_GetActive                                build/stm32f4xx_hal_cortex.o
HAL_NVIC_GetPendingIRQ                            build/stm32f4xx_hal_cortex.o
HAL_NVIC_GetPriority                              build/stm32f4xx_hal_cortex.o
HAL_NVIC_GetPriorityGrouping                      build/stm32f4xx_hal_cortex.o
HAL_NVIC_SetPendingIRQ                            build/stm32f4xx_hal_cortex.o
HAL_NVIC_SetPriority                              build/stm32f4xx_hal_cortex.o
                                                  build/stm32f4xx_hal.o
                                                  build/dma.o
                                                  build/usart.o
HAL_NVIC_SetPriorityGrouping                      build/stm32f4xx_hal_cortex.o
                                                  build/stm32f4xx_hal.o
HAL_NVIC_SystemReset                              build/stm32f4xx_hal_cortex.o
HAL_PWREx_ControlVoltageScaling                   build/stm32f4xx_hal_pwr_ex.o
HAL_PWREx_DisableBkUpReg                          build/stm32f4xx_hal_pwr_ex.o
HAL_PWREx_DisableFlashPowerDown                   build/stm32f4xx_hal_pwr_ex.o
HAL_PWREx_EnableBkUpReg                           build/stm32f4xx_hal_pwr_ex.o
HAL_PWREx_EnableFlashPowerDown                    build/stm32f4xx_hal_pwr_ex.o
HAL_PWREx_GetVoltageRange                         build/stm32f4xx_hal_pwr_ex.o
HAL_PWR_ConfigPVD                                 build/stm32f4xx_hal_pwr.o
HAL_PWR_DeInit                                    build/stm32f4xx_hal_pwr.o
HAL_PWR_DisableBkUpAccess                         build/stm32f4xx_hal_pwr.o
HAL_PWR_DisablePVD                                build/stm32f4xx_hal_pwr.o
HAL_PWR_DisableSEVOnPend                          build/stm32f4xx_hal_pwr.o
HAL_PWR_DisableSleepOnExit                        build/stm32f4xx_hal_pwr.o
HAL_PWR_DisableWakeUpPin                          build/stm32f4xx_hal_pwr.o
HAL_PWR_EnableBkUpAccess                          build/stm32f4xx_hal_pwr.o
HAL_PWR_EnablePVD                                 build/stm32f4xx_hal_pwr.o
HAL_PWR_EnableSEVOnPend                           build/stm32f4xx_hal_pwr.o
HAL_PWR_EnableSleepOnExit                         build/stm32f4xx_hal_pwr.o
HAL_PWR_EnableWakeUpPin                           build/stm32f4xx_hal_pwr.o
HAL_PWR_EnterSLEEPMode                            build/stm32f4xx_hal_pwr.o
HAL_PWR_EnterSTANDBYMode                          build/stm32f4xx_hal_pwr.o
HAL_PWR_EnterSTOPMode                             build/stm32f4xx_hal_pwr.o
HAL_PWR_PVDCallback                               build/stm32f4xx_hal_pwr.o
HAL_PWR_PVD_IRQHandler                            build/stm32f4xx_hal_pwr.o
HAL_RCCEx_DisablePLLI2S                           build/stm32f4xx_hal_rcc_ex.o
HAL_RCCEx_EnablePLLI2S                            build/stm32f4xx_hal_rcc_ex.o
HAL_RCCEx_GetPeriphCLKConfig                      build/stm32f4xx_hal_rcc_ex.o
HAL_RCCEx_GetPeriphCLKFreq                        build/stm32f4xx_hal_rcc_ex.o
HAL_RCCEx_PeriphCLKConfig                         build/stm32f4xx_hal_rcc_ex.o
HAL_RCC_CSSCallback                               build/stm32f4xx_hal_rcc.o
HAL_RCC_ClockConfig                               build/stm32f4xx_hal_rcc.o
                                                  build/main.o
HAL_RCC_DeInit                                    build/stm32f4xx_hal_rcc_ex.o
                                                  build/stm32f4xx_hal_rcc.o
HAL_RCC_DisableCSS                                build/stm32f4xx_hal_rcc.o
HAL_RCC_EnableCSS                                 build/stm32f4xx_hal_rcc.o
HAL_RCC_GetClockConfig                            build/stm32f4xx_hal_rcc.o
HAL_RCC_GetHCLKFreq                               build/stm32f4xx_hal_rcc.o
HAL_RCC_GetOscConfig                              build/stm32f4xx_hal_rcc.o
HAL_RCC_GetPCLK1Freq                              build/stm32f4xx_hal_rcc.o
                                                  build/stm32f4xx_hal_uart.o
                                                  build/bsp_pwm.o
HAL_RCC_GetPCLK2Freq                              build/stm32f4xx_hal_rcc.o
                                                  build/stm32f4xx_hal_uart.o
                                                  build/bsp_pwm.o
HAL_RCC_GetSysClockFreq                           build/stm32f4xx_hal_rcc.o
HAL_RCC_MCOConfig                                 build/stm32f4xx_hal_rcc.o
HAL_RCC_NMI_IRQHandler                            build/stm32f4xx_hal_rcc.o
HAL_RCC_OscConfig                                 build/stm32f4xx_hal_rcc.o
                                                  build/main.o
HAL_ResumeTick                                    build/stm32f4xx_hal.o
HAL_SYSTICK_CLKSourceConfig                       build/stm32f4xx_hal_cortex.o
HAL_SYSTICK_Callback                              build/stm32f4xx_hal_cortex.o
HAL_SYSTICK_Config                                build/stm32f4xx_hal_cortex.o
                                                  build/stm32f4xx_hal.o
HAL_SYSTICK_IRQHandler                            build/stm32f4xx_hal_cortex.o
HAL_SetTickFreq                                   build/stm32f4xx_hal.o
HAL_SuspendTick                                   build/stm32f4xx_hal.o
HAL_TIMEx_BreakCallback                           build/stm32f4xx_hal_tim_ex.o
                                                  build/stm32f4xx_hal_tim.o
HAL_TIMEx_CommutCallback                          build/stm32f4xx_hal_tim_ex.o
                                                  build/stm32f4xx_hal_tim.o
HAL_TIMEx_CommutHalfCpltCallback                  build/stm32f4xx_hal_tim_ex.o
HAL_TIMEx_ConfigBreakDeadTime                     build/stm32f4xx_hal_tim_ex.o
                                                  build/tim.o
HAL_TIMEx_ConfigCommutEvent                       build/stm32f4xx_hal_tim_ex.o
HAL_TIMEx_ConfigCommutEvent_DMA                   build/stm32f4xx_hal_tim_ex.o
HAL_TIMEx_ConfigCommutEvent_IT                    build/stm32f4xx_hal_tim_ex.o
HAL_TIMEx_GetChannelNState                        build/stm32f4xx_hal_tim_ex.o
HAL_TIMEx_HallSensor_DeInit                       build/stm32f4xx_hal_tim_ex.o
HAL_TIMEx_HallSensor_GetState                     build/stm32f4xx_hal_tim_ex.o
HAL_TIMEx_HallSensor_Init                         build/stm32f4xx_hal_tim_ex.o
HAL_TIMEx_HallSensor_MspDeInit                    build/stm32f4xx_hal_tim_ex.o
HAL_TIMEx_HallSensor_MspInit                      build/stm32f4xx_hal_tim_ex.o
HAL_TIMEx_HallSensor_Start                        build/stm32f4xx_hal_tim_ex.o
HAL_TIMEx_HallSensor_Start_DMA                    build/stm32f4xx_hal_tim_ex.o
HAL_TIMEx_HallSensor_Start_IT                     build/stm32f4xx_hal_tim_ex.o
HAL_TIMEx_HallSensor_Stop                         build/stm32f4xx_hal_tim_ex.o
HAL_TIMEx_HallSensor_Stop_DMA                     build/stm32f4xx_hal_tim_ex.o
HAL_TIMEx_HallSensor_Stop_IT                      build/stm32f4xx_hal_tim_ex.o
HAL_TIMEx_MasterConfigSynchronization             build/stm32f4xx_hal_tim_ex.o
                                                  build/tim.o
HAL_TIMEx_OCN_Start                               build/stm32f4xx_hal_tim_ex.o
HAL_TIMEx_OCN_Start_DMA                           build/stm32f4xx_hal_tim_ex.o
HAL_TIMEx_OCN_Start_IT                            build/stm32f4xx_hal_tim_ex.o
HAL_TIMEx_OCN_Stop                                build/stm32f4xx_hal_tim_ex.o
HAL_TIMEx_OCN_Stop_DMA                            build/stm32f4xx_hal_tim_ex.o
HAL_TIMEx_OCN_Stop_IT                             build/stm32f4xx_hal_tim_ex.o
HAL_TIMEx_OnePulseN_Start                         build/stm32f4xx_hal_tim_ex.o
HAL_TIMEx_OnePulseN_Start_IT                      build/stm32f4xx_hal_tim_ex.o
HAL_TIMEx_OnePulseN_Stop                          build/stm32f4xx_hal_tim_ex.o
HAL_TIMEx_OnePulseN_Stop_IT                       build/stm32f4xx_hal_tim_ex.o
HAL_TIMEx_PWMN_Start                              build/stm32f4xx_hal_tim_ex.o
HAL_TIMEx_PWMN_Start_DMA                          build/stm32f4xx_hal_tim_ex.o
HAL_TIMEx_PWMN_Start_IT                           build/stm32f4xx_hal_tim_ex.o
HAL_TIMEx_PWMN_Stop                               build/stm32f4xx_hal_tim_ex.o
HAL_TIMEx_PWMN_Stop_DMA                           build/stm32f4xx_hal_tim_ex.o
HAL_TIMEx_PWMN_Stop_IT                            build/stm32f4xx_hal_tim_ex.o
HAL_TIMEx_RemapConfig                             build/stm32f4xx_hal_tim_ex.o
HAL_TIM_Base_DeInit                               build/stm32f4xx_hal_tim.o
HAL_TIM_Base_GetState                             build/stm32f4xx_hal_tim.o
HAL_TIM_Base_Init                                 build/stm32f4xx_hal_tim.o
                                                  build/tim.o
HAL_TIM_Base_MspDeInit                            build/tim.o
HAL_TIM_Base_MspInit                              build/tim.o
HAL_TIM_Base_Start                                build/stm32f4xx_hal_tim.o
HAL_TIM_Base_Start_DMA                            build/stm32f4xx_hal_tim.o
HAL_TIM_Base_Start_IT                             build/stm32f4xx_hal_tim.o
HAL_TIM_Base_Stop                                 build/stm32f4xx_hal_tim.o
HAL_TIM_Base_Stop_DMA                             build/stm32f4xx_hal_tim.o
HAL_TIM_Base_Stop_IT                              build/stm32f4xx_hal_tim.o
HAL_TIM_ConfigClockSource                         build/stm32f4xx_hal_tim.o
                                                  build/tim.o
HAL_TIM_ConfigOCrefClear                          build/stm32f4xx_hal_tim.o
HAL_TIM_ConfigTI1Input                            build/stm32f4xx_hal_tim.o
HAL_TIM_DMABurstState                             build/stm32f4xx_hal_tim.o
HAL_TIM_DMABurst_MultiReadStart                   build/stm32f4xx_hal_tim.o
HAL_TIM_DMABurst_MultiWriteStart                  build/stm32f4xx_hal_tim.o
HAL_TIM_DMABurst_ReadStart                        build/stm32f4xx_hal_tim.o
HAL_TIM_DMABurst_ReadStop                         build/stm32f4xx_hal_tim.o
HAL_TIM_DMABurst_WriteStart                       build/stm32f4xx_hal_tim.o
HAL_TIM_DMABurst_WriteStop                        build/stm32f4xx_hal_tim.o
HAL_TIM_Encoder_DeInit                            build/stm32f4xx_hal_tim.o
HAL_TIM_Encoder_GetState                          build/stm32f4xx_hal_tim.o
HAL_TIM_Encoder_Init                              build/stm32f4xx_hal_tim.o
HAL_TIM_Encoder_MspDeInit                         build/stm32f4xx_hal_tim.o
HAL_TIM_Encoder_MspInit                           build/stm32f4xx_hal_tim.o
HAL_TIM_Encoder_Start                             build/stm32f4xx_hal_tim.o
HAL_TIM_Encoder_Start_DMA                         build/stm32f4xx_hal_tim.o
HAL_TIM_Encoder_Start_IT                          build/stm32f4xx_hal_tim.o
HAL_TIM_Encoder_Stop                              build/stm32f4xx_hal_tim.o
HAL_TIM_Encoder_Stop_DMA                          build/stm32f4xx_hal_tim.o
HAL_TIM_Encoder_Stop_IT                           build/stm32f4xx_hal_tim.o
HAL_TIM_ErrorCallback                             build/stm32f4xx_hal_tim.o
                                                  build/stm32f4xx_hal_tim_ex.o
HAL_TIM_GenerateEvent                             build/stm32f4xx_hal_tim.o